 engine

 Timestamp is 5b12d0d9 (Sat Jun  2 19:16:09 2018)

 Preferred load address is 0000000180000000

 Start         Length     Name                   Class
 0001:00000000 0000c8b0H .text$mn                CODE
 0001:0000c8b0 00000020H .text$mn$00             CODE
 0001:0000c8d0 00000260H .text$x                 CODE
 0002:00000000 00000248H .idata$5                DATA
 0002:00000248 00000010H .00cfg                  DATA
 0002:00000258 00000008H .CRT$XCA                DATA
 0002:00000260 00000008H .CRT$XCU                DATA
 0002:00000268 00000008H .CRT$XCZ                DATA
 0002:00000270 00000008H .CRT$XIA                DATA
 0002:00000278 00000018H .CRT$XIC                DATA
 0002:00000290 00000008H .CRT$XIZ                DATA
 0002:00000298 00000008H .CRT$XPA                DATA
 0002:000002a0 00000010H .CRT$XPX                DATA
 0002:000002b0 00000008H .CRT$XPXA               DATA
 0002:000002b8 00000008H .CRT$XPZ                DATA
 0002:000002c0 00000008H .CRT$XTA                DATA
 0002:000002c8 00000008H .CRT$XTZ                DATA
 0002:000002d0 000071b8H .rdata                  DATA
 0002:00007488 00000384H .rdata$r                DATA
 0002:0000780c 000003d4H .rdata$zzzdbg           DATA
 0002:00007be0 00000008H .rtc$IAA                DATA
 0002:00007be8 00000008H .rtc$IZZ                DATA
 0002:00007bf0 00000008H .rtc$TAA                DATA
 0002:00007bf8 00000008H .rtc$TZZ                DATA
 0002:00007c00 00000c30H .xdata                  DATA
 0002:00008830 000001e4H .xdata$x                DATA
 0002:00008a14 00000020H .didat$2                DATA
 0002:00008a34 00000024H .didat$3                DATA
 0002:00008a58 000000f0H .didat$4                DATA
 0002:00008b48 000007a0H .didat$6                DATA
 0002:000092e8 000000f8H .didat$7                DATA
 0002:000093e0 00000050H .edata                  DATA
 0002:00009430 00000014H .idata$2                DATA
 0002:00009444 00000014H .idata$3                DATA
 0002:00009458 00000248H .idata$4                DATA
 0002:000096a0 0000054eH .idata$6                DATA
 0003:00000000 00000920H .data                   DATA
 0003:00000920 00000118H .data$r                 DATA
 0003:00000a38 000000f8H .didat$5                DATA
 0003:00000b30 000011f0H .bss                    DATA
 0004:00000000 00000f18H .pdata                  DATA
 0005:00000000 00000080H .gfids$x                DATA
 0005:00000080 00000048H .gfids$y                DATA
 0006:00000000 00000060H .rsrc$01                DATA
 0006:00000060 00000180H .rsrc$02                DATA

  Address         Publics by Value              Rva+Base               Lib:Object

 0000:00000000       __guard_iat_count          0000000000000000     <absolute>
 0000:00000000       __dynamic_value_reloc_table 0000000000000000     <absolute>
 0000:00000000       __guard_iat_table          0000000000000000     <absolute>
 0000:00000000       __guard_longjmp_table      0000000000000000     <absolute>
 0000:00000000       __guard_longjmp_count      0000000000000000     <absolute>
 0000:00000000       __guard_fids_count         0000000000000000     <absolute>
 0000:00000000       ___safe_se_handler_table   0000000000000000     <absolute>
 0000:00000000       ___safe_se_handler_count   0000000000000000     <absolute>
 0000:00000000       __guard_fids_table         0000000000000000     <absolute>
 0000:00000100       __guard_flags              0000000000000100     <absolute>
 0000:00000000       __ImageBase                0000000180000000     <linker-defined>
 0001:000000d0       ?New@?$Factory@VFunctionTemplate@v8@@@imp@Nan@@SA?AV?$Local@VFunctionTemplate@v8@@@v8@@P6AXAEBV?$FunctionCallbackInfo@VValue@v8@@@3@@ZV?$Local@VValue@v8@@@5@V?$Local@VSignature@v8@@@5@@Z 00000001800010d0 f i engine.obj
 0001:00000250       ?ThrowTypeError@Nan@@YAXPEBD@Z 0000000180001250 f i engine.obj
 0001:000002e0       ?alphaBeta@@YAHPEA_NAEAV?$vector@HV?$allocator@H@std@@@std@@HHAEAHHH_NHH@Z 00000001800012e0 f   engine.obj
 0001:00000c00       ?findBestMove@@YAHPEA_NHHH_NH1@Z 0000000180001c00 f   engine.obj
 0001:00001210       ?Pow@@YAXAEBV?$FunctionCallbackInfo@VValue@v8@@@Nan@@@Z 0000000180002210 f   engine.obj
 0001:00001530       ?Init@@YAXV?$Local@VObject@v8@@@v8@@@Z 0000000180002530 f   engine.obj
 0001:000015c0       ?assign@?$basic_string@DU?$char_traits@D@std@@V?$allocator@D@2@@std@@QEAAAEAV12@PEBD_K@Z 00000001800025c0 f i engine.obj
 0001:000016f0       ?assign@?$basic_string@DU?$char_traits@D@std@@V?$allocator@D@2@@std@@QEAAAEAV12@AEBV12@_K1@Z 00000001800026f0 f i engine.obj
 0001:00001820       ?allocate@?$_Wrap_alloc@V?$allocator@H@std@@@std@@QEAAPEAH_K@Z 0000000180002820 f i engine.obj
 0001:00001890       ?_Reallocate@?$vector@HV?$allocator@H@std@@@std@@IEAAX_K@Z 0000000180002890 f i engine.obj
 0001:000019d0       ?erase@?$basic_string@DU?$char_traits@D@std@@V?$allocator@D@2@@std@@QEAAAEAV12@_K0@Z 00000001800029d0 f i engine.obj
 0001:00001a70       ?_Copy@?$basic_string@DU?$char_traits@D@std@@V?$allocator@D@2@@std@@QEAAX_K0@Z 0000000180002a70 f i engine.obj
 0001:00001c3c       __imp_load_?Value@External@v8@@QEBAPEAXXZ 0000000180002c3c f   node:node.exe
 0001:00001c48       __tailMerge_node_exe       0000000180002c48 f i node:node.exe
 0001:00001cc1       __imp_load_?New@External@v8@@SA?AV?$Local@VExternal@v8@@@2@PEAVIsolate@2@PEAX@Z 0000000180002cc1 f   node:node.exe
 0001:00001ccd       __imp_load_?New@Integer@v8@@SA?AV?$Local@VInteger@v8@@@2@PEAVIsolate@2@H@Z 0000000180002ccd f   node:node.exe
 0001:00001cd9       __imp_load_?ThrowException@Isolate@v8@@QEAA?AV?$Local@VValue@v8@@@2@V32@@Z 0000000180002cd9 f   node:node.exe
 0001:00001ce5       __imp_load_?GetCurrentContext@Isolate@v8@@QEAA?AV?$Local@VContext@v8@@@2@XZ 0000000180002ce5 f   node:node.exe
 0001:00001cf1       __imp_load_?GetCurrent@Isolate@v8@@SAPEAV12@XZ 0000000180002cf1 f   node:node.exe
 0001:00001cfd       __imp_load_?CreateHandle@HandleScope@v8@@KAPEAPEAVObject@internal@2@PEAVIsolate@42@PEAV342@@Z 0000000180002cfd f   node:node.exe
 0001:00001d09       __imp_load_?CreateHandle@HandleScope@v8@@CAPEAPEAVObject@internal@2@PEAVHeapObject@42@PEAV342@@Z 0000000180002d09 f   node:node.exe
 0001:00001d15       __imp_load_??1HandleScope@v8@@QEAA@XZ 0000000180002d15 f   node:node.exe
 0001:00001d21       __imp_load_??0HandleScope@v8@@QEAA@PEAVIsolate@1@@Z 0000000180002d21 f   node:node.exe
 0001:00001d2d       __imp_load_?TypeError@Exception@v8@@SA?AV?$Local@VValue@v8@@@2@V?$Local@VString@v8@@@2@@Z 0000000180002d2d f   node:node.exe
 0001:00001d39       __imp_load_?GetFunction@FunctionTemplate@v8@@QEAA?AV?$Local@VFunction@v8@@@2@XZ 0000000180002d39 f   node:node.exe
 0001:00001d45       __imp_load_?New@FunctionTemplate@v8@@SA?AV?$Local@VFunctionTemplate@v8@@@2@PEAVIsolate@2@P6AXAEBV?$FunctionCallbackInfo@VValue@v8@@@2@@ZV?$Local@VValue@v8@@@2@V?$Local@VSignature@v8@@@2@HW4ConstructorBehavior@2@@Z 0000000180002d45 f   node:node.exe
 0001:00001d51       __imp_load_?ToLocalEmpty@V8@v8@@CAXXZ 0000000180002d51 f   node:node.exe
 0001:00001d5d       __imp_load_?NumberValue@Value@v8@@QEBANXZ 0000000180002d5d f   node:node.exe
 0001:00001d69       __imp_load_?ToInt32@Value@v8@@QEBA?AV?$MaybeLocal@VInt32@v8@@@2@V?$Local@VContext@v8@@@2@@Z 0000000180002d69 f   node:node.exe
 0001:00001d75       __imp_load_?Escape@EscapableHandleScope@v8@@AEAAPEAPEAVObject@internal@2@PEAPEAV342@@Z 0000000180002d75 f   node:node.exe
 0001:00001d81       __imp_load_??0EscapableHandleScope@v8@@QEAA@PEAVIsolate@1@@Z 0000000180002d81 f   node:node.exe
 0001:00001d8d       __imp_load_??1Utf8Value@String@v8@@QEAA@XZ 0000000180002d8d f   node:node.exe
 0001:00001d99       __imp_load_??0Utf8Value@String@v8@@QEAA@V?$Local@VValue@v8@@@2@@Z 0000000180002d99 f   node:node.exe
 0001:00001da5       __imp_load_?NewFromUtf8@String@v8@@SA?AV?$MaybeLocal@VString@v8@@@2@PEAVIsolate@2@PEBDW4NewStringType@2@H@Z 0000000180002da5 f   node:node.exe
 0001:00001db1       __imp_load_?SlowGetInternalField@Object@v8@@AEAA?AV?$Local@VValue@v8@@@2@H@Z 0000000180002db1 f   node:node.exe
 0001:00001dbd       __imp_load_?SetInternalField@Object@v8@@QEAAXHV?$Local@VValue@v8@@@2@@Z 0000000180002dbd f   node:node.exe
 0001:00001dc9       __imp_load_?Set@Object@v8@@QEAA_NV?$Local@VValue@v8@@@2@0@Z 0000000180002dc9 f   node:node.exe
 0001:00001dd5       __imp_load_?SetInternalFieldCount@ObjectTemplate@v8@@QEAAXH@Z 0000000180002dd5 f   node:node.exe
 0001:00001de1       __imp_load_?NewInstance@ObjectTemplate@v8@@QEAA?AV?$MaybeLocal@VObject@v8@@@2@V?$Local@VContext@v8@@@2@@Z 0000000180002de1 f   node:node.exe
 0001:00001ded       __imp_load_?New@ObjectTemplate@v8@@SA?AV?$Local@VObjectTemplate@v8@@@2@PEAVIsolate@2@V?$Local@VFunctionTemplate@v8@@@2@@Z 0000000180002ded f   node:node.exe
 0001:00001df9       __imp_load_node_module_register 0000000180002df9 f   node:node.exe
 0001:00001e05       __imp_load_?ToString@Value@v8@@QEBA?AV?$Local@VString@v8@@@2@XZ 0000000180002e05 f   node:node.exe
 0001:00001e14       ??0bad_alloc@std@@QEAA@AEBV01@@Z 0000000180002e14 f i libcpmt:xthrow.obj
 0001:00001e54       ??0bad_alloc@std@@QEAA@XZ  0000000180002e54 f i libcpmt:xthrow.obj
 0001:00001e74       ??0exception@std@@QEAA@AEBV01@@Z 0000000180002e74 f i libcpmt:xthrow.obj
 0001:00001eac       ??0length_error@std@@QEAA@AEBV01@@Z 0000000180002eac f i libcpmt:xthrow.obj
 0001:00001eec       ??0length_error@std@@QEAA@PEBD@Z 0000000180002eec f i libcpmt:xthrow.obj
 0001:00001f38       ??0logic_error@std@@QEAA@AEBV01@@Z 0000000180002f38 f i libcpmt:xthrow.obj
 0001:00001f78       ??0out_of_range@std@@QEAA@AEBV01@@Z 0000000180002f78 f i libcpmt:xthrow.obj
 0001:00001fb8       ??0out_of_range@std@@QEAA@PEBD@Z 0000000180002fb8 f i libcpmt:xthrow.obj
 0001:00002004       ??1bad_alloc@std@@UEAA@XZ  0000000180003004 f i libcpmt:xthrow.obj
 0001:00002004       ??1bad_array_new_length@std@@UEAA@XZ 0000000180003004 f i LIBCMT:throw_bad_alloc.obj
 0001:00002004       ??1out_of_range@std@@UEAA@XZ 0000000180003004 f i libcpmt:xthrow.obj
 0001:00002004       ??1length_error@std@@UEAA@XZ 0000000180003004 f i libcpmt:xthrow.obj
 0001:00002018       ??_Gexception@std@@UEAAPEAXI@Z 0000000180003018 f i libcpmt:xthrow.obj
 0001:00002018       ??_Gout_of_range@std@@UEAAPEAXI@Z 0000000180003018 f i libcpmt:xthrow.obj
 0001:00002018       ??_Ebad_array_new_length@std@@UEAAPEAXI@Z 0000000180003018 f i LIBCMT:throw_bad_alloc.obj
 0001:00002018       ??_Ebad_alloc@std@@UEAAPEAXI@Z 0000000180003018 f i libcpmt:xthrow.obj
 0001:00002018       ??_Gbad_alloc@std@@UEAAPEAXI@Z 0000000180003018 f i libcpmt:xthrow.obj
 0001:00002018       ??_Glength_error@std@@UEAAPEAXI@Z 0000000180003018 f i libcpmt:xthrow.obj
 0001:00002018       ??_Eexception@std@@UEAAPEAXI@Z 0000000180003018 f i libcpmt:xthrow.obj
 0001:00002018       ??_Elength_error@std@@UEAAPEAXI@Z 0000000180003018 f i libcpmt:xthrow.obj
 0001:00002018       ??_Eout_of_range@std@@UEAAPEAXI@Z 0000000180003018 f i libcpmt:xthrow.obj
 0001:00002018       ??_Glogic_error@std@@UEAAPEAXI@Z 0000000180003018 f i libcpmt:xthrow.obj
 0001:00002018       ??_Gbad_array_new_length@std@@UEAAPEAXI@Z 0000000180003018 f i LIBCMT:throw_bad_alloc.obj
 0001:00002018       ??_Elogic_error@std@@UEAAPEAXI@Z 0000000180003018 f i libcpmt:xthrow.obj
 0001:0000205c       ?_Xbad_alloc@std@@YAXXZ    000000018000305c f   libcpmt:xthrow.obj
 0001:0000205c       ?__scrt_throw_std_bad_alloc@@YAXXZ 000000018000305c f   LIBCMT:throw_bad_alloc.obj
 0001:0000207c       ?_Xlength_error@std@@YAXPEBD@Z 000000018000307c f   libcpmt:xthrow.obj
 0001:000020a0       ?_Xout_of_range@std@@YAXPEBD@Z 00000001800030a0 f   libcpmt:xthrow.obj
 0001:000020c4       ?what@exception@std@@UEBAPEBDXZ 00000001800030c4 f i libcpmt:xthrow.obj
 0001:000020f0       __security_check_cookie    00000001800030f0 f   LIBCMT:_amdsecgs_.obj
 0001:00002114       ??2@YAPEAX_K@Z             0000000180003114 f   LIBCMT:new_scalar.obj
 0001:00002150       ??3@YAXPEAX@Z              0000000180003150 f   LIBCMT:delete_scalar.obj
 0001:00002158       ??3@YAXPEAX_K@Z            0000000180003158 f   LIBCMT:delete_scalar_size.obj
 0001:00002160       ??_U@YAPEAX_K@Z            0000000180003160 f   LIBCMT:new_array.obj
 0001:000024b4       _DllMainCRTStartup         00000001800034b4 f   LIBCMT:dll_dllmain.obj
 0001:000024f4       ??_Gtype_info@@UEAAPEAXI@Z 00000001800034f4 f i LIBCMT:std_type_info_static.obj
 0001:000024f4       ??_Etype_info@@UEAAPEAXI@Z 00000001800034f4 f i LIBCMT:std_type_info_static.obj
 0001:00002520       __raise_securityfailure    0000000180003520 f   LIBCMT:gs_report.obj
 0001:00002554       __report_gsfailure         0000000180003554 f   LIBCMT:gs_report.obj
 0001:00002628       __report_rangecheckfailure 0000000180003628 f   LIBCMT:gs_report.obj
 0001:0000263c       __report_securityfailure   000000018000363c f   LIBCMT:gs_report.obj
 0001:000027bc       ??0bad_array_new_length@std@@QEAA@AEBV01@@Z 00000001800037bc f i LIBCMT:throw_bad_alloc.obj
 0001:000027fc       ??0bad_array_new_length@std@@QEAA@XZ 00000001800037fc f i LIBCMT:throw_bad_alloc.obj
 0001:0000281c       ?__scrt_throw_std_bad_array_new_length@@YAXXZ 000000018000381c f   LIBCMT:throw_bad_alloc.obj
 0001:0000283c       __scrt_acquire_startup_lock 000000018000383c f   LIBCMT:utility.obj
 0001:00002878       __scrt_dllmain_after_initialize_c 0000000180003878 f   LIBCMT:utility.obj
 0001:000028ac       __scrt_dllmain_before_initialize_c 00000001800038ac f   LIBCMT:utility.obj
 0001:000028c4       __scrt_dllmain_crt_thread_attach 00000001800038c4 f   LIBCMT:utility.obj
 0001:000028ec       __scrt_dllmain_crt_thread_detach 00000001800038ec f   LIBCMT:utility.obj
 0001:00002904       __scrt_dllmain_exception_filter 0000000180003904 f   LIBCMT:utility.obj
 0001:00002968       __scrt_dllmain_uninitialize_c 0000000180003968 f   LIBCMT:utility.obj
 0001:00002998       __scrt_dllmain_uninitialize_critical 0000000180003998 f   LIBCMT:utility.obj
 0001:000029ac       __scrt_initialize_crt      00000001800039ac f   LIBCMT:utility.obj
 0001:000029f8       __scrt_initialize_onexit_tables 00000001800039f8 f   LIBCMT:utility.obj
 0001:00002ac4       __scrt_is_nonwritable_in_current_image 0000000180003ac4 f   LIBCMT:utility.obj
 0001:00002b60       __scrt_release_startup_lock 0000000180003b60 f   LIBCMT:utility.obj
 0001:00002b84       __scrt_uninitialize_crt    0000000180003b84 f   LIBCMT:utility.obj
 0001:00002bb0       _onexit                    0000000180003bb0 f   LIBCMT:utility.obj
 0001:00002c00       atexit                     0000000180003c00 f   LIBCMT:utility.obj
 0001:00002c18       __security_init_cookie     0000000180003c18 f   LIBCMT:gs_support.obj
 0001:00002cc4       DllMain                    0000000180003cc4 f   LIBCMT:dll_dllmain_stub.obj
 0001:00002cc4       _get_startup_argv_mode     0000000180003cc4 f   LIBCMT:argv_mode.obj
 0001:00002ccc       ?__scrt_initialize_type_info@@YAXXZ 0000000180003ccc f   LIBCMT:tncleanup.obj
 0001:00002cdc       ?__scrt_uninitialize_type_info@@YAXXZ 0000000180003cdc f   LIBCMT:tncleanup.obj
 0001:00002ce8       __local_stdio_printf_options 0000000180003ce8 f i LIBCMT:default_local_stdio_options.obj
 0001:00002cf0       __local_stdio_scanf_options 0000000180003cf0 f i LIBCMT:default_local_stdio_options.obj
 0001:00002cf8       __scrt_initialize_default_local_stdio_options 0000000180003cf8 f   LIBCMT:default_local_stdio_options.obj
 0001:00002d14       __scrt_get_dyn_tls_init_callback 0000000180003d14 f   LIBCMT:dyn_tls_init.obj
 0001:00002d1c       __crt_debugger_hook        0000000180003d1c f   LIBCMT:utility_desktop.obj
 0001:00002d24       __scrt_fastfail            0000000180003d24 f   LIBCMT:utility_desktop.obj
 0001:00002e6c       _RTC_Initialize            0000000180003e6c f   LIBCMT:_initsect_.obj
 0001:00002eb8       _RTC_Terminate             0000000180003eb8 f   LIBCMT:_initsect_.obj
 0001:00002f04       _guard_check_icall         0000000180003f04 f i LIBCMT:checkcfg.obj
 0001:00002f0c       __isa_available_init       0000000180003f0c f   LIBCMT:_cpu_disp_.obj
 0001:000030d4       __scrt_is_ucrt_dll_in_use  00000001800040d4 f   LIBCMT:ucrt_detection.obj
 0001:000030f0       memcpy                     00000001800040f0 f   libvcruntime:memcpy.obj
 0001:000030f0       memmove                    00000001800040f0 f   libvcruntime:memcpy.obj
 0001:00003528       __std_exception_copy       0000000180004528 f   libvcruntime:std_exception.obj
 0001:000035b8       __std_exception_destroy    00000001800045b8 f   libvcruntime:std_exception.obj
 0001:000035e0       _CxxThrowException         00000001800045e0 f   libvcruntime:throw.obj
 0001:000036b8       __C_specific_handler       00000001800046b8 f   libvcruntime:_chandler_.obj
 0001:000038b4       __vcrt_initialize          00000001800048b4 f   libvcruntime:initialization.obj
 0001:000038e8       __vcrt_thread_attach       00000001800048e8 f   libvcruntime:initialization.obj
 0001:000038fc       __vcrt_thread_detach       00000001800048fc f   libvcruntime:initialization.obj
 0001:00003910       __vcrt_uninitialize        0000000180004910 f   libvcruntime:initialization.obj
 0001:00003930       __vcrt_uninitialize_critical 0000000180004930 f   libvcruntime:initialization.obj
 0001:00003940       __std_type_info_destroy_list 0000000180004940 f   libvcruntime:std_type_info.obj
 0001:00003980       memset                     0000000180004980 f   libvcruntime:memset.obj
 0001:00003b30       _local_unwind              0000000180004b30 f   libvcruntime:_jmpuwind_.obj
 0001:00003b60       _NLG_Notify                0000000180004b60 f   libvcruntime:_jmpuwind_.obj
 0001:00003b80       __NLG_Dispatch2            0000000180004b80 f   libvcruntime:_jmpuwind_.obj
 0001:00003b90       __NLG_Return2              0000000180004b90 f   libvcruntime:_jmpuwind_.obj
 0001:00003b94       _guard_check_icall_nop     0000000180004b94 f   LIBCMT:guard_support.obj
 0001:00003b94       __except_validate_context_record 0000000180004b94 f   libvcruntime:jbcxrval.obj
 0001:00003b98       __vcrt_freefls             0000000180004b98 f   libvcruntime:per_thread_data.obj
 0001:00003bb8       __vcrt_freeptd             0000000180004bb8 f   libvcruntime:per_thread_data.obj
 0001:00003c08       __vcrt_getptd_noexit       0000000180004c08 f   libvcruntime:per_thread_data.obj
 0001:00003cc0       __vcrt_initialize_ptd      0000000180004cc0 f   libvcruntime:per_thread_data.obj
 0001:00003d00       __vcrt_uninitialize_ptd    0000000180004d00 f   libvcruntime:per_thread_data.obj
 0001:00003d24       __vcrt_initialize_locks    0000000180004d24 f   libvcruntime:locks.obj
 0001:00003d6c       __vcrt_uninitialize_locks  0000000180004d6c f   libvcruntime:locks.obj
 0001:00003f6c       __vcrt_FlsAlloc            0000000180004f6c f   libvcruntime:winapi_downlevel.obj
 0001:00003fc0       __vcrt_FlsFree             0000000180004fc0 f   libvcruntime:winapi_downlevel.obj
 0001:00004014       __vcrt_FlsGetValue         0000000180005014 f   libvcruntime:winapi_downlevel.obj
 0001:00004068       __vcrt_FlsSetValue         0000000180005068 f   libvcruntime:winapi_downlevel.obj
 0001:000040d0       __vcrt_InitializeCriticalSectionEx 00000001800050d0 f   libvcruntime:winapi_downlevel.obj
 0001:00004148       __vcrt_initialize_winapi_thunks 0000000180005148 f   libvcruntime:winapi_downlevel.obj
 0001:00004194       __vcrt_uninitialize_winapi_thunks 0000000180005194 f   libvcruntime:winapi_downlevel.obj
 0001:000041d4       __vcrt_initialize_pure_virtual_call_handler 00000001800051d4 f   libvcruntime:purevirt_data.obj
 0001:000041f8       __acrt_call_reportfault    00000001800051f8 f   libucrt:invalid_parameter.obj
 0001:00004354       __acrt_initialize_invalid_parameter_handler 0000000180005354 f   libucrt:invalid_parameter.obj
 0001:0000435c       _invalid_parameter         000000018000535c f   libucrt:invalid_parameter.obj
 0001:00004404       _invalid_parameter_noinfo  0000000180005404 f   libucrt:invalid_parameter.obj
 0001:00004424       _invalid_parameter_noinfo_noreturn 0000000180005424 f   libucrt:invalid_parameter.obj
 0001:00004454       _invoke_watson             0000000180005454 f   libucrt:invalid_parameter.obj
 0001:0000449c       ??0_LocaleUpdate@@QEAA@QEAU__crt_locale_pointers@@@Z 000000018000549c f i libucrt:stricmp.obj
 0001:0000452c       __ascii_stricmp            000000018000552c f   libucrt:stricmp.obj
 0001:00004568       _stricmp                   0000000180005568 f   libucrt:stricmp.obj
 0001:000045b0       _stricmp_l                 00000001800055b0 f   libucrt:stricmp.obj
 0001:00004664       __acrt_initialize_new_handler 0000000180005664 f   libucrt:new_handler.obj
 0001:0000466c       _callnewh                  000000018000566c f   libucrt:new_handler.obj
 0001:000046ac       _query_new_handler         00000001800056ac f   libucrt:new_handler.obj
 0001:000046e0       malloc                     00000001800056e0 f   libucrt:malloc.obj
 0001:000046e8       free                       00000001800056e8 f   libucrt:free.obj
 0001:000046f0       _initterm                  00000001800056f0 f   libucrt:initterm.obj
 0001:00004768       _initterm_e                0000000180005768 f   libucrt:initterm.obj
 0001:000047b4       _seh_filter_dll            00000001800057b4 f   libucrt:exception_filter.obj
 0001:000047c8       _seh_filter_exe            00000001800057c8 f   libucrt:exception_filter.obj
 0001:00004b88       __acrt_initialize_thread_local_exit_callback 0000000180005b88 f   libucrt:exit.obj
 0001:00004b90       _cexit                     0000000180005b90 f   libucrt:exit.obj
 0001:00004ba0       _exit                      0000000180005ba0 f   libucrt:exit.obj
 0001:00004bac       _is_c_termination_complete 0000000180005bac f   libucrt:exit.obj
 0001:00004d70       __acrt_allocate_buffer_for_argv 0000000180005d70 f   libucrt:argv_parsing.obj
 0001:00004dd4       _configure_narrow_argv     0000000180005dd4 f   libucrt:argv_parsing.obj
 0001:00005130       __dcrt_uninitialize_environments_nolock 0000000180006130 f   libucrt:environment_initialization.obj
 0001:00005168       _initialize_narrow_environment 0000000180006168 f   libucrt:environment_initialization.obj
 0001:00005170       ??$?RV<lambda_b8c45f8f788dd370798f47cfe8ac3a86>@@AEAV<lambda_4e60a939b0d047cfe11ddc22648dfba9>@@V<lambda_332c3edc96d0294ec56c57d38c1cdfd5>@@@?$__crt_seh_guarded_call@H@@QEAAH$$QEAV<lambda_b8c45f8f788dd370798f47cfe8ac3a86>@@AEAV<lambda_4e60a939b0d047cfe11ddc22648dfba9>@@$$QEAV<lambda_332c3edc96d0294ec56c57d38c1cdfd5>@@@Z 0000000180006170 f i libucrt:onexit.obj
 0001:000051ac       ??$?RV<lambda_e24bbb7b643b32fcea6fa61b31d4c984>@@AEAV<lambda_275893d493268fdec8709772e3fcec0e>@@V<lambda_9d71df4d7cf3f480f8d633942495c3b0>@@@?$__crt_seh_guarded_call@H@@QEAAH$$QEAV<lambda_e24bbb7b643b32fcea6fa61b31d4c984>@@AEAV<lambda_275893d493268fdec8709772e3fcec0e>@@$$QEAV<lambda_9d71df4d7cf3f480f8d633942495c3b0>@@@Z 00000001800061ac f i libucrt:onexit.obj
 0001:00005528       _crt_atexit                0000000180006528 f   libucrt:onexit.obj
 0001:00005538       _execute_onexit_table      0000000180006538 f   libucrt:onexit.obj
 0001:00005574       _initialize_onexit_table   0000000180006574 f   libucrt:onexit.obj
 0001:000055b4       _register_onexit_function  00000001800065b4 f   libucrt:onexit.obj
 0001:00005644       __acrt_uninitialize_command_line 0000000180006644 f   libucrt:argv_data.obj
 0001:00005734       __acrt_initialize          0000000180006734 f   libucrt:initialization.obj
 0001:00005748       __acrt_thread_attach       0000000180006748 f   libucrt:initialization.obj
 0001:0000575c       __acrt_thread_detach       000000018000675c f   libucrt:initialization.obj
 0001:0000576c       __acrt_uninitialize        000000018000676c f   libucrt:initialization.obj
 0001:00005780       __acrt_uninitialize_critical 0000000180006780 f   libucrt:initialization.obj
 0001:00005790       terminate                  0000000180006790 f   libucrt:terminate.obj
 0001:000057b8       strcpy_s                   00000001800067b8 f   libucrt:strcpy_s.obj
 0001:00005818       _free_base                 0000000180006818 f   libucrt:free_base.obj
 0001:00005858       _malloc_base               0000000180006858 f   libucrt:malloc_base.obj
 0001:000058b8       abort                      00000001800068b8 f   libucrt:abort.obj
 0001:00005910       _calloc_base               0000000180006910 f   libucrt:calloc_base.obj
 0001:00005988       ??$?RV<lambda_46352004c1216016012b18bd6f87e700>@@AEAV<lambda_3bd07e1a1191394380780325891bf33f>@@V<lambda_334532d3f185bcaa59b5be82d7d22bff>@@@?$__crt_seh_guarded_call@X@@QEAAX$$QEAV<lambda_46352004c1216016012b18bd6f87e700>@@AEAV<lambda_3bd07e1a1191394380780325891bf33f>@@$$QEAV<lambda_334532d3f185bcaa59b5be82d7d22bff>@@@Z 0000000180006988 f i libucrt:per_thread_data.obj
 0001:000059e8       ??$?RV<lambda_5e887d1dcbef67a5eb4283622ba103bf>@@AEAV<lambda_4466841279450cc726390878d4a41900>@@V<lambda_341c25c0346d94847f1f3c463c57e077>@@@?$__crt_seh_guarded_call@X@@QEAAX$$QEAV<lambda_5e887d1dcbef67a5eb4283622ba103bf>@@AEAV<lambda_4466841279450cc726390878d4a41900>@@$$QEAV<lambda_341c25c0346d94847f1f3c463c57e077>@@@Z 00000001800069e8 f i libucrt:per_thread_data.obj
 0001:00005a30       ??$?RV<lambda_72d1df2b273a38828b1ce30cbf4cdab5>@@AEAV<lambda_876a65b173b8412d3a47c70a915b0cf4>@@V<lambda_41932305e351933ebe8f8be3ed8bb5dc>@@@?$__crt_seh_guarded_call@X@@QEAAX$$QEAV<lambda_72d1df2b273a38828b1ce30cbf4cdab5>@@AEAV<lambda_876a65b173b8412d3a47c70a915b0cf4>@@$$QEAV<lambda_41932305e351933ebe8f8be3ed8bb5dc>@@@Z 0000000180006a30 f i libucrt:per_thread_data.obj
 0001:00005a70       ??$?RV<lambda_fb3a7dec4e47f37f22dae91bb15c9095>@@AEAV<lambda_698284760c8add0bfb0756c19673e34b>@@V<lambda_dfb8eca1e75fef3034a8fb18dd509707>@@@?$__crt_seh_guarded_call@X@@QEAAX$$QEAV<lambda_fb3a7dec4e47f37f22dae91bb15c9095>@@AEAV<lambda_698284760c8add0bfb0756c19673e34b>@@$$QEAV<lambda_dfb8eca1e75fef3034a8fb18dd509707>@@@Z 0000000180006a70 f i libucrt:per_thread_data.obj
 0001:00005d00       __acrt_freeptd             0000000180006d00 f   libucrt:per_thread_data.obj
 0001:00005d44       __acrt_getptd              0000000180006d44 f   libucrt:per_thread_data.obj
 0001:00005dd8       __acrt_getptd_noexit       0000000180006dd8 f   libucrt:per_thread_data.obj
 0001:00005e78       __acrt_initialize_ptd      0000000180006e78 f   libucrt:per_thread_data.obj
 0001:00005eb4       __acrt_uninitialize_ptd    0000000180006eb4 f   libucrt:per_thread_data.obj
 0001:00005ed8       __acrt_errno_from_os_error 0000000180006ed8 f   libucrt:errno.obj
 0001:00005f20       __acrt_errno_map_os_error  0000000180006f20 f   libucrt:errno.obj
 0001:00005f70       __doserrno                 0000000180006f70 f   libucrt:errno.obj
 0001:00005f90       _errno                     0000000180006f90 f   libucrt:errno.obj
 0001:00006000       _tolower_l                 0000000180007000 f   libucrt:tolower_toupper.obj
 0001:00006140       __acrt_update_locale_info  0000000180007140 f   libucrt:locale_update.obj
 0001:00006174       __acrt_update_multibyte_info 0000000180007174 f   libucrt:locale_update.obj
 0001:000061a8       __acrt_set_locale_changed  00000001800071a8 f   libucrt:wsetlocale.obj
 0001:000061b4       __acrt_uninitialize_locale 00000001800071b4 f   libucrt:wsetlocale.obj
 0001:000061fc       __acrt_initialize_locks    00000001800071fc f   libucrt:locks.obj
 0001:00006244       __acrt_lock                0000000180007244 f   libucrt:locks.obj
 0001:00006260       __acrt_uninitialize_locks  0000000180007260 f   libucrt:locks.obj
 0001:00006298       __acrt_unlock              0000000180007298 f   libucrt:locks.obj
 0001:00006454       __acrt_FlsAlloc            0000000180007454 f   libucrt:winapi_thunks.obj
 0001:000064ac       __acrt_FlsFree             00000001800074ac f   libucrt:winapi_thunks.obj
 0001:00006504       __acrt_FlsGetValue         0000000180007504 f   libucrt:winapi_thunks.obj
 0001:0000655c       __acrt_FlsSetValue         000000018000755c f   libucrt:winapi_thunks.obj
 0001:000065c4       __acrt_InitializeCriticalSectionEx 00000001800075c4 f   libucrt:winapi_thunks.obj
 0001:0000663c       __acrt_LCMapStringEx       000000018000763c f   libucrt:winapi_thunks.obj
 0001:0000672c       __acrt_LocaleNameToLCID    000000018000772c f   libucrt:winapi_thunks.obj
 0001:00006794       __acrt_initialize_winapi_thunks 0000000180007794 f   libucrt:winapi_thunks.obj
 0001:000067cc       __acrt_is_packaged_app     00000001800077cc f   libucrt:winapi_thunks.obj
 0001:00006854       __acrt_uninitialize_winapi_thunks 0000000180007854 f   libucrt:winapi_thunks.obj
 0001:00006d74       ?expand_if_necessary@?$argument_list@D@?A0xca0879c4@@AEAAHXZ 0000000180007d74 f i libucrt:argv_wildcards.obj
 0001:00006e3c       __acrt_expand_narrow_argv_wildcards 0000000180007e3c f   libucrt:argv_wildcards.obj
 0001:00006e44       ??$?RV<lambda_99476a1ad63dd22509b5d3e65b0ffc95>@@AEAV<lambda_ad1ced32f4ac17aa236e5ef05d6b3b7c>@@V<lambda_f7424dd8d45958661754dc4f2697e9c3>@@@?$__crt_seh_guarded_call@X@@QEAAX$$QEAV<lambda_99476a1ad63dd22509b5d3e65b0ffc95>@@AEAV<lambda_ad1ced32f4ac17aa236e5ef05d6b3b7c>@@$$QEAV<lambda_f7424dd8d45958661754dc4f2697e9c3>@@@Z 0000000180007e44 f i libucrt:mbctype.obj
 0001:00007540       __acrt_initialize_multibyte 0000000180008540 f   libucrt:mbctype.obj
 0001:00007568       __acrt_update_thread_multibyte_data 0000000180008568 f   libucrt:mbctype.obj
 0001:00007628       _setmbcp_nolock            0000000180008628 f   libucrt:mbctype.obj
 0001:00007948       _ismbblead                 0000000180008948 f   libucrt:ismbbyte.obj
 0001:0000795c       __acrt_initialize_command_line 000000018000895c f   libucrt:argv_data.obj
 0001:00007984       __dcrt_get_narrow_environment_from_os 0000000180008984 f   libucrt:get_environment_from_os.obj
 0001:00007a88       _recalloc                  0000000180008a88 f   libucrt:recalloc.obj
 0001:00007a90       _recalloc_base             0000000180008a90 f   libucrt:recalloc.obj
 0001:00007b28       __acrt_initialize_heap     0000000180008b28 f   libucrt:heap_handle.obj
 0001:00007b44       __acrt_uninitialize_heap   0000000180008b44 f   libucrt:heap_handle.obj
 0001:00007d38       __acrt_initialize_lowio    0000000180008d38 f   libucrt:ioinit.obj
 0001:00007d74       __acrt_uninitialize_lowio  0000000180008d74 f   libucrt:ioinit.obj
 0001:00007db4       __acrt_execute_initializers 0000000180008db4 f   libucrt:shared_initialization.obj
 0001:00007e48       __acrt_execute_uninitializers 0000000180008e48 f   libucrt:shared_initialization.obj
 0001:00007e98       ??$?RV<lambda_c36588078e9f5dfd39652860aa6b3aaf>@@AEAV<lambda_ec61778202f4f5fc7e7711acc23c3bca>@@V<lambda_dc9d2797ccde5d239b4a0efae8ebd7db>@@@?$__crt_seh_guarded_call@P6AXH@Z@@QEAAP6AXH@Z$$QEAV<lambda_c36588078e9f5dfd39652860aa6b3aaf>@@AEAV<lambda_ec61778202f4f5fc7e7711acc23c3bca>@@$$QEAV<lambda_dc9d2797ccde5d239b4a0efae8ebd7db>@@@Z 0000000180008e98 f i libucrt:signal.obj
 0001:00007ee0       __acrt_get_sigabrt_handler 0000000180008ee0 f   libucrt:signal.obj
 0001:00007f10       __acrt_initialize_signal_handlers 0000000180008f10 f   libucrt:signal.obj
 0001:00007f30       raise                      0000000180008f30 f   libucrt:signal.obj
 0001:000081cc       __acrt_has_user_matherr    00000001800091cc f   libucrt:matherr.obj
 0001:000081ec       __acrt_initialize_user_matherr 00000001800091ec f   libucrt:matherr.obj
 0001:000081f4       __acrt_invoke_user_matherr 00000001800091f4 f   libucrt:matherr.obj
 0001:0000823c       _query_new_mode            000000018000923c f   libucrt:new_mode.obj
 0001:00008244       _mbtowc_l                  0000000180009244 f   libucrt:mbtowc.obj
 0001:0000838c       mbtowc                     000000018000938c f   libucrt:mbtowc.obj
 0001:00008394       _fileno                    0000000180009394 f   libucrt:fileno.obj
 0001:000083bc       __acrt_initialize_stdio    00000001800093bc f   libucrt:_file.obj
 0001:000084dc       __acrt_uninitialize_stdio  00000001800094dc f   libucrt:_file.obj
 0001:00008538       _lock_file                 0000000180009538 f   libucrt:_file.obj
 0001:00008544       _unlock_file               0000000180009544 f   libucrt:_file.obj
 0001:00008550       __pctype_func              0000000180009550 f   libucrt:ctype.obj
 0001:00008580       _isctype_l                 0000000180009580 f   libucrt:isctype.obj
 0001:00008690       __acrt_add_locale_ref      0000000180009690 f   libucrt:locale_refcounting.obj
 0001:0000871c       __acrt_free_locale         000000018000971c f   libucrt:locale_refcounting.obj
 0001:00008894       __acrt_locale_add_lc_time_reference 0000000180009894 f   libucrt:locale_refcounting.obj
 0001:000088bc       __acrt_locale_free_lc_time_if_unreferenced 00000001800098bc f   libucrt:locale_refcounting.obj
 0001:000088f4       __acrt_locale_release_lc_time_reference 00000001800098f4 f   libucrt:locale_refcounting.obj
 0001:0000891c       __acrt_release_locale_ref  000000018000991c f   libucrt:locale_refcounting.obj
 0001:000089c4       __acrt_update_thread_locale_data 00000001800099c4 f   libucrt:locale_refcounting.obj
 0001:00008a34       _updatetlocinfoEx_nolock   0000000180009a34 f   libucrt:locale_refcounting.obj
 0001:00008a9c       _isleadbyte_l              0000000180009a9c f i libucrt:_wctype.obj
 0001:00008e38       __acrt_LCMapStringA        0000000180009e38 f   libucrt:lcmapstringa.obj
 0001:00008ed0       __acrt_locale_free_monetary 0000000180009ed0 f   libucrt:initmon.obj
 0001:00008fdc       __acrt_locale_free_numeric 0000000180009fdc f   libucrt:initnum.obj
 0001:000090a0       __acrt_locale_free_time    000000018000a0a0 f   libucrt:inittime.obj
 0001:000091a8       __acrt_GetStringTypeA      000000018000a1a8 f   libucrt:getstringtypea.obj
 0001:00009424       __acrt_DownlevelLocaleNameToLCID 000000018000a424 f   libucrt:lcidtoname_downlevel.obj
 0001:00009530       qsort                      000000018000a530 f   libucrt:qsort.obj
 0001:00009864       strncpy_s                  000000018000a864 f   libucrt:strncpy_s.obj
 0001:00009938       strpbrk                    000000018000a938 f   libucrt:strpbrk.obj
 0001:000099d8       _mbsdec                    000000018000a9d8 f   libucrt:mbsdec.obj
 0001:000099e0       _mbsdec_l                  000000018000a9e0 f   libucrt:mbsdec.obj
 0001:00009a90       _msize                     000000018000aa90 f   libucrt:msize.obj
 0001:00009acc       _realloc_base              000000018000aacc f   libucrt:realloc_base.obj
 0001:00009b50       __acrt_lowio_create_handle_array 000000018000ab50 f   libucrt:osfinfo.obj
 0001:00009be8       __acrt_lowio_destroy_handle_array 000000018000abe8 f   libucrt:osfinfo.obj
 0001:00009c38       __acrt_lowio_ensure_fh_exists 000000018000ac38 f   libucrt:osfinfo.obj
 0001:00009cf0       __acrt_lowio_lock_fh       000000018000acf0 f   libucrt:osfinfo.obj
 0001:00009d14       __acrt_lowio_unlock_fh     000000018000ad14 f   libucrt:osfinfo.obj
 0001:00009d38       _free_osfhnd               000000018000ad38 f   libucrt:osfinfo.obj
 0001:00009df4       _get_osfhandle             000000018000adf4 f   libucrt:osfinfo.obj
 0001:00009e6c       _isatty                    000000018000ae6c f   libucrt:isatty.obj
 0001:00009ecc       __acrt_stdio_flush_nolock  000000018000aecc f   libucrt:fflush.obj
 0001:00009f44       _fflush_nolock             000000018000af44 f   libucrt:fflush.obj
 0001:00009f90       _flushall                  000000018000af90 f   libucrt:fflush.obj
 0001:0000a080       _fcloseall                 000000018000b080 f   libucrt:closeall.obj
 0001:0000a134       __acrt_stdio_free_buffer_nolock 000000018000b134 f   libucrt:_freebuf.obj
 0001:0000a174       __strncnt                  000000018000b174 f   libucrt:strncnt.obj
 0001:0000a18c       _query_app_type            000000018000b18c f   libucrt:report_runtime_error.obj
 0001:0000a194       ??$?RV<lambda_b521505b218e5242e90febf6bfebc422>@@AEAV<lambda_6978c1fb23f02e42e1d9e99668cc68aa>@@V<lambda_314360699dd331753a4119843814e9a7>@@@?$__crt_seh_guarded_call@H@@QEAAH$$QEAV<lambda_b521505b218e5242e90febf6bfebc422>@@AEAV<lambda_6978c1fb23f02e42e1d9e99668cc68aa>@@$$QEAV<lambda_314360699dd331753a4119843814e9a7>@@@Z 000000018000b194 f i libucrt:commit.obj
 0001:0000a220       _commit                    000000018000b220 f   libucrt:commit.obj
 0001:0000a854       _write                     000000018000b854 f   libucrt:write.obj
 0001:0000a940       _write_nolock              000000018000b940 f   libucrt:write.obj
 0001:0000ac30       log10                      000000018000bc30 f   libucrt:log10.obj
 0001:0000b278       _lseeki64_nolock           000000018000c278 f   libucrt:lseek.obj
 0001:0000b280       _fclose_nolock             000000018000c280 f   libucrt:fclose.obj
 0001:0000b304       fclose                     000000018000c304 f   libucrt:fclose.obj
 0001:0000b370       _putwch_nolock             000000018000c370 f   libucrt:putwch.obj
 0001:0000b4f0       _handle_error              000000018000c4f0 f   libucrt:libm_error.obj
 0001:0000b618       _handle_nan                000000018000c618 f   libucrt:libm_error.obj
 0001:0000b640       __acrt_initialize_fma3     000000018000c640 f   libucrt:fma3_available.obj
 0001:0000b6b0       _log10_special             000000018000c6b0 f   libucrt:log_special.obj
 0001:0000b768       ??$?RV<lambda_bfedae4ebbf01fab1bb6dcc6a9e276e0>@@AEAV<lambda_2fe9b910cf3cbf4a0ab98a02ba45b3ec>@@V<lambda_237c231691f317818eb88cc1d5d642d6>@@@?$__crt_seh_guarded_call@H@@QEAAH$$QEAV<lambda_bfedae4ebbf01fab1bb6dcc6a9e276e0>@@AEAV<lambda_2fe9b910cf3cbf4a0ab98a02ba45b3ec>@@$$QEAV<lambda_237c231691f317818eb88cc1d5d642d6>@@@Z 000000018000c768 f i libucrt:close.obj
 0001:0000b7dc       _close                     000000018000c7dc f   libucrt:close.obj
 0001:0000b880       _close_nolock              000000018000c880 f   libucrt:close.obj
 0001:0000b93c       ?__acrt_stdio_free_stream@@YAXV__crt_stdio_stream@@@Z 000000018000c93c f   libucrt:stream.obj
 0001:0000b980       __dcrt_lowio_initialize_console_output 000000018000c980 f   libucrt:initcon.obj
 0001:0000b9bc       __dcrt_terminate_console_output 000000018000c9bc f   libucrt:initcon.obj
 0001:0000b9f0       _get_fpsr                  000000018000c9f0 f   libucrt:fpsr.obj
 0001:0000ba00       _set_fpsr                  000000018000ca00 f   libucrt:fpsr.obj
 0001:0000ba0a       _fclrf                     000000018000ca0a f   libucrt:fpsr.obj
 0001:0000ba1e       _frnd                      000000018000ca1e f   libucrt:fpsr.obj
 0001:0000ba40       _raise_exc                 000000018000ca40 f   libucrt:fpexcept.obj
 0001:0000ba68       _raise_exc_ex              000000018000ca68 f   libucrt:fpexcept.obj
 0001:0000bd70       _set_errno_from_matherr    000000018000cd70 f   libucrt:fpexcept.obj
 0001:0000bda0       _clrfp                     000000018000cda0 f   libucrt:fpctrl.obj
 0001:0000bdc0       _ctrlfp                    000000018000cdc0 f   libucrt:fpctrl.obj
 0001:0000be3c       _set_statfp                000000018000ce3c f   libucrt:fpctrl.obj
 0001:0000be5c       _statfp                    000000018000ce5c f   libucrt:fpctrl.obj
 0001:0000be6e       IsProcessorFeaturePresent  000000018000ce6e f   kernel32:KERNEL32.dll
 0001:0000be74       RtlUnwindEx                000000018000ce74 f   kernel32:KERNEL32.dll
 0001:0000be7c       ?DloadAcquireSectionWriteAccess@@YAXXZ 000000018000ce7c f i DelayImp:delayhlp.obj
 0001:0000bf38       ?DloadGetSRWLockFunctionPointers@@YAEXZ 000000018000cf38 f i DelayImp:delayhlp.obj
 0001:0000bfd4       ?DloadMakePermanentImageCommit@@YAXPEAX_K@Z 000000018000cfd4 f i DelayImp:delayhlp.obj
 0001:0000c06c       ?DloadObtainSection@@YAPEAXPEAK0@Z 000000018000d06c f i DelayImp:delayhlp.obj
 0001:0000c104       ?DloadProtectSection@@YAXKPEAK@Z 000000018000d104 f i DelayImp:delayhlp.obj
 0001:0000c194       ?DloadReleaseSectionWriteAccess@@YAXXZ 000000018000d194 f i DelayImp:delayhlp.obj
 0001:0000c238       __delayLoadHelper2         000000018000d238 f   DelayImp:delayhlp.obj
 0001:0000c540       _FindPESection             000000018000d540 f   LIBCMT:pesect.obj
 0001:0000c590       _IsNonwritableInCurrentImage 000000018000d590 f   LIBCMT:pesect.obj
 0001:0000c5e0       _ValidateImageBase         000000018000d5e0 f   LIBCMT:pesect.obj
 0001:0000c610       __GSHandlerCheck           000000018000d610 f   LIBCMT:_gshandler_.obj
 0001:0000c630       __GSHandlerCheckCommon     000000018000d630 f   LIBCMT:_gshandler_.obj
 0001:0000c6a0       _alloca_probe              000000018000d6a0 f   LIBCMT:_chkstk_.obj
 0001:0000c6a0       __chkstk                   000000018000d6a0 f   LIBCMT:_chkstk_.obj
 0001:0000c710       memcmp                     000000018000d710 f   libvcruntime:memcmp.obj
 0001:0000c7d8       sqrt                       000000018000d7d8 f   libucrt:sqrt.obj
 0001:0000c8c0       _guard_dispatch_icall_nop  000000018000d8c0 f   LIBCMT:_guard_dispatch_.obj
 0002:00000000       __imp_GetModuleHandleA     000000018000e000     kernel32:KERNEL32.dll
 0002:00000008       __imp_RtlCaptureContext    000000018000e008     kernel32:KERNEL32.dll
 0002:00000010       __imp_RtlLookupFunctionEntry 000000018000e010     kernel32:KERNEL32.dll
 0002:00000018       __imp_RtlVirtualUnwind     000000018000e018     kernel32:KERNEL32.dll
 0002:00000020       __imp_UnhandledExceptionFilter 000000018000e020     kernel32:KERNEL32.dll
 0002:00000028       __imp_SetUnhandledExceptionFilter 000000018000e028     kernel32:KERNEL32.dll
 0002:00000030       __imp_GetCurrentProcess    000000018000e030     kernel32:KERNEL32.dll
 0002:00000038       __imp_TerminateProcess     000000018000e038     kernel32:KERNEL32.dll
 0002:00000040       __imp_IsProcessorFeaturePresent 000000018000e040     kernel32:KERNEL32.dll
 0002:00000048       __imp_QueryPerformanceCounter 000000018000e048     kernel32:KERNEL32.dll
 0002:00000050       __imp_GetCurrentProcessId  000000018000e050     kernel32:KERNEL32.dll
 0002:00000058       __imp_GetCurrentThreadId   000000018000e058     kernel32:KERNEL32.dll
 0002:00000060       __imp_GetSystemTimeAsFileTime 000000018000e060     kernel32:KERNEL32.dll
 0002:00000068       __imp_InitializeSListHead  000000018000e068     kernel32:KERNEL32.dll
 0002:00000070       __imp_IsDebuggerPresent    000000018000e070     kernel32:KERNEL32.dll
 0002:00000078       __imp_GetStartupInfoW      000000018000e078     kernel32:KERNEL32.dll
 0002:00000080       __imp_GetModuleHandleW     000000018000e080     kernel32:KERNEL32.dll
 0002:00000088       __imp_RtlPcToFileHeader    000000018000e088     kernel32:KERNEL32.dll
 0002:00000090       __imp_RaiseException       000000018000e090     kernel32:KERNEL32.dll
 0002:00000098       __imp_RtlUnwindEx          000000018000e098     kernel32:KERNEL32.dll
 0002:000000a0       __imp_InterlockedFlushSList 000000018000e0a0     kernel32:KERNEL32.dll
 0002:000000a8       __imp_GetLastError         000000018000e0a8     kernel32:KERNEL32.dll
 0002:000000b0       __imp_SetLastError         000000018000e0b0     kernel32:KERNEL32.dll
 0002:000000b8       __imp_EnterCriticalSection 000000018000e0b8     kernel32:KERNEL32.dll
 0002:000000c0       __imp_LeaveCriticalSection 000000018000e0c0     kernel32:KERNEL32.dll
 0002:000000c8       __imp_DeleteCriticalSection 000000018000e0c8     kernel32:KERNEL32.dll
 0002:000000d0       __imp_InitializeCriticalSectionAndSpinCount 000000018000e0d0     kernel32:KERNEL32.dll
 0002:000000d8       __imp_TlsAlloc             000000018000e0d8     kernel32:KERNEL32.dll
 0002:000000e0       __imp_TlsGetValue          000000018000e0e0     kernel32:KERNEL32.dll
 0002:000000e8       __imp_TlsSetValue          000000018000e0e8     kernel32:KERNEL32.dll
 0002:000000f0       __imp_TlsFree              000000018000e0f0     kernel32:KERNEL32.dll
 0002:000000f8       __imp_FreeLibrary          000000018000e0f8     kernel32:KERNEL32.dll
 0002:00000100       __imp_GetProcAddress       000000018000e100     kernel32:KERNEL32.dll
 0002:00000108       __imp_LoadLibraryExW       000000018000e108     kernel32:KERNEL32.dll
 0002:00000110       __imp_ExitProcess          000000018000e110     kernel32:KERNEL32.dll
 0002:00000118       __imp_GetModuleHandleExW   000000018000e118     kernel32:KERNEL32.dll
 0002:00000120       __imp_GetModuleFileNameA   000000018000e120     kernel32:KERNEL32.dll
 0002:00000128       __imp_MultiByteToWideChar  000000018000e128     kernel32:KERNEL32.dll
 0002:00000130       __imp_WideCharToMultiByte  000000018000e130     kernel32:KERNEL32.dll
 0002:00000138       __imp_HeapFree             000000018000e138     kernel32:KERNEL32.dll
 0002:00000140       __imp_HeapAlloc            000000018000e140     kernel32:KERNEL32.dll
 0002:00000148       __imp_GetACP               000000018000e148     kernel32:KERNEL32.dll
 0002:00000150       __imp_LCMapStringW         000000018000e150     kernel32:KERNEL32.dll
 0002:00000158       __imp_FindClose            000000018000e158     kernel32:KERNEL32.dll
 0002:00000160       __imp_FindFirstFileExA     000000018000e160     kernel32:KERNEL32.dll
 0002:00000168       __imp_FindNextFileA        000000018000e168     kernel32:KERNEL32.dll
 0002:00000170       __imp_IsValidCodePage      000000018000e170     kernel32:KERNEL32.dll
 0002:00000178       __imp_GetOEMCP             000000018000e178     kernel32:KERNEL32.dll
 0002:00000180       __imp_GetCPInfo            000000018000e180     kernel32:KERNEL32.dll
 0002:00000188       __imp_GetCommandLineA      000000018000e188     kernel32:KERNEL32.dll
 0002:00000190       __imp_GetCommandLineW      000000018000e190     kernel32:KERNEL32.dll
 0002:00000198       __imp_GetEnvironmentStringsW 000000018000e198     kernel32:KERNEL32.dll
 0002:000001a0       __imp_FreeEnvironmentStringsW 000000018000e1a0     kernel32:KERNEL32.dll
 0002:000001a8       __imp_GetProcessHeap       000000018000e1a8     kernel32:KERNEL32.dll
 0002:000001b0       __imp_GetStdHandle         000000018000e1b0     kernel32:KERNEL32.dll
 0002:000001b8       __imp_GetFileType          000000018000e1b8     kernel32:KERNEL32.dll
 0002:000001c0       __imp_GetStringTypeW       000000018000e1c0     kernel32:KERNEL32.dll
 0002:000001c8       __imp_HeapSize             000000018000e1c8     kernel32:KERNEL32.dll
 0002:000001d0       __imp_HeapReAlloc          000000018000e1d0     kernel32:KERNEL32.dll
 0002:000001d8       __imp_SetStdHandle         000000018000e1d8     kernel32:KERNEL32.dll
 0002:000001e0       __imp_WriteFile            000000018000e1e0     kernel32:KERNEL32.dll
 0002:000001e8       __imp_FlushFileBuffers     000000018000e1e8     kernel32:KERNEL32.dll
 0002:000001f0       __imp_GetConsoleCP         000000018000e1f0     kernel32:KERNEL32.dll
 0002:000001f8       __imp_GetConsoleMode       000000018000e1f8     kernel32:KERNEL32.dll
 0002:00000200       __imp_SetFilePointerEx     000000018000e200     kernel32:KERNEL32.dll
 0002:00000208       __imp_CloseHandle          000000018000e208     kernel32:KERNEL32.dll
 0002:00000210       __imp_WriteConsoleW        000000018000e210     kernel32:KERNEL32.dll
 0002:00000218       __imp_CreateFileW          000000018000e218     kernel32:KERNEL32.dll
 0002:00000220       __imp_GetSystemInfo        000000018000e220     kernel32:KERNEL32.dll
 0002:00000228       __imp_VirtualProtect       000000018000e228     kernel32:KERNEL32.dll
 0002:00000230       __imp_VirtualQuery         000000018000e230     kernel32:KERNEL32.dll
 0002:00000238       __imp_LoadLibraryExA       000000018000e238     kernel32:KERNEL32.dll
 0002:00000240       \177KERNEL32_NULL_THUNK_DATA 000000018000e240     kernel32:KERNEL32.dll
 0002:00000248       __guard_check_icall_fptr   000000018000e248     LIBCMT:guard_support.obj
 0002:00000250       __guard_dispatch_icall_fptr 000000018000e250     LIBCMT:guard_support.obj
 0002:00000258       __xc_a                     000000018000e258     LIBCMT:initializers.obj
 0002:00000260       _register_pow_             000000018000e260     engine.obj
 0002:00000268       __xc_z                     000000018000e268     LIBCMT:initializers.obj
 0002:00000270       __xi_a                     000000018000e270     LIBCMT:initializers.obj
 0002:00000278       __acrt_multibyte_initializer 000000018000e278     libucrt:multibyte_initializer.obj
 0002:00000280       __acrt_stdio_initializer   000000018000e280     libucrt:stdio_initializer.obj
 0002:00000288       __acrt_tran_fma3_initializer 000000018000e288     libucrt:fma3_initializer.obj
 0002:00000290       __xi_z                     000000018000e290     LIBCMT:initializers.obj
 0002:00000298       __xp_a                     000000018000e298     LIBCMT:initializers.obj
 0002:000002a0       __acrt_locale_terminator   000000018000e2a0     libucrt:locale_initializer.obj
 0002:000002a8       __dcrt_console_output_terminator 000000018000e2a8     libucrt:console_output_initializer.obj
 0002:000002b0       __acrt_stdio_terminator    000000018000e2b0     libucrt:stdio_initializer.obj
 0002:000002b8       __xp_z                     000000018000e2b8     LIBCMT:initializers.obj
 0002:000002c0       __xt_a                     000000018000e2c0     LIBCMT:initializers.obj
 0002:000002c8       __xt_z                     000000018000e2c8     LIBCMT:initializers.obj
 0002:000002d0       __sz_node_exe              000000018000e2d0     node:node.exe
 0002:000002e8       ??_7exception@std@@6B@     000000018000e2e8     libcpmt:xthrow.obj
 0002:000002f8       ??_C@_0BC@EOODALEL@Unknown?5exception?$AA@ 000000018000e2f8     libcpmt:xthrow.obj
 0002:00000318       ??_7bad_alloc@std@@6B@     000000018000e318     libcpmt:xthrow.obj
 0002:00000328       ??_C@_0P@GHFPNOJB@bad?5allocation?$AA@ 000000018000e328     libcpmt:xthrow.obj
 0002:00000340       ??_7logic_error@std@@6B@   000000018000e340     libcpmt:xthrow.obj
 0002:00000358       ??_7length_error@std@@6B@  000000018000e358     libcpmt:xthrow.obj
 0002:00000370       ??_7out_of_range@std@@6B@  000000018000e370     libcpmt:xthrow.obj
 0002:00000380       _pDefaultRawDllMain        000000018000e380     LIBCMT:dll_dllmain.obj
 0002:00000380       _pRawDllMain               000000018000e380     LIBCMT:dll_dllmain.obj
 0002:00000390       ??_7type_info@@6B@         000000018000e390     LIBCMT:std_type_info_static.obj
 0002:000003b0       ??_7bad_array_new_length@std@@6B@ 000000018000e3b0     LIBCMT:throw_bad_alloc.obj
 0002:000003c0       ??_C@_0BF@KINCDENJ@bad?5array?5new?5length?$AA@ 000000018000e3c0     LIBCMT:throw_bad_alloc.obj
 0002:00000440       ??_C@_1BC@DNHGCMLG@?$AAa?$AAd?$AAv?$AAa?$AAp?$AAi?$AA3?$AA2?$AA?$AA@ 000000018000e440     libvcruntime:winapi_downlevel.obj
 0002:00000458       ??_C@_1DM@KHCHBNEB@?$AAa?$AAp?$AAi?$AA?9?$AAm?$AAs?$AA?9?$AAw?$AAi?$AAn?$AA?9?$AAc?$AAo?$AAr?$AAe?$AA?9?$AAf?$AAi?$AAb?$AAe?$AAr?$AAs?$AA?9?$AAl?$AA1?$AA?9?$AA1?$AA?9?$AA1?$AA?$AA@ 000000018000e458     libvcruntime:winapi_downlevel.obj
 0002:00000498       ??_C@_1DK@LPPGFMPP@?$AAa?$AAp?$AAi?$AA?9?$AAm?$AAs?$AA?9?$AAw?$AAi?$AAn?$AA?9?$AAc?$AAo?$AAr?$AAe?$AA?9?$AAs?$AAy?$AAn?$AAc?$AAh?$AA?9?$AAl?$AA1?$AA?9?$AA2?$AA?9?$AA0?$AA?$AA@ 000000018000e498     libvcruntime:winapi_downlevel.obj
 0002:000004d8       ??_C@_1BC@GDMECMAK@?$AAk?$AAe?$AAr?$AAn?$AAe?$AAl?$AA3?$AA2?$AA?$AA@ 000000018000e4d8     libvcruntime:winapi_downlevel.obj
 0002:000004f8       ??_C@_08KNHFBNJ@FlsAlloc?$AA@ 000000018000e4f8     libvcruntime:winapi_downlevel.obj
 0002:00000510       ??_C@_07PEJMOBNF@FlsFree?$AA@ 000000018000e510     libvcruntime:winapi_downlevel.obj
 0002:00000520       ??_C@_0M@GDNOONDI@FlsGetValue?$AA@ 000000018000e520     libvcruntime:winapi_downlevel.obj
 0002:00000538       ??_C@_0M@JCPCPOEF@FlsSetValue?$AA@ 000000018000e538     libvcruntime:winapi_downlevel.obj
 0002:00000550       ??_C@_0BM@HCFOFFN@InitializeCriticalSectionEx?$AA@ 000000018000e550     libvcruntime:winapi_downlevel.obj
 0002:00000890       ??_C@_08EHJDFFNH@__based?$CI?$AA@ 000000018000e890     libvcruntime:undname.obj
 0002:000008a0       ??_C@_07KOLFKCDI@__cdecl?$AA@ 000000018000e8a0     libvcruntime:undname.obj
 0002:000008a8       ??_C@_08GHMPAG@__pascal?$AA@ 000000018000e8a8     libvcruntime:undname.obj
 0002:000008b8       ??_C@_09IFJBGAPI@__stdcall?$AA@ 000000018000e8b8     libvcruntime:undname.obj
 0002:000008c8       ??_C@_0L@NPHFGOKO@__thiscall?$AA@ 000000018000e8c8     libvcruntime:undname.obj
 0002:000008d8       ??_C@_0L@JMKHOMEK@__fastcall?$AA@ 000000018000e8d8     libvcruntime:undname.obj
 0002:000008e8       ??_C@_0N@BCKKPABJ@__vectorcall?$AA@ 000000018000e8e8     libvcruntime:undname.obj
 0002:000008f8       ??_C@_09HIJEGCPM@__clrcall?$AA@ 000000018000e8f8     libvcruntime:undname.obj
 0002:00000904       ??_C@_06GHPCKEAG@__eabi?$AA@ 000000018000e904     libvcruntime:undname.obj
 0002:00000910       ??_C@_07JOMMBBKO@__ptr64?$AA@ 000000018000e910     libvcruntime:undname.obj
 0002:00000918       ??_C@_0L@PILCLIHE@__restrict?$AA@ 000000018000e918     libvcruntime:undname.obj
 0002:00000928       ??_C@_0M@GFIIJFMG@__unaligned?$AA@ 000000018000e928     libvcruntime:undname.obj
 0002:00000938       ??_C@_09DHDLOLLB@restrict?$CI?$AA@ 000000018000e938     libvcruntime:undname.obj
 0002:00000942       ??_C@_00CNPNBAHC@?$AA@     000000018000e942     libvcruntime:undname.obj
 0002:00000944       ??_C@_04NIHEBCM@?5new?$AA@ 000000018000e944     libvcruntime:undname.obj
 0002:00000950       ??_C@_07FPCDHGMM@?5delete?$AA@ 000000018000e950     libvcruntime:undname.obj
 0002:00000958       ??_C@_01NEMOKFLO@?$DN?$AA@ 000000018000e958     libvcruntime:undname.obj
 0002:0000095c       ??_C@_02GPIOPFAK@?$DO?$DO?$AA@ 000000018000e95c     libvcruntime:undname.obj
 0002:00000960       ??_C@_02FODMEDOG@?$DM?$DM?$AA@ 000000018000e960     libvcruntime:undname.obj
 0002:00000964       ??_C@_01DCLJPIOD@?$CB?$AA@ 000000018000e964     libvcruntime:undname.obj
 0002:00000968       ??_C@_02EGOFBIJA@?$DN?$DN?$AA@ 000000018000e968     libvcruntime:undname.obj
 0002:0000096c       ??_C@_02FDNJECIE@?$CB?$DN?$AA@ 000000018000e96c     libvcruntime:undname.obj
 0002:00000970       ??_C@_02GPECMEKF@?$FL?$FN?$AA@ 000000018000e970     libvcruntime:undname.obj
 0002:00000978       ??_C@_08LHJFAFGD@operator?$AA@ 000000018000e978     libvcruntime:undname.obj
 0002:00000984       ??_C@_02HBOOOICD@?9?$DO?$AA@ 000000018000e984     libvcruntime:undname.obj
 0002:00000988       ??_C@_01NBENCBCI@?$CK?$AA@ 000000018000e988     libvcruntime:undname.obj
 0002:0000098c       ??_C@_02ECNGHCIF@?$CL?$CL?$AA@ 000000018000e98c     libvcruntime:undname.obj
 0002:00000990       ??_C@_02BAABKJLB@?9?9?$AA@ 000000018000e990     libvcruntime:undname.obj
 0002:00000994       ??_C@_01JOAMLHOP@?9?$AA@   000000018000e994     libvcruntime:undname.obj
 0002:00000998       ??_C@_01MIFGBAGJ@?$CL?$AA@ 000000018000e998     libvcruntime:undname.obj
 0002:0000099c       ??_C@_01HNPIGOCE@?$CG?$AA@ 000000018000e99c     libvcruntime:undname.obj
 0002:000009a0       ??_C@_03MNHNFDLC@?9?$DO?$CK?$AA@ 000000018000e9a0     libvcruntime:undname.obj
 0002:000009a4       ??_C@_01KMDKNFGN@?1?$AA@   000000018000e9a4     libvcruntime:undname.obj
 0002:000009a8       ??_C@_01FGNFDNOH@?$CF?$AA@ 000000018000e9a8     libvcruntime:undname.obj
 0002:000009ac       ??_C@_01MNNFJEPP@?$DM?$AA@ 000000018000e9ac     libvcruntime:undname.obj
 0002:000009b0       ??_C@_02EHCHHCKH@?$DM?$DN?$AA@ 000000018000e9b0     libvcruntime:undname.obj
 0002:000009b4       ??_C@_01PPODPGHN@?$DO?$AA@ 000000018000e9b4     libvcruntime:undname.obj
 0002:000009b8       ??_C@_02EEKDKGMJ@?$DO?$DN?$AA@ 000000018000e9b8     libvcruntime:undname.obj
 0002:000009bc       ??_C@_01IHBHIGKO@?0?$AA@   000000018000e9bc     libvcruntime:undname.obj
 0002:000009c0       ??_C@_02HCKGKOFO@?$CI?$CJ?$AA@ 000000018000e9c0     libvcruntime:undname.obj
 0002:000009c4       ??_C@_01PJKLJHI@?$HO?$AA@  000000018000e9c4     libvcruntime:undname.obj
 0002:000009c8       ??_C@_01JKBOJNNK@?$FO?$AA@ 000000018000e9c8     libvcruntime:undname.obj
 0002:000009cc       ??_C@_01DNKMNLPK@?$HM?$AA@ 000000018000e9cc     libvcruntime:undname.obj
 0002:000009d0       ??_C@_02PPKAJPJL@?$CG?$CG?$AA@ 000000018000e9d0     libvcruntime:undname.obj
 0002:000009d4       ??_C@_02NONPIBCD@?$HM?$HM?$AA@ 000000018000e9d4     libvcruntime:undname.obj
 0002:000009d8       ??_C@_02FPIMKNGF@?$CK?$DN?$AA@ 000000018000e9d8     libvcruntime:undname.obj
 0002:000009dc       ??_C@_02FOEOMHFC@?$CL?$DN?$AA@ 000000018000e9dc     libvcruntime:undname.obj
 0002:000009e0       ??_C@_02FKMDLLOA@?9?$DN?$AA@ 000000018000e9e0     libvcruntime:undname.obj
 0002:000009e4       ??_C@_02FJEHGPIO@?1?$DN?$AA@ 000000018000e9e4     libvcruntime:undname.obj
 0002:000009e8       ??_C@_02FENAOKFI@?$CF?$DN?$AA@ 000000018000e9e8     libvcruntime:undname.obj
 0002:000009ec       ??_C@_03IKFCCPFF@?$DO?$DO?$DN?$AA@ 000000018000e9ec     libvcruntime:undname.obj
 0002:000009f0       ??_C@_03CDNPDDLA@?$DM?$DM?$DN?$AA@ 000000018000e9f0     libvcruntime:undname.obj
 0002:000009f4       ??_C@_02FGJGFEAB@?$CG?$DN?$AA@ 000000018000e9f4     libvcruntime:undname.obj
 0002:000009f8       ??_C@_02DHLNPPGH@?$HM?$DN?$AA@ 000000018000e9f8     libvcruntime:undname.obj
 0002:000009fc       ??_C@_02MHEGNOJ@?$FO?$DN?$AA@ 000000018000e9fc     libvcruntime:undname.obj
 0002:00000a00       ??_C@_09IFPLHPGF@?$GAvftable?8?$AA@ 000000018000ea00     libvcruntime:undname.obj
 0002:00000a10       ??_C@_09BLBHBJP@?$GAvbtable?8?$AA@ 000000018000ea10     libvcruntime:undname.obj
 0002:00000a20       ??_C@_07FEEIOKP@?$GAvcall?8?$AA@ 000000018000ea20     libvcruntime:undname.obj
 0002:00000a28       ??_C@_08LLFFHHDJ@?$GAtypeof?8?$AA@ 000000018000ea28     libvcruntime:undname.obj
 0002:00000a38       ??_C@_0BF@KDPPACIK@?$GAlocal?5static?5guard?8?$AA@ 000000018000ea38     libvcruntime:undname.obj
 0002:00000a50       ??_C@_08OBABFOLI@?$GAstring?8?$AA@ 000000018000ea50     libvcruntime:undname.obj
 0002:00000a60       ??_C@_0BD@JDLKDPAB@?$GAvbase?5destructor?8?$AA@ 000000018000ea60     libvcruntime:undname.obj
 0002:00000a78       ??_C@_0BN@DEGPLNFK@?$GAvector?5deleting?5destructor?8?$AA@ 000000018000ea78     libvcruntime:undname.obj
 0002:00000a98       ??_C@_0BO@OBMKPJIG@?$GAdefault?5constructor?5closure?8?$AA@ 000000018000ea98     libvcruntime:undname.obj
 0002:00000ab8       ??_C@_0BN@IMDCHIKM@?$GAscalar?5deleting?5destructor?8?$AA@ 000000018000eab8     libvcruntime:undname.obj
 0002:00000ad8       ??_C@_0BO@PFGOCPJJ@?$GAvector?5constructor?5iterator?8?$AA@ 000000018000ead8     libvcruntime:undname.obj
 0002:00000af8       ??_C@_0BN@LFPFMEDL@?$GAvector?5destructor?5iterator?8?$AA@ 000000018000eaf8     libvcruntime:undname.obj
 0002:00000b18       ??_C@_0CE@IKBNEHA@?$GAvector?5vbase?5constructor?5iterat@ 000000018000eb18     libvcruntime:undname.obj
 0002:00000b40       ??_C@_0BL@NILFHHPC@?$GAvirtual?5displacement?5map?8?$AA@ 000000018000eb40     libvcruntime:undname.obj
 0002:00000b60       ??_C@_0CB@JONCMFFK@?$GAeh?5vector?5constructor?5iterator?8@ 000000018000eb60     libvcruntime:undname.obj
 0002:00000b88       ??_C@_0CA@GCEOPDGL@?$GAeh?5vector?5destructor?5iterator?8?$AA@ 000000018000eb88     libvcruntime:undname.obj
 0002:00000ba8       ??_C@_0CH@OOJPLCPH@?$GAeh?5vector?5vbase?5constructor?5ite@ 000000018000eba8     libvcruntime:undname.obj
 0002:00000bd0       ??_C@_0BL@LLKPOHJI@?$GAcopy?5constructor?5closure?8?$AA@ 000000018000ebd0     libvcruntime:undname.obj
 0002:00000bf0       ??_C@_0BA@KBCDOMBN@?$GAudt?5returning?8?$AA@ 000000018000ebf0     libvcruntime:undname.obj
 0002:00000c00       ??_C@_03KLGMFNMG@?$GAEH?$AA@ 000000018000ec00     libvcruntime:undname.obj
 0002:00000c04       ??_C@_05KHLCHHI@?$GARTTI?$AA@ 000000018000ec04     libvcruntime:undname.obj
 0002:00000c10       ??_C@_0BA@KKLDJDLB@?$GAlocal?5vftable?8?$AA@ 000000018000ec10     libvcruntime:undname.obj
 0002:00000c20       ??_C@_0CE@IIHCMGGL@?$GAlocal?5vftable?5constructor?5closu@ 000000018000ec20     libvcruntime:undname.obj
 0002:00000c44       ??_C@_06FHBGPFGH@?5new?$FL?$FN?$AA@ 000000018000ec44     libvcruntime:undname.obj
 0002:00000c50       ??_C@_09LBNFPBCA@?5delete?$FL?$FN?$AA@ 000000018000ec50     libvcruntime:undname.obj
 0002:00000c60       ??_C@_0P@HJKNJFNN@?$GAomni?5callsig?8?$AA@ 000000018000ec60     libvcruntime:undname.obj
 0002:00000c70       ??_C@_0BL@CNOONJFP@?$GAplacement?5delete?5closure?8?$AA@ 000000018000ec70     libvcruntime:undname.obj
 0002:00000c90       ??_C@_0BN@CKNJLHMB@?$GAplacement?5delete?$FL?$FN?5closure?8?$AA@ 000000018000ec90     libvcruntime:undname.obj
 0002:00000cb0       ??_C@_0CG@CFDHKGGD@?$GAmanaged?5vector?5constructor?5iter@ 000000018000ecb0     libvcruntime:undname.obj
 0002:00000cd8       ??_C@_0CF@IMGKMJNO@?$GAmanaged?5vector?5destructor?5itera@ 000000018000ecd8     libvcruntime:undname.obj
 0002:00000d00       ??_C@_0CG@HLDDJMAG@?$GAeh?5vector?5copy?5constructor?5iter@ 000000018000ed00     libvcruntime:undname.obj
 0002:00000d28       ??_C@_0CM@FCBBDIGB@?$GAeh?5vector?5vbase?5copy?5constructo@ 000000018000ed28     libvcruntime:undname.obj
 0002:00000d58       ??_C@_0BL@CLIPGLGB@?$GAdynamic?5initializer?5for?5?8?$AA@ 000000018000ed58     libvcruntime:undname.obj
 0002:00000d78       ??_C@_0CB@PDBIFEP@?$GAdynamic?5atexit?5destructor?5for?5?8@ 000000018000ed78     libvcruntime:undname.obj
 0002:00000da0       ??_C@_0CD@CGAJBKEJ@?$GAvector?5copy?5constructor?5iterato@ 000000018000eda0     libvcruntime:undname.obj
 0002:00000dc8       ??_C@_0CJ@GJELGAMM@?$GAvector?5vbase?5copy?5constructor?5i@ 000000018000edc8     libvcruntime:undname.obj
 0002:00000df8       ??_C@_0CL@FGIJHLCE@?$GAmanaged?5vector?5copy?5constructor@ 000000018000edf8     libvcruntime:undname.obj
 0002:00000e28       ??_C@_0BM@PMGGMLDN@?$GAlocal?5static?5thread?5guard?8?$AA@ 000000018000ee28     libvcruntime:undname.obj
 0002:00000e48       ??_C@_0N@BDNMDMOL@operator?5?$CC?$CC?5?$AA@ 000000018000ee48     libvcruntime:undname.obj
 0002:00000e58       ??_C@_0BC@DAFEJGAK@?5Type?5Descriptor?8?$AA@ 000000018000ee58     libvcruntime:undname.obj
 0002:00000e70       ??_C@_0BM@LDKODKLH@?5Base?5Class?5Descriptor?5at?5?$CI?$AA@ 000000018000ee70     libvcruntime:undname.obj
 0002:00000e90       ??_C@_0BD@LGICGFMM@?5Base?5Class?5Array?8?$AA@ 000000018000ee90     libvcruntime:undname.obj
 0002:00000ea8       ??_C@_0BN@MECKDCOJ@?5Class?5Hierarchy?5Descriptor?8?$AA@ 000000018000eea8     libvcruntime:undname.obj
 0002:00000ec8       ??_C@_0BK@CFCOFLF@?5Complete?5Object?5Locator?8?$AA@ 000000018000eec8     libvcruntime:undname.obj
 0002:00000ef0       __acrt_exception_action_table 000000018000eef0     libucrt:exception_filter.obj
 0002:00000fb0       __acrt_signal_action_table_count 000000018000efb0     libucrt:exception_filter.obj
 0002:00000fb8       __acrt_signal_action_first_fpe_index 000000018000efb8     libucrt:exception_filter.obj
 0002:00000fc0       __acrt_signal_action_fpe_count 000000018000efc0     libucrt:exception_filter.obj
 0002:00000fc8       ??_C@_1BI@BGOHAHKC@?$AAm?$AAs?$AAc?$AAo?$AAr?$AAe?$AAe?$AA?4?$AAd?$AAl?$AAl?$AA?$AA@ 000000018000efc8     libucrt:exit.obj
 0002:00000fe0       ??_C@_0P@MIGLKIOC@CorExitProcess?$AA@ 000000018000efe0     libucrt:exit.obj
 0002:00001250       __lc_time_c                000000018000f250     libucrt:nlsdata.obj
 0002:00001510       ??_C@_03KOEHGMDN@Sun?$AA@  000000018000f510     libucrt:nlsdata.obj
 0002:00001514       ??_C@_03PDAGKDH@Mon?$AA@   000000018000f514     libucrt:nlsdata.obj
 0002:00001518       ??_C@_03NAGEINEP@Tue?$AA@  000000018000f518     libucrt:nlsdata.obj
 0002:0000151c       ??_C@_03MHOMLAJA@Wed?$AA@  000000018000f51c     libucrt:nlsdata.obj
 0002:00001520       ??_C@_03IOFIKPDN@Thu?$AA@  000000018000f520     libucrt:nlsdata.obj
 0002:00001524       ??_C@_03IDIOELNC@Fri?$AA@  000000018000f524     libucrt:nlsdata.obj
 0002:00001528       ??_C@_03FEFJNEK@Sat?$AA@   000000018000f528     libucrt:nlsdata.obj
 0002:0000152c       ??_C@_06OOPIFAJ@Sunday?$AA@ 000000018000f52c     libucrt:nlsdata.obj
 0002:00001534       ??_C@_06JLEDEDGH@Monday?$AA@ 000000018000f534     libucrt:nlsdata.obj
 0002:00001540       ??_C@_07BAAGCFCM@Tuesday?$AA@ 000000018000f540     libucrt:nlsdata.obj
 0002:00001548       ??_C@_09DLIGFAKA@Wednesday?$AA@ 000000018000f548     libucrt:nlsdata.obj
 0002:00001558       ??_C@_08HACCIKIA@Thursday?$AA@ 000000018000f558     libucrt:nlsdata.obj
 0002:00001564       ??_C@_06JECMNKMI@Friday?$AA@ 000000018000f564     libucrt:nlsdata.obj
 0002:00001570       ??_C@_08INBOOONO@Saturday?$AA@ 000000018000f570     libucrt:nlsdata.obj
 0002:0000157c       ??_C@_03JIHJHPIE@Jan?$AA@  000000018000f57c     libucrt:nlsdata.obj
 0002:00001580       ??_C@_03HJBDCHOM@Feb?$AA@  000000018000f580     libucrt:nlsdata.obj
 0002:00001584       ??_C@_03ODNJBKGA@Mar?$AA@  000000018000f584     libucrt:nlsdata.obj
 0002:00001588       ??_C@_03LEOLGMJP@Apr?$AA@  000000018000f588     libucrt:nlsdata.obj
 0002:0000158c       ??_C@_03CNMDKL@May?$AA@    000000018000f58c     libucrt:nlsdata.obj
 0002:00001590       ??_C@_03IDFGHECI@Jun?$AA@  000000018000f590     libucrt:nlsdata.obj
 0002:00001594       ??_C@_03LBGABGKK@Jul?$AA@  000000018000f594     libucrt:nlsdata.obj
 0002:00001598       ??_C@_03IFJFEIGA@Aug?$AA@  000000018000f598     libucrt:nlsdata.obj
 0002:0000159c       ??_C@_03GGCAPAJC@Sep?$AA@  000000018000f59c     libucrt:nlsdata.obj
 0002:000015a0       ??_C@_03BMAOKBAD@Oct?$AA@  000000018000f5a0     libucrt:nlsdata.obj
 0002:000015a4       ??_C@_03JPJOFNIA@Nov?$AA@  000000018000f5a4     libucrt:nlsdata.obj
 0002:000015a8       ??_C@_03MKABNOCG@Dec?$AA@  000000018000f5a8     libucrt:nlsdata.obj
 0002:000015b0       ??_C@_07CGJPFGJA@January?$AA@ 000000018000f5b0     libucrt:nlsdata.obj
 0002:000015b8       ??_C@_08GNJGEPFN@February?$AA@ 000000018000f5b8     libucrt:nlsdata.obj
 0002:000015c4       ??_C@_05HPCKOFNC@March?$AA@ 000000018000f5c4     libucrt:nlsdata.obj
 0002:000015cc       ??_C@_05DMJDNLEJ@April?$AA@ 000000018000f5cc     libucrt:nlsdata.obj
 0002:000015d4       ??_C@_04CNLMGBGM@June?$AA@ 000000018000f5d4     libucrt:nlsdata.obj
 0002:000015dc       ??_C@_04MIEPOIFP@July?$AA@ 000000018000f5dc     libucrt:nlsdata.obj
 0002:000015e4       ??_C@_06LBBHFDDG@August?$AA@ 000000018000f5e4     libucrt:nlsdata.obj
 0002:000015f0       ??_C@_09BHHEALKD@September?$AA@ 000000018000f5f0     libucrt:nlsdata.obj
 0002:00001600       ??_C@_07JJNFCEND@October?$AA@ 000000018000f600     libucrt:nlsdata.obj
 0002:00001608       ??_C@_08HCHEGEOA@November?$AA@ 000000018000f608     libucrt:nlsdata.obj
 0002:00001618       ??_C@_08EDHMEBNP@December?$AA@ 000000018000f618     libucrt:nlsdata.obj
 0002:00001624       ??_C@_02DEDBPAFC@AM?$AA@   000000018000f624     libucrt:nlsdata.obj
 0002:00001628       ??_C@_02CJNFDJBF@PM?$AA@   000000018000f628     libucrt:nlsdata.obj
 0002:00001630       ??_C@_08BPBNCDIB@MM?1dd?1yy?$AA@ 000000018000f630     libucrt:nlsdata.obj
 0002:00001640       ??_C@_0BE@CKGJFCPC@dddd?0?5MMMM?5dd?0?5yyyy?$AA@ 000000018000f640     libucrt:nlsdata.obj
 0002:00001658       ??_C@_08JCCMCCIL@HH?3mm?3ss?$AA@ 000000018000f658     libucrt:nlsdata.obj
 0002:00001668       ??_C@_17MBGCMIPB@?$AAS?$AAu?$AAn?$AA?$AA@ 000000018000f668     libucrt:nlsdata.obj
 0002:00001670       ??_C@_17KBOMKBF@?$AAM?$AAo?$AAn?$AA?$AA@ 000000018000f670     libucrt:nlsdata.obj
 0002:00001678       ??_C@_17BMKGEGOJ@?$AAT?$AAu?$AAe?$AA?$AA@ 000000018000f678     libucrt:nlsdata.obj
 0002:00001680       ??_C@_17CJEDCEPE@?$AAW?$AAe?$AAd?$AA?$AA@ 000000018000f680     libucrt:nlsdata.obj
 0002:00001688       ??_C@_17PDPHAADD@?$AAT?$AAh?$AAu?$AA?$AA@ 000000018000f688     libucrt:nlsdata.obj
 0002:00001690       ??_C@_17HFOLPPLP@?$AAF?$AAr?$AAi?$AA?$AA@ 000000018000f690     libucrt:nlsdata.obj
 0002:00001698       ??_C@_17GGIBDPIH@?$AAS?$AAa?$AAt?$AA?$AA@ 000000018000f698     libucrt:nlsdata.obj
 0002:000016a0       ??_C@_1O@IHNHDHPB@?$AAS?$AAu?$AAn?$AAd?$AAa?$AAy?$AA?$AA@ 000000018000f6a0     libucrt:nlsdata.obj
 0002:000016b0       ??_C@_1O@MMNBFLIA@?$AAM?$AAo?$AAn?$AAd?$AAa?$AAy?$AA?$AA@ 000000018000f6b0     libucrt:nlsdata.obj
 0002:000016c0       ??_C@_1BA@ENFBFFEK@?$AAT?$AAu?$AAe?$AAs?$AAd?$AAa?$AAy?$AA?$AA@ 000000018000f6c0     libucrt:nlsdata.obj
 0002:000016d0       ??_C@_1BE@EBOGMDOH@?$AAW?$AAe?$AAd?$AAn?$AAe?$AAs?$AAd?$AAa?$AAy?$AA?$AA@ 000000018000f6d0     libucrt:nlsdata.obj
 0002:000016e8       ??_C@_1BC@HHMNLIHE@?$AAT?$AAh?$AAu?$AAr?$AAs?$AAd?$AAa?$AAy?$AA?$AA@ 000000018000f6e8     libucrt:nlsdata.obj
 0002:00001700       ??_C@_1O@PDICJHAG@?$AAF?$AAr?$AAi?$AAd?$AAa?$AAy?$AA?$AA@ 000000018000f700     libucrt:nlsdata.obj
 0002:00001710       ??_C@_1BC@ENMNNPAJ@?$AAS?$AAa?$AAt?$AAu?$AAr?$AAd?$AAa?$AAy?$AA?$AA@ 000000018000f710     libucrt:nlsdata.obj
 0002:00001728       ??_C@_17DKNBKCHM@?$AAJ?$AAa?$AAn?$AA?$AA@ 000000018000f728     libucrt:nlsdata.obj
 0002:00001730       ??_C@_17LMDJEKJN@?$AAF?$AAe?$AAb?$AA?$AA@ 000000018000f730     libucrt:nlsdata.obj
 0002:00001738       ??_C@_17CKNLEDEC@?$AAM?$AAa?$AAr?$AA?$AA@ 000000018000f738     libucrt:nlsdata.obj
 0002:00001740       ??_C@_17LFPOIHDD@?$AAA?$AAp?$AAr?$AA?$AA@ 000000018000f740     libucrt:nlsdata.obj
 0002:00001748       ??_C@_17PNNKMEED@?$AAM?$AAa?$AAy?$AA?$AA@ 000000018000f748     libucrt:nlsdata.obj
 0002:00001750       ??_C@_17KCJGOCPB@?$AAJ?$AAu?$AAn?$AA?$AA@ 000000018000f750     libucrt:nlsdata.obj
 0002:00001758       ??_C@_17IJPCKHK@?$AAJ?$AAu?$AAl?$AA?$AA@ 000000018000f758     libucrt:nlsdata.obj
 0002:00001760       ??_C@_17ICPELBCN@?$AAA?$AAu?$AAg?$AA?$AA@ 000000018000f760     libucrt:nlsdata.obj
 0002:00001768       ??_C@_17HCHCOKMG@?$AAS?$AAe?$AAp?$AA?$AA@ 000000018000f768     libucrt:nlsdata.obj
 0002:00001770       ??_C@_17FNLKOI@?$AAO?$AAc?$AAt?$AA?$AA@ 000000018000f770     libucrt:nlsdata.obj
 0002:00001778       ??_C@_17BBDMLCIG@?$AAN?$AAo?$AAv?$AA?$AA@ 000000018000f778     libucrt:nlsdata.obj
 0002:00001780       ??_C@_17EGKACKIF@?$AAD?$AAe?$AAc?$AA?$AA@ 000000018000f780     libucrt:nlsdata.obj
 0002:00001788       ??_C@_1BA@EFMEIEBA@?$AAJ?$AAa?$AAn?$AAu?$AAa?$AAr?$AAy?$AA?$AA@ 000000018000f788     libucrt:nlsdata.obj
 0002:00001798       ??_C@_1BC@JGDDFFAM@?$AAF?$AAe?$AAb?$AAr?$AAu?$AAa?$AAr?$AAy?$AA?$AA@ 000000018000f798     libucrt:nlsdata.obj
 0002:000017b0       ??_C@_1M@IKEENEDF@?$AAM?$AAa?$AAr?$AAc?$AAh?$AA?$AA@ 000000018000f7b0     libucrt:nlsdata.obj
 0002:000017c0       ??_C@_1M@GJNLMHFD@?$AAA?$AAp?$AAr?$AAi?$AAl?$AA?$AA@ 000000018000f7c0     libucrt:nlsdata.obj
 0002:000017d0       ??_C@_19EPFLPGAP@?$AAJ?$AAu?$AAn?$AAe?$AA?$AA@ 000000018000f7d0     libucrt:nlsdata.obj
 0002:000017e0       ??_C@_19BIFMLPCD@?$AAJ?$AAu?$AAl?$AAy?$AA?$AA@ 000000018000f7e0     libucrt:nlsdata.obj
 0002:000017f0       ??_C@_1O@PAHLKOAC@?$AAA?$AAu?$AAg?$AAu?$AAs?$AAt?$AA?$AA@ 000000018000f7f0     libucrt:nlsdata.obj
 0002:00001800       ??_C@_1BE@DKAAMBJL@?$AAS?$AAe?$AAp?$AAt?$AAe?$AAm?$AAb?$AAe?$AAr?$AA?$AA@ 000000018000f800     libucrt:nlsdata.obj
 0002:00001818       ??_C@_1BA@EPANDLNG@?$AAO?$AAc?$AAt?$AAo?$AAb?$AAe?$AAr?$AA?$AA@ 000000018000f818     libucrt:nlsdata.obj
 0002:00001828       ??_C@_1BC@BGLIFPF@?$AAN?$AAo?$AAv?$AAe?$AAm?$AAb?$AAe?$AAr?$AA?$AA@ 000000018000f828     libucrt:nlsdata.obj
 0002:00001840       ??_C@_1BC@FEMKIFH@?$AAD?$AAe?$AAc?$AAe?$AAm?$AAb?$AAe?$AAr?$AA?$AA@ 000000018000f840     libucrt:nlsdata.obj
 0002:00001854       ??_C@_15ODEHAHHF@?$AAA?$AAM?$AA?$AA@ 000000018000f854     libucrt:nlsdata.obj
 0002:0000185c       ??_C@_15CLMNNGEL@?$AAP?$AAM?$AA?$AA@ 000000018000f85c     libucrt:nlsdata.obj
 0002:00001868       ??_C@_1BC@IEBCMHCM@?$AAM?$AAM?$AA?1?$AAd?$AAd?$AA?1?$AAy?$AAy?$AA?$AA@ 000000018000f868     libucrt:nlsdata.obj
 0002:00001880       ??_C@_1CI@KNAKOEBC@?$AAd?$AAd?$AAd?$AAd?$AA?0?$AA?5?$AAM?$AAM?$AAM?$AAM?$AA?5?$AAd?$AAd?$AA?0?$AA?5?$AAy?$AAy?$AAy?$AAy?$AA?$AA@ 000000018000f880     libucrt:nlsdata.obj
 0002:000018a8       ??_C@_1BC@GDGBMEMK@?$AAH?$AAH?$AA?3?$AAm?$AAm?$AA?3?$AAs?$AAs?$AA?$AA@ 000000018000f8a8     libucrt:nlsdata.obj
 0002:000018c0       ??_C@_1M@BMHNFIME@?$AAe?$AAn?$AA?9?$AAU?$AAS?$AA?$AA@ 000000018000f8c0     libucrt:nlsdata.obj
 0002:00001970       ??_C@_1EG@CNNIPFIM@?$AAa?$AAp?$AAi?$AA?9?$AAm?$AAs?$AA?9?$AAw?$AAi?$AAn?$AA?9?$AAa?$AAp?$AAp?$AAm?$AAo?$AAd?$AAe?$AAl?$AA?9?$AAr?$AAu?$AAn?$AAt?$AAi?$AAm?$AAe?$AA?9?$AAl?$AA1?$AA?9?$AA1@ 000000018000f970     libucrt:winapi_thunks.obj
 0002:000019c0       ??_C@_1EA@JGEFHKEI@?$AAa?$AAp?$AAi?$AA?9?$AAm?$AAs?$AA?9?$AAw?$AAi?$AAn?$AA?9?$AAc?$AAo?$AAr?$AAe?$AA?9?$AAd?$AAa?$AAt?$AAe?$AAt?$AAi?$AAm?$AAe?$AA?9?$AAl?$AA1?$AA?9?$AA1?$AA?9?$AA1?$AA?$AA@ 000000018000f9c0     libucrt:winapi_thunks.obj
 0002:00001a00       ??_C@_1DI@GCIAAENM@?$AAa?$AAp?$AAi?$AA?9?$AAm?$AAs?$AA?9?$AAw?$AAi?$AAn?$AA?9?$AAc?$AAo?$AAr?$AAe?$AA?9?$AAf?$AAi?$AAl?$AAe?$AA?9?$AAl?$AA2?$AA?9?$AA1?$AA?9?$AA1?$AA?$AA@ 000000018000fa00     libucrt:winapi_thunks.obj
 0002:00001a40       ??_C@_1EI@MPIAOHOC@?$AAa?$AAp?$AAi?$AA?9?$AAm?$AAs?$AA?9?$AAw?$AAi?$AAn?$AA?9?$AAc?$AAo?$AAr?$AAe?$AA?9?$AAl?$AAo?$AAc?$AAa?$AAl?$AAi?$AAz?$AAa?$AAt?$AAi?$AAo?$AAn?$AA?9?$AAl?$AA1?$AA?9@ 000000018000fa40     libucrt:winapi_thunks.obj
 0002:00001a90       ??_C@_1FK@FPHCKFIE@?$AAa?$AAp?$AAi?$AA?9?$AAm?$AAs?$AA?9?$AAw?$AAi?$AAn?$AA?9?$AAc?$AAo?$AAr?$AAe?$AA?9?$AAl?$AAo?$AAc?$AAa?$AAl?$AAi?$AAz?$AAa?$AAt?$AAi?$AAo?$AAn?$AA?9?$AAo?$AAb?$AAs@ 000000018000fa90     libucrt:winapi_thunks.obj
 0002:00001af0       ??_C@_1EM@DILCGIIO@?$AAa?$AAp?$AAi?$AA?9?$AAm?$AAs?$AA?9?$AAw?$AAi?$AAn?$AA?9?$AAc?$AAo?$AAr?$AAe?$AA?9?$AAp?$AAr?$AAo?$AAc?$AAe?$AAs?$AAs?$AAt?$AAh?$AAr?$AAe?$AAa?$AAd?$AAs?$AA?9?$AAl@ 000000018000faf0     libucrt:winapi_thunks.obj
 0002:00001b40       ??_C@_1DM@LNCGDDPN@?$AAa?$AAp?$AAi?$AA?9?$AAm?$AAs?$AA?9?$AAw?$AAi?$AAn?$AA?9?$AAc?$AAo?$AAr?$AAe?$AA?9?$AAs?$AAt?$AAr?$AAi?$AAn?$AAg?$AA?9?$AAl?$AA1?$AA?9?$AA1?$AA?9?$AA0?$AA?$AA@ 000000018000fb40     libucrt:winapi_thunks.obj
 0002:00001b80       ??_C@_1DO@FPAPJEMD@?$AAa?$AAp?$AAi?$AA?9?$AAm?$AAs?$AA?9?$AAw?$AAi?$AAn?$AA?9?$AAc?$AAo?$AAr?$AAe?$AA?9?$AAs?$AAy?$AAs?$AAi?$AAn?$AAf?$AAo?$AA?9?$AAl?$AA1?$AA?9?$AA2?$AA?9?$AA1?$AA?$AA@ 000000018000fb80     libucrt:winapi_thunks.obj
 0002:00001bc0       ??_C@_1DK@NDHNAHIO@?$AAa?$AAp?$AAi?$AA?9?$AAm?$AAs?$AA?9?$AAw?$AAi?$AAn?$AA?9?$AAc?$AAo?$AAr?$AAe?$AA?9?$AAw?$AAi?$AAn?$AAr?$AAt?$AA?9?$AAl?$AA1?$AA?9?$AA1?$AA?9?$AA0?$AA?$AA@ 000000018000fbc0     libucrt:winapi_thunks.obj
 0002:00001c00       ??_C@_1DM@KGHDGBCM@?$AAa?$AAp?$AAi?$AA?9?$AAm?$AAs?$AA?9?$AAw?$AAi?$AAn?$AA?9?$AAc?$AAo?$AAr?$AAe?$AA?9?$AAx?$AAs?$AAt?$AAa?$AAt?$AAe?$AA?9?$AAl?$AA2?$AA?9?$AA1?$AA?9?$AA0?$AA?$AA@ 000000018000fc00     libucrt:winapi_thunks.obj
 0002:00001c40       ??_C@_1EO@IJIOEFOH@?$AAa?$AAp?$AAi?$AA?9?$AAm?$AAs?$AA?9?$AAw?$AAi?$AAn?$AA?9?$AAr?$AAt?$AAc?$AAo?$AAr?$AAe?$AA?9?$AAn?$AAt?$AAu?$AAs?$AAe?$AAr?$AA?9?$AAw?$AAi?$AAn?$AAd?$AAo?$AAw?$AA?9@ 000000018000fc40     libucrt:winapi_thunks.obj
 0002:00001c90       ??_C@_1FG@HHGEKANL@?$AAa?$AAp?$AAi?$AA?9?$AAm?$AAs?$AA?9?$AAw?$AAi?$AAn?$AA?9?$AAs?$AAe?$AAc?$AAu?$AAr?$AAi?$AAt?$AAy?$AA?9?$AAs?$AAy?$AAs?$AAt?$AAe?$AAm?$AAf?$AAu?$AAn?$AAc?$AAt?$AAi@ 000000018000fc90     libucrt:winapi_thunks.obj
 0002:00001cf0       ??_C@_1FG@NCKKOLKO@?$AAe?$AAx?$AAt?$AA?9?$AAm?$AAs?$AA?9?$AAw?$AAi?$AAn?$AA?9?$AAk?$AAe?$AAr?$AAn?$AAe?$AAl?$AA3?$AA2?$AA?9?$AAp?$AAa?$AAc?$AAk?$AAa?$AAg?$AAe?$AA?9?$AAc?$AAu?$AAr?$AAr@ 000000018000fcf0     libucrt:winapi_thunks.obj
 0002:00001d50       ??_C@_1EG@DBIOJECG@?$AAe?$AAx?$AAt?$AA?9?$AAm?$AAs?$AA?9?$AAw?$AAi?$AAn?$AA?9?$AAn?$AAt?$AAu?$AAs?$AAe?$AAr?$AA?9?$AAd?$AAi?$AAa?$AAl?$AAo?$AAg?$AAb?$AAo?$AAx?$AA?9?$AAl?$AA1?$AA?9?$AA1@ 000000018000fd50     libucrt:winapi_thunks.obj
 0002:00001da0       ??_C@_1EO@FIHMJCLF@?$AAe?$AAx?$AAt?$AA?9?$AAm?$AAs?$AA?9?$AAw?$AAi?$AAn?$AA?9?$AAn?$AAt?$AAu?$AAs?$AAe?$AAr?$AA?9?$AAw?$AAi?$AAn?$AAd?$AAo?$AAw?$AAs?$AAt?$AAa?$AAt?$AAi?$AAo?$AAn?$AA?9@ 000000018000fda0     libucrt:winapi_thunks.obj
 0002:00001df0       ??_C@_1O@BCCLBEOE@?$AAu?$AAs?$AAe?$AAr?$AA3?$AA2?$AA?$AA@ 000000018000fdf0     libucrt:winapi_thunks.obj
 0002:00001e28       ??_C@_0BE@JOGNEJCI@GetCurrentPackageId?$AA@ 000000018000fe28     libucrt:winapi_thunks.obj
 0002:00001e50       ??_C@_0O@KKBNKAPF@LCMapStringEx?$AA@ 000000018000fe50     libucrt:winapi_thunks.obj
 0002:00001e68       ??_C@_0BB@HBDEELFH@LocaleNameToLCID?$AA@ 000000018000fe68     libucrt:winapi_thunks.obj
 0002:00001ea0       ??_C@_1M@HPNHIDJI@?$AAj?$AAa?$AA?9?$AAJ?$AAP?$AA?$AA@ 000000018000fea0     libucrt:mbctype.obj
 0002:00001eb0       ??_C@_1M@BIBDDEMK@?$AAz?$AAh?$AA?9?$AAC?$AAN?$AA?$AA@ 000000018000feb0     libucrt:mbctype.obj
 0002:00001ec0       ??_C@_1M@JLOOOEGK@?$AAk?$AAo?$AA?9?$AAK?$AAR?$AA?$AA@ 000000018000fec0     libucrt:mbctype.obj
 0002:00001ed0       ??_C@_1M@CLNBBOPM@?$AAz?$AAh?$AA?9?$AAT?$AAW?$AA?$AA@ 000000018000fed0     libucrt:mbctype.obj
 0002:00001ee0       __newctype                 000000018000fee0     libucrt:ctype.obj
 0002:000021e0       __newclmap                 00000001800101e0     libucrt:ctype.obj
 0002:00002360       __newcumap                 0000000180010360     libucrt:ctype.obj
 0002:000024e0       ??_C@_15PJPFLCCM@?$AAu?$AAk?$AA?$AA@ 00000001800104e0     libucrt:get_qualified_locale.obj
 0002:00003330       ??_C@_15EMKDOKLE@?$AAa?$AAr?$AA?$AA@ 0000000180011330     libucrt:lcidtoname_downlevel.obj
 0002:00003338       ??_C@_15KNPADPLH@?$AAb?$AAg?$AA?$AA@ 0000000180011338     libucrt:lcidtoname_downlevel.obj
 0002:00003340       ??_C@_15EDMHLDMO@?$AAc?$AAa?$AA?$AA@ 0000000180011340     libucrt:lcidtoname_downlevel.obj
 0002:00003348       ??_C@_1O@BPEAJADD@?$AAz?$AAh?$AA?9?$AAC?$AAH?$AAS?$AA?$AA@ 0000000180011348     libucrt:lcidtoname_downlevel.obj
 0002:00003358       ??_C@_15LJNHCMNK@?$AAc?$AAs?$AA?$AA@ 0000000180011358     libucrt:lcidtoname_downlevel.obj
 0002:00003360       ??_C@_15FOMCIDHG@?$AAd?$AAa?$AA?$AA@ 0000000180011360     libucrt:lcidtoname_downlevel.obj
 0002:00003368       ??_C@_15NBKABECB@?$AAd?$AAe?$AA?$AA@ 0000000180011368     libucrt:lcidtoname_downlevel.obj
 0002:00003370       ??_C@_15GHPEIIAO@?$AAe?$AAl?$AA?$AA@ 0000000180011370     libucrt:lcidtoname_downlevel.obj
 0002:00003378       ??_C@_15MNPNEAIF@?$AAe?$AAn?$AA?$AA@ 0000000180011378     libucrt:lcidtoname_downlevel.obj
 0002:00003380       ??_C@_15GPIOMPMH@?$AAe?$AAs?$AA?$AA@ 0000000180011380     libucrt:lcidtoname_downlevel.obj
 0002:00003388       ??_C@_15NGLOAKJC@?$AAf?$AAi?$AA?$AA@ 0000000180011388     libucrt:lcidtoname_downlevel.obj
 0002:00003390       ??_C@_15FBKGNKAM@?$AAf?$AAr?$AA?$AA@ 0000000180011390     libucrt:lcidtoname_downlevel.obj
 0002:00003398       ??_C@_15KGGCNEFK@?$AAh?$AAe?$AA?$AA@ 0000000180011398     libucrt:lcidtoname_downlevel.obj
 0002:000033a0       ??_C@_15PGHLIDMF@?$AAh?$AAu?$AA?$AA@ 00000001800113a0     libucrt:lcidtoname_downlevel.obj
 0002:000033a8       ??_C@_15BIEMAPLM@?$AAi?$AAs?$AA?$AA@ 00000001800113a8     libucrt:lcidtoname_downlevel.obj
 0002:000033b0       ??_C@_15IFJLDHAF@?$AAi?$AAt?$AA?$AA@ 00000001800113b0     libucrt:lcidtoname_downlevel.obj
 0002:000033b8       ??_C@_15GEMIOCAG@?$AAj?$AAa?$AA?$AA@ 00000001800113b8     libucrt:lcidtoname_downlevel.obj
 0002:000033c0       ??_C@_15EPELEGJA@?$AAk?$AAo?$AA?$AA@ 00000001800113c0     libucrt:lcidtoname_downlevel.obj
 0002:000033c8       ??_C@_15NDDHIMN@?$AAn?$AAl?$AA?$AA@ 00000001800113c8     libucrt:lcidtoname_downlevel.obj
 0002:000033d0       ??_C@_15BPIGNHCD@?$AAn?$AAo?$AA?$AA@ 00000001800113d0     libucrt:lcidtoname_downlevel.obj
 0002:000033d8       ??_C@_15DEOPBLCG@?$AAp?$AAl?$AA?$AA@ 00000001800113d8     libucrt:lcidtoname_downlevel.obj
 0002:000033e0       ??_C@_15KBECGEFG@?$AAp?$AAt?$AA?$AA@ 00000001800113e0     libucrt:lcidtoname_downlevel.obj
 0002:000033e8       ??_C@_15GLJCBFMD@?$AAr?$AAo?$AA?$AA@ 00000001800113e8     libucrt:lcidtoname_downlevel.obj
 0002:000033f0       ??_C@_15FEDGKCDI@?$AAr?$AAu?$AA?$AA@ 00000001800113f0     libucrt:lcidtoname_downlevel.obj
 0002:000033f8       ??_C@_15GLKMLLHM@?$AAh?$AAr?$AA?$AA@ 00000001800113f8     libucrt:lcidtoname_downlevel.obj
 0002:00003400       ??_C@_15CPKMFBDB@?$AAs?$AAk?$AA?$AA@ 0000000180011400     libucrt:lcidtoname_downlevel.obj
[...]
 0004:000008e8       $pdata$?setSBCS@@YAXPEAU__crt_multibyte_data@@@Z 000000018001a8e8     libucrt:mbctype.obj
 0004:000008f4       $pdata$?setSBUpLow@@YAXPEAU__crt_multibyte_data@@@Z 000000018001a8f4     libucrt:mbctype.obj
 0004:00000900       $pdata$?setmbcp_internal@@YAHH_N@Z 000000018001a900     libucrt:mbctype.obj
 0004:0000090c       $pdata$__acrt_initialize_multibyte 000000018001a90c     libucrt:mbctype.obj
 0004:00000918       $pdata$__acrt_update_thread_multibyte_data 000000018001a918     libucrt:mbctype.obj
 0004:00000924       $pdata$_setmbcp_nolock     000000018001a924     libucrt:mbctype.obj
 0004:00000930       $pdata$?x_ismbbtype_l@@YAHPEAU__crt_locale_pointers@@IHH@Z 000000018001a930     libucrt:ismbbyte.obj
 0004:0000093c       $pdata$__acrt_initialize_command_line 000000018001a93c     libucrt:argv_data.obj
 0004:00000948       $pdata$__dcrt_get_narrow_environment_from_os 000000018001a948     libucrt:get_environment_from_os.obj
 0004:00000954       $pdata$_recalloc_base      000000018001a954     libucrt:recalloc.obj
 0004:00000960       $pdata$__acrt_initialize_heap 000000018001a960     libucrt:heap_handle.obj
 0004:0000096c       $pdata$?initialize_inherited_file_handles_nolock@@YAXXZ 000000018001a96c     libucrt:ioinit.obj
 0004:00000978       $pdata$?initialize_stdio_handles_nolock@@YAXXZ 000000018001a978     libucrt:ioinit.obj
 0004:00000984       $pdata$__acrt_initialize_lowio 000000018001a984     libucrt:ioinit.obj
 0004:00000990       $pdata$__acrt_uninitialize_lowio 000000018001a990     libucrt:ioinit.obj
 0004:0000099c       $pdata$__acrt_execute_initializers 000000018001a99c     libucrt:shared_initialization.obj
 0004:000009a8       $pdata$__acrt_execute_uninitializers 000000018001a9a8     libucrt:shared_initialization.obj
 0004:000009b4       $pdata$??$?RV<lambda_c36588078e9f5dfd39652860aa6b3aaf>@@AEAV<lambda_ec61778202f4f5fc7e7711acc23c3bca>@@V<lambda_dc9d2797ccde5d239b4a0efae8ebd7db>@@@?$__crt_seh_guarded_call@P6AXH@Z@@QEAAP6AXH@Z$$QEAV<lambda_c36588078e9f5dfd39652860aa6b3aaf>@@AEAV<lambda_ec61778202f4f5fc7e7711acc23c3bca>@@$$QEAV<lambda_dc9d2797ccde5d239b4a0efae8ebd7db>@@@Z 000000018001a9b4     libucrt:signal.obj
 0004:000009c0       $pdata$__acrt_get_sigabrt_handler 000000018001a9c0     libucrt:signal.obj
 0004:000009cc       $pdata$raise               000000018001a9cc     libucrt:signal.obj
 0004:000009d8       $pdata$__acrt_invoke_user_matherr 000000018001a9d8     libucrt:matherr.obj
 0004:000009e4       $pdata$_mbtowc_l           000000018001a9e4     libucrt:mbtowc.obj
 0004:000009f0       $pdata$_fileno             000000018001a9f0     libucrt:fileno.obj
 0004:000009fc       $pdata$__acrt_initialize_stdio 000000018001a9fc     libucrt:_file.obj
 0004:00000a08       $pdata$__acrt_uninitialize_stdio 000000018001aa08     libucrt:_file.obj
 0004:00000a14       $pdata$__pctype_func       000000018001aa14     libucrt:ctype.obj
 0004:00000a20       $pdata$_isctype_l          000000018001aa20     libucrt:isctype.obj
 0004:00000a2c       $pdata$__acrt_free_locale  000000018001aa2c     libucrt:locale_refcounting.obj
 0004:00000a38       $pdata$__acrt_locale_free_lc_time_if_unreferenced 000000018001aa38     libucrt:locale_refcounting.obj
 0004:00000a44       $pdata$__acrt_release_locale_ref 000000018001aa44     libucrt:locale_refcounting.obj
 0004:00000a50       $pdata$__acrt_update_thread_locale_data 000000018001aa50     libucrt:locale_refcounting.obj
 0004:00000a5c       $pdata$_updatetlocinfoEx_nolock 000000018001aa5c     libucrt:locale_refcounting.obj
 0004:00000a68       $pdata$_isleadbyte_l       000000018001aa68     libucrt:_wctype.obj
 0004:00000a74       $pdata$?__acrt_LCMapStringA_stat@@YAHPEAU__crt_locale_pointers@@PEB_WKPEBDHPEADHHH@Z 000000018001aa74     libucrt:lcmapstringa.obj
 0004:00000a80       $pdata$__acrt_LCMapStringA 000000018001aa80     libucrt:lcmapstringa.obj
 0004:00000a8c       $pdata$__acrt_locale_free_monetary 000000018001aa8c     libucrt:initmon.obj
 0004:00000a98       $pdata$__acrt_locale_free_numeric 000000018001aa98     libucrt:initnum.obj
 0004:00000aa4       $pdata$?free_crt_array_internal@@YAXQEAPEBX_K@Z 000000018001aaa4     libucrt:inittime.obj
 0004:00000ab0       $pdata$__acrt_locale_free_time 000000018001aab0     libucrt:inittime.obj
 0004:00000abc       $pdata$__acrt_GetStringTypeA 000000018001aabc     libucrt:getstringtypea.obj
 0004:00000ac8       $pdata$?GetTableIndexFromLocaleName@@YAHPEB_W@Z 000000018001aac8     libucrt:lcidtoname_downlevel.obj
 0004:00000ad4       $pdata$__acrt_DownlevelLocaleNameToLCID 000000018001aad4     libucrt:lcidtoname_downlevel.obj
 0004:00000ae0       $pdata$?shortsort@@YAXPEAD0_KP6AHPEBX2@Z@Z 000000018001aae0     libucrt:qsort.obj
 0004:00000aec       $pdata$2$?shortsort@@YAXPEAD0_KP6AHPEBX2@Z@Z 000000018001aaec     libucrt:qsort.obj
 0004:00000af8       $pdata$3$?shortsort@@YAXPEAD0_KP6AHPEBX2@Z@Z 000000018001aaf8     libucrt:qsort.obj
 0004:00000b04       $pdata$qsort               000000018001ab04     libucrt:qsort.obj
 0004:00000b10       $pdata$4$qsort             000000018001ab10     libucrt:qsort.obj
 0004:00000b1c       $pdata$5$qsort             000000018001ab1c     libucrt:qsort.obj
 0004:00000b28       $pdata$strncpy_s           000000018001ab28     libucrt:strncpy_s.obj
 0004:00000b34       $pdata$strpbrk             000000018001ab34     libucrt:strpbrk.obj
 0004:00000b40       $pdata$_mbsdec_l           000000018001ab40     libucrt:mbsdec.obj
 0004:00000b4c       $pdata$?initialize_multibyte@@YAHXZ 000000018001ab4c     libucrt:multibyte_initializer.obj
 0004:00000b58       $pdata$_msize              000000018001ab58     libucrt:msize.obj
 0004:00000b64       $pdata$_realloc_base       000000018001ab64     libucrt:realloc_base.obj
 0004:00000b70       $pdata$__acrt_lowio_create_handle_array 000000018001ab70     libucrt:osfinfo.obj
 0004:00000b7c       $pdata$__acrt_lowio_destroy_handle_array 000000018001ab7c     libucrt:osfinfo.obj
 0004:00000b88       $pdata$__acrt_lowio_ensure_fh_exists 000000018001ab88     libucrt:osfinfo.obj
 0004:00000b94       $pdata$_free_osfhnd        000000018001ab94     libucrt:osfinfo.obj
 0004:00000ba0       $pdata$_get_osfhandle      000000018001aba0     libucrt:osfinfo.obj
 0004:00000bac       $pdata$_isatty             000000018001abac     libucrt:isatty.obj
 0004:00000bb8       $pdata$__acrt_stdio_flush_nolock 000000018001abb8     libucrt:fflush.obj
 0004:00000bc4       $pdata$_fflush_nolock      000000018001abc4     libucrt:fflush.obj
 0004:00000bd0       $pdata$common_flush_all    000000018001abd0     libucrt:fflush.obj
 0004:00000bdc       $pdata$_fcloseall          000000018001abdc     libucrt:closeall.obj
 0004:00000be8       $pdata$__acrt_stdio_free_buffer_nolock 000000018001abe8     libucrt:_freebuf.obj
 0004:00000bf4       $pdata$??$?RV<lambda_b521505b218e5242e90febf6bfebc422>@@AEAV<lambda_6978c1fb23f02e42e1d9e99668cc68aa>@@V<lambda_314360699dd331753a4119843814e9a7>@@@?$__crt_seh_guarded_call@H@@QEAAH$$QEAV<lambda_b521505b218e5242e90febf6bfebc422>@@AEAV<lambda_6978c1fb23f02e42e1d9e99668cc68aa>@@$$QEAV<lambda_314360699dd331753a4119843814e9a7>@@@Z 000000018001abf4     libucrt:commit.obj
 0004:00000c00       $pdata$_commit             000000018001ac00     libucrt:commit.obj
 0004:00000c0c       $pdata$?write_double_translated_ansi_nolock@@YA?AUwrite_result@?A0x9c548279@@HQEBDI@Z 000000018001ac0c     libucrt:write.obj
 0004:00000c18       $pdata$?write_text_ansi_nolock@@YA?AUwrite_result@?A0x9c548279@@HQEBDI@Z 000000018001ac18     libucrt:write.obj
 0004:00000c24       $pdata$?write_text_utf16le_nolock@@YA?AUwrite_result@?A0x9c548279@@HQEBDI@Z 000000018001ac24     libucrt:write.obj
 0004:00000c30       $pdata$?write_text_utf8_nolock@@YA?AUwrite_result@?A0x9c548279@@HQEBDI@Z 000000018001ac30     libucrt:write.obj
 0004:00000c3c       $pdata$_write              000000018001ac3c     libucrt:write.obj
 0004:00000c48       $pdata$_write_nolock       000000018001ac48     libucrt:write.obj
 0004:00000c60       $pdata$??$common_lseek_nolock@_J@@YA_JH_JH@Z 000000018001ac60     libucrt:lseek.obj
 0004:00000c6c       $pdata$_fclose_nolock      000000018001ac6c     libucrt:fclose.obj
 0004:00000c78       $pdata$fclose              000000018001ac78     libucrt:fclose.obj
 0004:00000c84       $pdata$_putwch_nolock      000000018001ac84     libucrt:putwch.obj
 0004:00000c90       $pdata$_call_matherr       000000018001ac90     libucrt:libm_error.obj
 0004:00000c9c       $pdata$_exception_enabled  000000018001ac9c     libucrt:libm_error.obj
 0004:00000ca8       $pdata$_handle_error       000000018001aca8     libucrt:libm_error.obj
 0004:00000cb4       $pdata$__acrt_initialize_fma3 000000018001acb4     libucrt:fma3_available.obj
 0004:00000cc0       $pdata$_log10_special      000000018001acc0     libucrt:log_special.obj
 0004:00000ccc       $pdata$_log_special_common 000000018001accc     libucrt:log_special.obj
 0004:00000cd8       $pdata$??$?RV<lambda_bfedae4ebbf01fab1bb6dcc6a9e276e0>@@AEAV<lambda_2fe9b910cf3cbf4a0ab98a02ba45b3ec>@@V<lambda_237c231691f317818eb88cc1d5d642d6>@@@?$__crt_seh_guarded_call@H@@QEAAH$$QEAV<lambda_bfedae4ebbf01fab1bb6dcc6a9e276e0>@@AEAV<lambda_2fe9b910cf3cbf4a0ab98a02ba45b3ec>@@$$QEAV<lambda_237c231691f317818eb88cc1d5d642d6>@@@Z 000000018001acd8     libucrt:close.obj
 0004:00000ce4       $pdata$_close              000000018001ace4     libucrt:close.obj
 0004:00000cf0       $pdata$_close_nolock       000000018001acf0     libucrt:close.obj
 0004:00000cfc       $pdata$__dcrt_lowio_initialize_console_output 000000018001acfc     libucrt:initcon.obj
 0004:00000d08       $pdata$__dcrt_terminate_console_output 000000018001ad08     libucrt:initcon.obj
 0004:00000d20       $pdata$_raise_exc          000000018001ad20     libucrt:fpexcept.obj
 0004:00000d2c       $pdata$_raise_exc_ex       000000018001ad2c     libucrt:fpexcept.obj
 0004:00000d38       $pdata$_set_errno_from_matherr 000000018001ad38     libucrt:fpexcept.obj
 0004:00000d44       $pdata$_clrfp              000000018001ad44     libucrt:fpctrl.obj
 0004:00000d50       $pdata$_ctrlfp             000000018001ad50     libucrt:fpctrl.obj
 0004:00000d5c       $pdata$_set_statfp         000000018001ad5c     libucrt:fpctrl.obj
 0004:00000d68       $pdata$_statfp             000000018001ad68     libucrt:fpctrl.obj
 0004:00000d74       $pdata$?DloadAcquireSectionWriteAccess@@YAXXZ 000000018001ad74     DelayImp:delayhlp.obj
 0004:00000d80       $pdata$?DloadGetSRWLockFunctionPointers@@YAEXZ 000000018001ad80     DelayImp:delayhlp.obj
 0004:00000d8c       $pdata$?DloadMakePermanentImageCommit@@YAXPEAX_K@Z 000000018001ad8c     DelayImp:delayhlp.obj
 0004:00000d98       $pdata$?DloadObtainSection@@YAPEAXPEAK0@Z 000000018001ad98     DelayImp:delayhlp.obj
 0004:00000da4       $pdata$?DloadProtectSection@@YAXKPEAK@Z 000000018001ada4     DelayImp:delayhlp.obj
 0004:00000db0       $pdata$?DloadReleaseSectionWriteAccess@@YAXXZ 000000018001adb0     DelayImp:delayhlp.obj
 0004:00000dbc       $pdata$__delayLoadHelper2  000000018001adbc     DelayImp:delayhlp.obj
 0004:00000dc8       $pdata$_IsNonwritableInCurrentImage 000000018001adc8     LIBCMT:pesect.obj
 0004:00000dd4       $pdata$__GSHandlerCheck    000000018001add4     LIBCMT:_gshandler_.obj
 0004:00000de0       $pdata$__GSHandlerCheckCommon 000000018001ade0     LIBCMT:_gshandler_.obj
 0004:00000e04       $pdata$sqrt                000000018001ae04     libucrt:sqrt.obj
 0004:00000e1c       $pdata$?fin$0@?0??dllmain_crt_process_attach@@YAHQEAUHINSTANCE__@@QEAX@Z@4HA 000000018001ae1c     LIBCMT:dll_dllmain.obj
 0004:00000e28       $pdata$?fin$0@?0??dllmain_crt_process_detach@@YAH_N@Z@4HA 000000018001ae28     LIBCMT:dll_dllmain.obj
 0004:00000e34       $pdata$?filt$0@?0??dllmain_dispatch@@YAHQEAUHINSTANCE__@@KQEAX@Z@4HA 000000018001ae34     LIBCMT:dll_dllmain.obj
 0004:00000e40       $pdata$__scrt_is_nonwritable_in_current_image$filt$0 000000018001ae40     LIBCMT:utility.obj
 0004:00000e4c       $pdata$_query_new_handler$fin$0 000000018001ae4c     libucrt:new_handler.obj
 0004:00000e58       $pdata$?filt$0@?0??common_exit@@YAXHW4_crt_exit_cleanup_mode@@W4_crt_exit_return_mode@@@Z@4HA 000000018001ae58     libucrt:exit.obj
 0004:00000e64       $pdata$?fin$1@?0??common_exit@@YAXHW4_crt_exit_cleanup_mode@@W4_crt_exit_return_mode@@@Z@4HA 000000018001ae64     libucrt:exit.obj
 0004:00000e70       $pdata$?fin$0@?0???$?RV<lambda_c36588078e9f5dfd39652860aa6b3aaf>@@AEAV<lambda_ec61778202f4f5fc7e7711acc23c3bca>@@V<lambda_dc9d2797ccde5d239b4a0efae8ebd7db>@@@?$__crt_seh_guarded_call@P6AXH@Z@@QEAAP6AXH@Z$$QEAV<lambda_c36588078e9f5dfd39652860aa6b3aaf>@@AEAV<lambda_ec61778202f4f5fc7e7711acc23c3bca>@@$$QEAV<lambda_dc9d2797ccde5d239b4a0efae8ebd7db>@@@Z@4HA 000000018001ae70     libucrt:signal.obj
 0004:00000e70       $pdata$?fin$0@?0???$?RV<lambda_b8c45f8f788dd370798f47cfe8ac3a86>@@AEAV<lambda_4e60a939b0d047cfe11ddc22648dfba9>@@V<lambda_332c3edc96d0294ec56c57d38c1cdfd5>@@@?$__crt_seh_guarded_call@H@@QEAAH$$QEAV<lambda_b8c45f8f788dd370798f47cfe8ac3a86>@@AEAV<lambda_4e60a939b0d047cfe11ddc22648dfba9>@@$$QEAV<lambda_332c3edc96d0294ec56c57d38c1cdfd5>@@@Z@4HA 000000018001ae70     libucrt:onexit.obj
 0004:00000e70       $pdata$?fin$0@?0???$?RV<lambda_46352004c1216016012b18bd6f87e700>@@AEAV<lambda_3bd07e1a1191394380780325891bf33f>@@V<lambda_334532d3f185bcaa59b5be82d7d22bff>@@@?$__crt_seh_guarded_call@X@@QEAAX$$QEAV<lambda_46352004c1216016012b18bd6f87e700>@@AEAV<lambda_3bd07e1a1191394380780325891bf33f>@@$$QEAV<lambda_334532d3f185bcaa59b5be82d7d22bff>@@@Z@4HA 000000018001ae70     libucrt:per_thread_data.obj
 0004:00000e70       $pdata$?fin$0@?0???$?RV<lambda_72d1df2b273a38828b1ce30cbf4cdab5>@@AEAV<lambda_876a65b173b8412d3a47c70a915b0cf4>@@V<lambda_41932305e351933ebe8f8be3ed8bb5dc>@@@?$__crt_seh_guarded_call@X@@QEAAX$$QEAV<lambda_72d1df2b273a38828b1ce30cbf4cdab5>@@AEAV<lambda_876a65b173b8412d3a47c70a915b0cf4>@@$$QEAV<lambda_41932305e351933ebe8f8be3ed8bb5dc>@@@Z@4HA 000000018001ae70     libucrt:per_thread_data.obj
 0004:00000e70       $pdata$?fin$0@?0???$?RV<lambda_fb3a7dec4e47f37f22dae91bb15c9095>@@AEAV<lambda_698284760c8add0bfb0756c19673e34b>@@V<lambda_dfb8eca1e75fef3034a8fb18dd509707>@@@?$__crt_seh_guarded_call@X@@QEAAX$$QEAV<lambda_fb3a7dec4e47f37f22dae91bb15c9095>@@AEAV<lambda_698284760c8add0bfb0756c19673e34b>@@$$QEAV<lambda_dfb8eca1e75fef3034a8fb18dd509707>@@@Z@4HA 000000018001ae70     libucrt:per_thread_data.obj
 0004:00000e70       $pdata$?fin$0@?0???$?RV<lambda_5e887d1dcbef67a5eb4283622ba103bf>@@AEAV<lambda_4466841279450cc726390878d4a41900>@@V<lambda_341c25c0346d94847f1f3c463c57e077>@@@?$__crt_seh_guarded_call@X@@QEAAX$$QEAV<lambda_5e887d1dcbef67a5eb4283622ba103bf>@@AEAV<lambda_4466841279450cc726390878d4a41900>@@$$QEAV<lambda_341c25c0346d94847f1f3c463c57e077>@@@Z@4HA 000000018001ae70     libucrt:per_thread_data.obj
 0004:00000e70       $pdata$?fin$0@?0???$?RV<lambda_99476a1ad63dd22509b5d3e65b0ffc95>@@AEAV<lambda_ad1ced32f4ac17aa236e5ef05d6b3b7c>@@V<lambda_f7424dd8d45958661754dc4f2697e9c3>@@@?$__crt_seh_guarded_call@X@@QEAAX$$QEAV<lambda_99476a1ad63dd22509b5d3e65b0ffc95>@@AEAV<lambda_ad1ced32f4ac17aa236e5ef05d6b3b7c>@@$$QEAV<lambda_f7424dd8d45958661754dc4f2697e9c3>@@@Z@4HA 000000018001ae70     libucrt:mbctype.obj
 0004:00000e7c       $pdata$?fin$0@?0???$?RV<lambda_e24bbb7b643b32fcea6fa61b31d4c984>@@AEAV<lambda_275893d493268fdec8709772e3fcec0e>@@V<lambda_9d71df4d7cf3f480f8d633942495c3b0>@@@?$__crt_seh_guarded_call@H@@QEAAH$$QEAV<lambda_e24bbb7b643b32fcea6fa61b31d4c984>@@AEAV<lambda_275893d493268fdec8709772e3fcec0e>@@$$QEAV<lambda_9d71df4d7cf3f480f8d633942495c3b0>@@@Z@4HA 000000018001ae7c     libucrt:onexit.obj
 0004:00000e88       $pdata$__acrt_update_thread_multibyte_data$fin$0 000000018001ae88     libucrt:mbctype.obj
 0004:00000e94       $pdata$raise$fin$0         000000018001ae94     libucrt:signal.obj
 0004:00000ea0       $pdata$__acrt_uninitialize_locale$fin$0 000000018001aea0     libucrt:wsetlocale.obj
 0004:00000ea0       $pdata$__acrt_update_thread_locale_data$fin$0 000000018001aea0     libucrt:locale_refcounting.obj
 0004:00000eac       $pdata$__acrt_lowio_ensure_fh_exists$fin$0 000000018001aeac     libucrt:osfinfo.obj
 0004:00000eac       $pdata$__acrt_initialize_lowio$fin$0 000000018001aeac     libucrt:ioinit.obj
 0004:00000eb8       $pdata$common_flush_all$fin$0 000000018001aeb8     libucrt:fflush.obj
 0004:00000ec4       $pdata$common_flush_all$fin$1 000000018001aec4     libucrt:fflush.obj
 0004:00000ed0       $pdata$_fcloseall$fin$0    000000018001aed0     libucrt:closeall.obj
 0004:00000edc       $pdata$?fin$0@?0???$?RV<lambda_b521505b218e5242e90febf6bfebc422>@@AEAV<lambda_6978c1fb23f02e42e1d9e99668cc68aa>@@V<lambda_314360699dd331753a4119843814e9a7>@@@?$__crt_seh_guarded_call@H@@QEAAH$$QEAV<lambda_b521505b218e5242e90febf6bfebc422>@@AEAV<lambda_6978c1fb23f02e42e1d9e99668cc68aa>@@$$QEAV<lambda_314360699dd331753a4119843814e9a7>@@@Z@4HA 000000018001aedc     libucrt:commit.obj
 0004:00000edc       $pdata$?fin$0@?0???$?RV<lambda_bfedae4ebbf01fab1bb6dcc6a9e276e0>@@AEAV<lambda_2fe9b910cf3cbf4a0ab98a02ba45b3ec>@@V<lambda_237c231691f317818eb88cc1d5d642d6>@@@?$__crt_seh_guarded_call@H@@QEAAH$$QEAV<lambda_bfedae4ebbf01fab1bb6dcc6a9e276e0>@@AEAV<lambda_2fe9b910cf3cbf4a0ab98a02ba45b3ec>@@$$QEAV<lambda_237c231691f317818eb88cc1d5d642d6>@@@Z@4HA 000000018001aedc     libucrt:close.obj
 0004:00000ee8       $pdata$_write$fin$0        000000018001aee8     libucrt:write.obj
 0004:00000ef4       $pdata$fclose$fin$0        000000018001aef4     libucrt:fclose.obj
 0004:00000f00       $pdata$_ctrlfp$filt$0      000000018001af00     libucrt:fpctrl.obj
 0004:00000f0c       $pdata$_IsNonwritableInCurrentImage$filt$0 000000018001af0c     LIBCMT:pesect.obj
 0005:00000000       __guard_fids__             000000018001b000     libucrt:initialization.obj
 0005:00000060       __guard_fids___acrt_initialize_ptd 000000018001b060     libucrt:per_thread_data.obj
 0005:00000064       __guard_fids_??$expand_argument_wildcards@D@@YAHQEAD0AEAV?$argument_list@D@?A0xca0879c4@@@Z 000000018001b064     libucrt:argv_wildcards.obj
 0005:00000068       __guard_fids__             000000018001b068     libucrt:locale_initializer.obj
 0005:0000006c       __guard_fids__             000000018001b06c     libucrt:multibyte_initializer.obj
 0005:00000070       __guard_fids__             000000018001b070     libucrt:stdio_initializer.obj
 0005:00000074       __guard_fids__             000000018001b074     libucrt:stdio_initializer.obj
 0005:00000078       __guard_fids__             000000018001b078     libucrt:fma3_initializer.obj
 0005:0000007c       __guard_fids__             000000018001b07c     libucrt:console_output_initializer.obj
 0005:00000080       __guard_fids__             000000018001b080     libcpmt:xthrow.obj
 0005:00000088       __guard_fids__             000000018001b088     libcpmt:xthrow.obj
 0005:00000090       __guard_fids__             000000018001b090     libcpmt:xthrow.obj
 0005:00000098       __guard_fids__             000000018001b098     libcpmt:xthrow.obj
 0005:000000a0       __guard_fids__             000000018001b0a0     libcpmt:xthrow.obj
 0005:000000a8       __guard_fids_?dllmain_crt_process_attach@@YAHQEAUHINSTANCE__@@QEAX@Z 000000018001b0a8     LIBCMT:dll_dllmain.obj
 0005:000000b0       __guard_fids_?dllmain_dispatch@@YAHQEAUHINSTANCE__@@KQEAX@Z 000000018001b0b0     LIBCMT:dll_dllmain.obj
 0005:000000b4       __guard_fids__             000000018001b0b4     LIBCMT:std_type_info_static.obj
 0005:000000b8       __guard_fids__             000000018001b0b8     LIBCMT:throw_bad_alloc.obj
 0005:000000c0       __guard_fids__             000000018001b0c0     LIBCMT:guard_support.obj
 0005:000000c4       __guard_fids___vcrt_initialize_ptd 000000018001b0c4     libvcruntime:per_thread_data.obj
 0006:00000060       $R000000                   000000018001c060     * linker generated manifest res *

 Exports

  ordinal    name

        1    _register_pow_
