 engine

 Timestamp is 5b13b4b5 (Sun Jun  3 11:28:21 2018)

 Preferred load address is 0000000180000000

 Start         Length     Name                   Class
 0001:00000000 0000d5c0H .text$mn                CODE
 0001:0000d5c0 00000020H .text$mn$00             CODE
 0001:0000d5e0 00000260H .text$x                 CODE
 0002:00000000 00000248H .idata$5                DATA
 0002:00000248 00000010H .00cfg                  DATA
 0002:00000258 00000008H .CRT$XCA                DATA
 0002:00000260 00000008H .CRT$XCU                DATA
 0002:00000268 00000008H .CRT$XCZ                DATA
 0002:00000270 00000008H .CRT$XIA                DATA
 0002:00000278 00000018H .CRT$XIC                DATA
 0002:00000290 00000008H .CRT$XIZ                DATA
 0002:00000298 00000008H .CRT$XPA                DATA
 0002:000002a0 00000010H .CRT$XPX                DATA
 0002:000002b0 00000008H .CRT$XPXA               DATA
 0002:000002b8 00000008H .CRT$XPZ                DATA
 0002:000002c0 00000008H .CRT$XTA                DATA
 0002:000002c8 00000008H .CRT$XTZ                DATA
 0002:000002d0 000071b8H .rdata                  DATA
 0002:00007488 00000384H .rdata$r                DATA
 0002:0000780c 000003d4H .rdata$zzzdbg           DATA
 0002:00007be0 00000008H .rtc$IAA                DATA
 0002:00007be8 00000008H .rtc$IZZ                DATA
 0002:00007bf0 00000008H .rtc$TAA                DATA
 0002:00007bf8 00000008H .rtc$TZZ                DATA
 0002:00007c00 00000c88H .xdata                  DATA
 0002:00008888 000001e4H .xdata$x                DATA
 0002:00008a6c 00000020H .didat$2                DATA
 0002:00008a8c 00000024H .didat$3                DATA
 0002:00008ab0 000000f0H .didat$4                DATA
 0002:00008ba0 000007a0H .didat$6                DATA
 0002:00009340 000000f0H .didat$7                DATA
 0002:00009430 00000050H .edata                  DATA
 0002:00009480 00000014H .idata$2                DATA
 0002:00009494 00000014H .idata$3                DATA
 0002:000094a8 00000248H .idata$4                DATA
 0002:000096f0 0000054eH .idata$6                DATA
 0003:00000000 00000920H .data                   DATA
 0003:00000920 00000118H .data$r                 DATA
 0003:00000a38 000000f8H .didat$5                DATA
 0003:00000b30 000011f0H .bss                    DATA
 0004:00000000 00000f48H .pdata                  DATA
 0005:00000000 00000080H .gfids$x                DATA
 0005:00000080 00000048H .gfids$y                DATA
 0006:00000000 00000060H .rsrc$01                DATA
 0006:00000060 00000180H .rsrc$02                DATA

  Address         Publics by Value              Rva+Base               Lib:Object

 0000:00000000       __guard_iat_count          0000000000000000     <absolute>
 0000:00000000       __dynamic_value_reloc_table 0000000000000000     <absolute>
 0000:00000000       __guard_iat_table          0000000000000000     <absolute>
 0000:00000000       __guard_longjmp_table      0000000000000000     <absolute>
 0000:00000000       __guard_longjmp_count      0000000000000000     <absolute>
 0000:00000000       __guard_fids_count         0000000000000000     <absolute>
 0000:00000000       ___safe_se_handler_table   0000000000000000     <absolute>
 0000:00000000       ___safe_se_handler_count   0000000000000000     <absolute>
 0000:00000000       __guard_fids_table         0000000000000000     <absolute>
 0000:00000100       __guard_flags              0000000000000100     <absolute>
 0000:00000000       __ImageBase                0000000180000000     <linker-defined>
 0001:000000d0       ?New@?$Factory@VFunctionTemplate@v8@@@imp@Nan@@SA?AV?$Local@VFunctionTemplate@v8@@@v8@@P6AXAEBV?$FunctionCallbackInfo@VValue@v8@@@3@@ZV?$Local@VValue@v8@@@5@V?$Local@VSignature@v8@@@5@@Z 00000001800010d0 f i engine.obj
 0001:00000250       ?ThrowTypeError@Nan@@YAXPEBD@Z 0000000180001250 f i engine.obj
 0001:000002e0       ?minMax@@YAHPEA_NAEAV?$vector@HV?$allocator@H@std@@@std@@HHAEAHHH_NH@Z 00000001800012e0 f   engine.obj
 0001:00000b00       ?alphaBeta@@YAHPEA_NAEAV?$vector@HV?$allocator@H@std@@@std@@HHAEAHHH_NHHH@Z 0000000180001b00 f   engine.obj
 0001:00001480       ?findBestMove@@YAHPEA_NHHH_NH1H@Z 0000000180002480 f   engine.obj
 0001:00001e70       ?Pow@@YAXAEBV?$FunctionCallbackInfo@VValue@v8@@@Nan@@@Z 0000000180002e70 f   engine.obj
 0001:00002240       ?Init@@YAXV?$Local@VObject@v8@@@v8@@@Z 0000000180003240 f   engine.obj
 0001:000022d0       ?assign@?$basic_string@DU?$char_traits@D@std@@V?$allocator@D@2@@std@@QEAAAEAV12@PEBD_K@Z 00000001800032d0 f i engine.obj
 0001:00002400       ?assign@?$basic_string@DU?$char_traits@D@std@@V?$allocator@D@2@@std@@QEAAAEAV12@AEBV12@_K1@Z 0000000180003400 f i engine.obj
 0001:00002530       ?allocate@?$_Wrap_alloc@V?$allocator@H@std@@@std@@QEAAPEAH_K@Z 0000000180003530 f i engine.obj
 0001:000025a0       ?_Reallocate@?$vector@HV?$allocator@H@std@@@std@@IEAAX_K@Z 00000001800035a0 f i engine.obj
 0001:000026e0       ?erase@?$basic_string@DU?$char_traits@D@std@@V?$allocator@D@2@@std@@QEAAAEAV12@_K0@Z 00000001800036e0 f i engine.obj
 0001:00002780       ?_Copy@?$basic_string@DU?$char_traits@D@std@@V?$allocator@D@2@@std@@QEAAX_K0@Z 0000000180003780 f i engine.obj
 0001:0000294c       __imp_load_?Value@External@v8@@QEBAPEAXXZ 000000018000394c f   node:node.exe
 0001:00002958       __tailMerge_node_exe       0000000180003958 f i node:node.exe
 0001:000029d1       __imp_load_?New@External@v8@@SA?AV?$Local@VExternal@v8@@@2@PEAVIsolate@2@PEAX@Z 00000001800039d1 f   node:node.exe
 0001:000029dd       __imp_load_?New@Integer@v8@@SA?AV?$Local@VInteger@v8@@@2@PEAVIsolate@2@H@Z 00000001800039dd f   node:node.exe
 0001:000029e9       __imp_load_?ThrowException@Isolate@v8@@QEAA?AV?$Local@VValue@v8@@@2@V32@@Z 00000001800039e9 f   node:node.exe
 0001:000029f5       __imp_load_?GetCurrentContext@Isolate@v8@@QEAA?AV?$Local@VContext@v8@@@2@XZ 00000001800039f5 f   node:node.exe
 0001:00002a01       __imp_load_?GetCurrent@Isolate@v8@@SAPEAV12@XZ 0000000180003a01 f   node:node.exe
 0001:00002a0d       __imp_load_?CreateHandle@HandleScope@v8@@KAPEAPEAVObject@internal@2@PEAVIsolate@42@PEAV342@@Z 0000000180003a0d f   node:node.exe
 0001:00002a19       __imp_load_?CreateHandle@HandleScope@v8@@CAPEAPEAVObject@internal@2@PEAVHeapObject@42@PEAV342@@Z 0000000180003a19 f   node:node.exe
 0001:00002a25       __imp_load_??1HandleScope@v8@@QEAA@XZ 0000000180003a25 f   node:node.exe
 0001:00002a31       __imp_load_??0HandleScope@v8@@QEAA@PEAVIsolate@1@@Z 0000000180003a31 f   node:node.exe
 0001:00002a3d       __imp_load_?TypeError@Exception@v8@@SA?AV?$Local@VValue@v8@@@2@V?$Local@VString@v8@@@2@@Z 0000000180003a3d f   node:node.exe
 0001:00002a49       __imp_load_?GetFunction@FunctionTemplate@v8@@QEAA?AV?$Local@VFunction@v8@@@2@XZ 0000000180003a49 f   node:node.exe
 0001:00002a55       __imp_load_?New@FunctionTemplate@v8@@SA?AV?$Local@VFunctionTemplate@v8@@@2@PEAVIsolate@2@P6AXAEBV?$FunctionCallbackInfo@VValue@v8@@@2@@ZV?$Local@VValue@v8@@@2@V?$Local@VSignature@v8@@@2@HW4ConstructorBehavior@2@@Z 0000000180003a55 f   node:node.exe
 0001:00002a61       __imp_load_?ToLocalEmpty@V8@v8@@CAXXZ 0000000180003a61 f   node:node.exe
 0001:00002a6d       __imp_load_?NumberValue@Value@v8@@QEBANXZ 0000000180003a6d f   node:node.exe
 0001:00002a79       __imp_load_?ToInt32@Value@v8@@QEBA?AV?$MaybeLocal@VInt32@v8@@@2@V?$Local@VContext@v8@@@2@@Z 0000000180003a79 f   node:node.exe
 0001:00002a85       __imp_load_?Escape@EscapableHandleScope@v8@@AEAAPEAPEAVObject@internal@2@PEAPEAV342@@Z 0000000180003a85 f   node:node.exe
 0001:00002a91       __imp_load_??0EscapableHandleScope@v8@@QEAA@PEAVIsolate@1@@Z 0000000180003a91 f   node:node.exe
 0001:00002a9d       __imp_load_??1Utf8Value@String@v8@@QEAA@XZ 0000000180003a9d f   node:node.exe
 0001:00002aa9       __imp_load_??0Utf8Value@String@v8@@QEAA@V?$Local@VValue@v8@@@2@@Z 0000000180003aa9 f   node:node.exe
 0001:00002ab5       __imp_load_?NewFromUtf8@String@v8@@SA?AV?$MaybeLocal@VString@v8@@@2@PEAVIsolate@2@PEBDW4NewStringType@2@H@Z 0000000180003ab5 f   node:node.exe
 0001:00002ac1       __imp_load_?SlowGetInternalField@Object@v8@@AEAA?AV?$Local@VValue@v8@@@2@H@Z 0000000180003ac1 f   node:node.exe
 0001:00002acd       __imp_load_?SetInternalField@Object@v8@@QEAAXHV?$Local@VValue@v8@@@2@@Z 0000000180003acd f   node:node.exe
 0001:00002ad9       __imp_load_?Set@Object@v8@@QEAA_NV?$Local@VValue@v8@@@2@0@Z 0000000180003ad9 f   node:node.exe
 0001:00002ae5       __imp_load_?SetInternalFieldCount@ObjectTemplate@v8@@QEAAXH@Z 0000000180003ae5 f   node:node.exe
 0001:00002af1       __imp_load_?NewInstance@ObjectTemplate@v8@@QEAA?AV?$MaybeLocal@VObject@v8@@@2@V?$Local@VContext@v8@@@2@@Z 0000000180003af1 f   node:node.exe
 0001:00002afd       __imp_load_?New@ObjectTemplate@v8@@SA?AV?$Local@VObjectTemplate@v8@@@2@PEAVIsolate@2@V?$Local@VFunctionTemplate@v8@@@2@@Z 0000000180003afd f   node:node.exe
 0001:00002b09       __imp_load_node_module_register 0000000180003b09 f   node:node.exe
 0001:00002b15       __imp_load_?ToString@Value@v8@@QEBA?AV?$Local@VString@v8@@@2@XZ 0000000180003b15 f   node:node.exe
 0001:00002b24       ??0bad_alloc@std@@QEAA@AEBV01@@Z 0000000180003b24 f i libcpmt:xthrow.obj
 0001:00002b64       ??0bad_alloc@std@@QEAA@XZ  0000000180003b64 f i libcpmt:xthrow.obj
 0001:00002b84       ??0exception@std@@QEAA@AEBV01@@Z 0000000180003b84 f i libcpmt:xthrow.obj
 0001:00002bbc       ??0length_error@std@@QEAA@AEBV01@@Z 0000000180003bbc f i libcpmt:xthrow.obj
 0001:00002bfc       ??0length_error@std@@QEAA@PEBD@Z 0000000180003bfc f i libcpmt:xthrow.obj
 0001:00002c48       ??0logic_error@std@@QEAA@AEBV01@@Z 0000000180003c48 f i libcpmt:xthrow.obj
 0001:00002c88       ??0out_of_range@std@@QEAA@AEBV01@@Z 0000000180003c88 f i libcpmt:xthrow.obj
 0001:00002cc8       ??0out_of_range@std@@QEAA@PEBD@Z 0000000180003cc8 f i libcpmt:xthrow.obj
 0001:00002d14       ??1bad_array_new_length@std@@UEAA@XZ 0000000180003d14 f i LIBCMT:throw_bad_alloc.obj
 0001:00002d14       ??1length_error@std@@UEAA@XZ 0000000180003d14 f i libcpmt:xthrow.obj
 0001:00002d14       ??1out_of_range@std@@UEAA@XZ 0000000180003d14 f i libcpmt:xthrow.obj
 0001:00002d14       ??1bad_alloc@std@@UEAA@XZ  0000000180003d14 f i libcpmt:xthrow.obj
 0001:00002d28       ??_Ebad_array_new_length@std@@UEAAPEAXI@Z 0000000180003d28 f i LIBCMT:throw_bad_alloc.obj
 0001:00002d28       ??_Elength_error@std@@UEAAPEAXI@Z 0000000180003d28 f i libcpmt:xthrow.obj
 0001:00002d28       ??_Glogic_error@std@@UEAAPEAXI@Z 0000000180003d28 f i libcpmt:xthrow.obj
 0001:00002d28       ??_Eexception@std@@UEAAPEAXI@Z 0000000180003d28 f i libcpmt:xthrow.obj
 0001:00002d28       ??_Ebad_alloc@std@@UEAAPEAXI@Z 0000000180003d28 f i libcpmt:xthrow.obj
 0001:00002d28       ??_Gout_of_range@std@@UEAAPEAXI@Z 0000000180003d28 f i libcpmt:xthrow.obj
 0001:00002d28       ??_Gexception@std@@UEAAPEAXI@Z 0000000180003d28 f i libcpmt:xthrow.obj
 0001:00002d28       ??_Eout_of_range@std@@UEAAPEAXI@Z 0000000180003d28 f i libcpmt:xthrow.obj
 0001:00002d28       ??_Gbad_array_new_length@std@@UEAAPEAXI@Z 0000000180003d28 f i LIBCMT:throw_bad_alloc.obj
 0001:00002d28       ??_Gbad_alloc@std@@UEAAPEAXI@Z 0000000180003d28 f i libcpmt:xthrow.obj
 0001:00002d28       ??_Elogic_error@std@@UEAAPEAXI@Z 0000000180003d28 f i libcpmt:xthrow.obj
 0001:00002d28       ??_Glength_error@std@@UEAAPEAXI@Z 0000000180003d28 f i libcpmt:xthrow.obj
 0001:00002d6c       ?__scrt_throw_std_bad_alloc@@YAXXZ 0000000180003d6c f   LIBCMT:throw_bad_alloc.obj
 0001:00002d6c       ?_Xbad_alloc@std@@YAXXZ    0000000180003d6c f   libcpmt:xthrow.obj
 0001:00002d8c       ?_Xlength_error@std@@YAXPEBD@Z 0000000180003d8c f   libcpmt:xthrow.obj
 0001:00002db0       ?_Xout_of_range@std@@YAXPEBD@Z 0000000180003db0 f   libcpmt:xthrow.obj
 0001:00002dd4       ?what@exception@std@@UEBAPEBDXZ 0000000180003dd4 f i libcpmt:xthrow.obj
 0001:00002e00       __security_check_cookie    0000000180003e00 f   LIBCMT:_amdsecgs_.obj
 0001:00002e24       ??2@YAPEAX_K@Z             0000000180003e24 f   LIBCMT:new_scalar.obj
 0001:00002e60       ??3@YAXPEAX@Z              0000000180003e60 f   LIBCMT:delete_scalar.obj
 0001:00002e68       ??3@YAXPEAX_K@Z            0000000180003e68 f   LIBCMT:delete_scalar_size.obj
 0001:00002e70       ??_U@YAPEAX_K@Z            0000000180003e70 f   LIBCMT:new_array.obj
 0001:000031c4       _DllMainCRTStartup         00000001800041c4 f   LIBCMT:dll_dllmain.obj
 0001:00003204       ??_Gtype_info@@UEAAPEAXI@Z 0000000180004204 f i LIBCMT:std_type_info_static.obj
 0001:00003204       ??_Etype_info@@UEAAPEAXI@Z 0000000180004204 f i LIBCMT:std_type_info_static.obj
 0001:00003230       __raise_securityfailure    0000000180004230 f   LIBCMT:gs_report.obj
 0001:00003264       __report_gsfailure         0000000180004264 f   LIBCMT:gs_report.obj
 0001:00003338       __report_rangecheckfailure 0000000180004338 f   LIBCMT:gs_report.obj
 0001:0000334c       __report_securityfailure   000000018000434c f   LIBCMT:gs_report.obj
 0001:000034cc       ??0bad_array_new_length@std@@QEAA@AEBV01@@Z 00000001800044cc f i LIBCMT:throw_bad_alloc.obj
 0001:0000350c       ??0bad_array_new_length@std@@QEAA@XZ 000000018000450c f i LIBCMT:throw_bad_alloc.obj
 0001:0000352c       ?__scrt_throw_std_bad_array_new_length@@YAXXZ 000000018000452c f   LIBCMT:throw_bad_alloc.obj
 0001:0000354c       __scrt_acquire_startup_lock 000000018000454c f   LIBCMT:utility.obj
 0001:00003588       __scrt_dllmain_after_initialize_c 0000000180004588 f   LIBCMT:utility.obj
 0001:000035bc       __scrt_dllmain_before_initialize_c 00000001800045bc f   LIBCMT:utility.obj
 0001:000035d4       __scrt_dllmain_crt_thread_attach 00000001800045d4 f   LIBCMT:utility.obj
 0001:000035fc       __scrt_dllmain_crt_thread_detach 00000001800045fc f   LIBCMT:utility.obj
 0001:00003614       __scrt_dllmain_exception_filter 0000000180004614 f   LIBCMT:utility.obj
 0001:00003678       __scrt_dllmain_uninitialize_c 0000000180004678 f   LIBCMT:utility.obj
 0001:000036a8       __scrt_dllmain_uninitialize_critical 00000001800046a8 f   LIBCMT:utility.obj
 0001:000036bc       __scrt_initialize_crt      00000001800046bc f   LIBCMT:utility.obj
 0001:00003708       __scrt_initialize_onexit_tables 0000000180004708 f   LIBCMT:utility.obj
 0001:000037d4       __scrt_is_nonwritable_in_current_image 00000001800047d4 f   LIBCMT:utility.obj
 0001:00003870       __scrt_release_startup_lock 0000000180004870 f   LIBCMT:utility.obj
 0001:00003894       __scrt_uninitialize_crt    0000000180004894 f   LIBCMT:utility.obj
 0001:000038c0       _onexit                    00000001800048c0 f   LIBCMT:utility.obj
 0001:00003910       atexit                     0000000180004910 f   LIBCMT:utility.obj
 0001:00003928       __security_init_cookie     0000000180004928 f   LIBCMT:gs_support.obj
 0001:000039d4       _get_startup_argv_mode     00000001800049d4 f   LIBCMT:argv_mode.obj
 0001:000039d4       DllMain                    00000001800049d4 f   LIBCMT:dll_dllmain_stub.obj
 0001:000039dc       ?__scrt_initialize_type_info@@YAXXZ 00000001800049dc f   LIBCMT:tncleanup.obj
 0001:000039ec       ?__scrt_uninitialize_type_info@@YAXXZ 00000001800049ec f   LIBCMT:tncleanup.obj
 0001:000039f8       __local_stdio_printf_options 00000001800049f8 f i LIBCMT:default_local_stdio_options.obj
 0001:00003a00       __local_stdio_scanf_options 0000000180004a00 f i LIBCMT:default_local_stdio_options.obj
 0001:00003a08       __scrt_initialize_default_local_stdio_options 0000000180004a08 f   LIBCMT:default_local_stdio_options.obj
 0001:00003a24       __scrt_get_dyn_tls_init_callback 0000000180004a24 f   LIBCMT:dyn_tls_init.obj
 0001:00003a2c       __crt_debugger_hook        0000000180004a2c f   LIBCMT:utility_desktop.obj
 0001:00003a34       __scrt_fastfail            0000000180004a34 f   LIBCMT:utility_desktop.obj
 0001:00003b7c       _RTC_Initialize            0000000180004b7c f   LIBCMT:_initsect_.obj
 0001:00003bc8       _RTC_Terminate             0000000180004bc8 f   LIBCMT:_initsect_.obj
 0001:00003c14       _guard_check_icall         0000000180004c14 f i LIBCMT:checkcfg.obj
 0001:00003c1c       __isa_available_init       0000000180004c1c f   LIBCMT:_cpu_disp_.obj
 0001:00003de4       __scrt_is_ucrt_dll_in_use  0000000180004de4 f   LIBCMT:ucrt_detection.obj
 0001:00003e00       memcpy                     0000000180004e00 f   libvcruntime:memcpy.obj
 0001:00003e00       memmove                    0000000180004e00 f   libvcruntime:memcpy.obj
 0001:00004238       __std_exception_copy       0000000180005238 f   libvcruntime:std_exception.obj
 0001:000042c8       __std_exception_destroy    00000001800052c8 f   libvcruntime:std_exception.obj
 0001:000042f0       _CxxThrowException         00000001800052f0 f   libvcruntime:throw.obj
 0001:000043c8       __C_specific_handler       00000001800053c8 f   libvcruntime:_chandler_.obj
 0001:000045c4       __vcrt_initialize          00000001800055c4 f   libvcruntime:initialization.obj
 0001:000045f8       __vcrt_thread_attach       00000001800055f8 f   libvcruntime:initialization.obj
 0001:0000460c       __vcrt_thread_detach       000000018000560c f   libvcruntime:initialization.obj
 0001:00004620       __vcrt_uninitialize        0000000180005620 f   libvcruntime:initialization.obj
 0001:00004640       __vcrt_uninitialize_critical 0000000180005640 f   libvcruntime:initialization.obj
 0001:00004650       __std_type_info_destroy_list 0000000180005650 f   libvcruntime:std_type_info.obj
 0001:00004690       memset                     0000000180005690 f   libvcruntime:memset.obj
 0001:00004840       _local_unwind              0000000180005840 f   libvcruntime:_jmpuwind_.obj
 0001:00004870       _NLG_Notify                0000000180005870 f   libvcruntime:_jmpuwind_.obj
 0001:00004890       __NLG_Dispatch2            0000000180005890 f   libvcruntime:_jmpuwind_.obj
 0001:000048a0       __NLG_Return2              00000001800058a0 f   libvcruntime:_jmpuwind_.obj
 0001:000048a4       _guard_check_icall_nop     00000001800058a4 f   LIBCMT:guard_support.obj
 0001:000048a4       __except_validate_context_record 00000001800058a4 f   libvcruntime:jbcxrval.obj
 0001:000048a8       __vcrt_freefls             00000001800058a8 f   libvcruntime:per_thread_data.obj
 0001:000048c8       __vcrt_freeptd             00000001800058c8 f   libvcruntime:per_thread_data.obj
 0001:00004918       __vcrt_getptd_noexit       0000000180005918 f   libvcruntime:per_thread_data.obj
 0001:000049d0       __vcrt_initialize_ptd      00000001800059d0 f   libvcruntime:per_thread_data.obj
 0001:00004a10       __vcrt_uninitialize_ptd    0000000180005a10 f   libvcruntime:per_thread_data.obj
 0001:00004a34       __vcrt_initialize_locks    0000000180005a34 f   libvcruntime:locks.obj
 0001:00004a7c       __vcrt_uninitialize_locks  0000000180005a7c f   libvcruntime:locks.obj
 0001:00004c7c       __vcrt_FlsAlloc            0000000180005c7c f   libvcruntime:winapi_downlevel.obj
 0001:00004cd0       __vcrt_FlsFree             0000000180005cd0 f   libvcruntime:winapi_downlevel.obj
 0001:00004d24       __vcrt_FlsGetValue         0000000180005d24 f   libvcruntime:winapi_downlevel.obj
 0001:00004d78       __vcrt_FlsSetValue         0000000180005d78 f   libvcruntime:winapi_downlevel.obj
 0001:00004de0       __vcrt_InitializeCriticalSectionEx 0000000180005de0 f   libvcruntime:winapi_downlevel.obj
 0001:00004e58       __vcrt_initialize_winapi_thunks 0000000180005e58 f   libvcruntime:winapi_downlevel.obj
 0001:00004ea4       __vcrt_uninitialize_winapi_thunks 0000000180005ea4 f   libvcruntime:winapi_downlevel.obj
 0001:00004ee4       __vcrt_initialize_pure_virtual_call_handler 0000000180005ee4 f   libvcruntime:purevirt_data.obj
 0001:00004f08       __acrt_call_reportfault    0000000180005f08 f   libucrt:invalid_parameter.obj
 0001:00005064       __acrt_initialize_invalid_parameter_handler 0000000180006064 f   libucrt:invalid_parameter.obj
 0001:0000506c       _invalid_parameter         000000018000606c f   libucrt:invalid_parameter.obj
 0001:00005114       _invalid_parameter_noinfo  0000000180006114 f   libucrt:invalid_parameter.obj
 0001:00005134       _invalid_parameter_noinfo_noreturn 0000000180006134 f   libucrt:invalid_parameter.obj
 0001:00005164       _invoke_watson             0000000180006164 f   libucrt:invalid_parameter.obj
 0001:000051ac       ??0_LocaleUpdate@@QEAA@QEAU__crt_locale_pointers@@@Z 00000001800061ac f i libucrt:stricmp.obj
 0001:0000523c       __ascii_stricmp            000000018000623c f   libucrt:stricmp.obj
 0001:00005278       _stricmp                   0000000180006278 f   libucrt:stricmp.obj
 0001:000052c0       _stricmp_l                 00000001800062c0 f   libucrt:stricmp.obj
 0001:00005374       __acrt_initialize_new_handler 0000000180006374 f   libucrt:new_handler.obj
 0001:0000537c       _callnewh                  000000018000637c f   libucrt:new_handler.obj
 0001:000053bc       _query_new_handler         00000001800063bc f   libucrt:new_handler.obj
 0001:000053f0       malloc                     00000001800063f0 f   libucrt:malloc.obj
 0001:000053f8       free                       00000001800063f8 f   libucrt:free.obj
 0001:00005400       _initterm                  0000000180006400 f   libucrt:initterm.obj
 0001:00005478       _initterm_e                0000000180006478 f   libucrt:initterm.obj
 0001:000054c4       _seh_filter_dll            00000001800064c4 f   libucrt:exception_filter.obj
 0001:000054d8       _seh_filter_exe            00000001800064d8 f   libucrt:exception_filter.obj
 0001:00005898       __acrt_initialize_thread_local_exit_callback 0000000180006898 f   libucrt:exit.obj
 0001:000058a0       _cexit                     00000001800068a0 f   libucrt:exit.obj
 0001:000058b0       _exit                      00000001800068b0 f   libucrt:exit.obj
 0001:000058bc       _is_c_termination_complete 00000001800068bc f   libucrt:exit.obj
 0001:00005a80       __acrt_allocate_buffer_for_argv 0000000180006a80 f   libucrt:argv_parsing.obj
 0001:00005ae4       _configure_narrow_argv     0000000180006ae4 f   libucrt:argv_parsing.obj
 0001:00005e40       __dcrt_uninitialize_environments_nolock 0000000180006e40 f   libucrt:environment_initialization.obj
 0001:00005e78       _initialize_narrow_environment 0000000180006e78 f   libucrt:environment_initialization.obj
 0001:00005e80       ??$?RV<lambda_b8c45f8f788dd370798f47cfe8ac3a86>@@AEAV<lambda_4e60a939b0d047cfe11ddc22648dfba9>@@V<lambda_332c3edc96d0294ec56c57d38c1cdfd5>@@@?$__crt_seh_guarded_call@H@@QEAAH$$QEAV<lambda_b8c45f8f788dd370798f47cfe8ac3a86>@@AEAV<lambda_4e60a939b0d047cfe11ddc22648dfba9>@@$$QEAV<lambda_332c3edc96d0294ec56c57d38c1cdfd5>@@@Z 0000000180006e80 f i libucrt:onexit.obj
 0001:00005ebc       ??$?RV<lambda_e24bbb7b643b32fcea6fa61b31d4c984>@@AEAV<lambda_275893d493268fdec8709772e3fcec0e>@@V<lambda_9d71df4d7cf3f480f8d633942495c3b0>@@@?$__crt_seh_guarded_call@H@@QEAAH$$QEAV<lambda_e24bbb7b643b32fcea6fa61b31d4c984>@@AEAV<lambda_275893d493268fdec8709772e3fcec0e>@@$$QEAV<lambda_9d71df4d7cf3f480f8d633942495c3b0>@@@Z 0000000180006ebc f i libucrt:onexit.obj
 0001:00006238       _crt_atexit                0000000180007238 f   libucrt:onexit.obj
 0001:00006248       _execute_onexit_table      0000000180007248 f   libucrt:onexit.obj
 0001:00006284       _initialize_onexit_table   0000000180007284 f   libucrt:onexit.obj
 0001:000062c4       _register_onexit_function  00000001800072c4 f   libucrt:onexit.obj
 0001:00006354       __acrt_uninitialize_command_line 0000000180007354 f   libucrt:argv_data.obj
 0001:00006444       __acrt_initialize          0000000180007444 f   libucrt:initialization.obj
 0001:00006458       __acrt_thread_attach       0000000180007458 f   libucrt:initialization.obj
 0001:0000646c       __acrt_thread_detach       000000018000746c f   libucrt:initialization.obj
 0001:0000647c       __acrt_uninitialize        000000018000747c f   libucrt:initialization.obj
 0001:00006490       __acrt_uninitialize_critical 0000000180007490 f   libucrt:initialization.obj
 0001:000064a0       terminate                  00000001800074a0 f   libucrt:terminate.obj
 0001:000064c8       strcpy_s                   00000001800074c8 f   libucrt:strcpy_s.obj
 0001:00006528       _free_base                 0000000180007528 f   libucrt:free_base.obj
 0001:00006568       _malloc_base               0000000180007568 f   libucrt:malloc_base.obj
 0001:000065c8       abort                      00000001800075c8 f   libucrt:abort.obj
 0001:00006620       _calloc_base               0000000180007620 f   libucrt:calloc_base.obj
 0001:00006698       ??$?RV<lambda_46352004c1216016012b18bd6f87e700>@@AEAV<lambda_3bd07e1a1191394380780325891bf33f>@@V<lambda_334532d3f185bcaa59b5be82d7d22bff>@@@?$__crt_seh_guarded_call@X@@QEAAX$$QEAV<lambda_46352004c1216016012b18bd6f87e700>@@AEAV<lambda_3bd07e1a1191394380780325891bf33f>@@$$QEAV<lambda_334532d3f185bcaa59b5be82d7d22bff>@@@Z 0000000180007698 f i libucrt:per_thread_data.obj
 0001:000066f8       ??$?RV<lambda_5e887d1dcbef67a5eb4283622ba103bf>@@AEAV<lambda_4466841279450cc726390878d4a41900>@@V<lambda_341c25c0346d94847f1f3c463c57e077>@@@?$__crt_seh_guarded_call@X@@QEAAX$$QEAV<lambda_5e887d1dcbef67a5eb4283622ba103bf>@@AEAV<lambda_4466841279450cc726390878d4a41900>@@$$QEAV<lambda_341c25c0346d94847f1f3c463c57e077>@@@Z 00000001800076f8 f i libucrt:per_thread_data.obj
 0001:00006740       ??$?RV<lambda_72d1df2b273a38828b1ce30cbf4cdab5>@@AEAV<lambda_876a65b173b8412d3a47c70a915b0cf4>@@V<lambda_41932305e351933ebe8f8be3ed8bb5dc>@@@?$__crt_seh_guarded_call@X@@QEAAX$$QEAV<lambda_72d1df2b273a38828b1ce30cbf4cdab5>@@AEAV<lambda_876a65b173b8412d3a47c70a915b0cf4>@@$$QEAV<lambda_41932305e351933ebe8f8be3ed8bb5dc>@@@Z 0000000180007740 f i libucrt:per_thread_data.obj
 0001:00006780       ??$?RV<lambda_fb3a7dec4e47f37f22dae91bb15c9095>@@AEAV<lambda_698284760c8add0bfb0756c19673e34b>@@V<lambda_dfb8eca1e75fef3034a8fb18dd509707>@@@?$__crt_seh_guarded_call@X@@QEAAX$$QEAV<lambda_fb3a7dec4e47f37f22dae91bb15c9095>@@AEAV<lambda_698284760c8add0bfb0756c19673e34b>@@$$QEAV<lambda_dfb8eca1e75fef3034a8fb18dd509707>@@@Z 0000000180007780 f i libucrt:per_thread_data.obj
 0001:00006a10       __acrt_freeptd             0000000180007a10 f   libucrt:per_thread_data.obj
 0001:00006a54       __acrt_getptd              0000000180007a54 f   libucrt:per_thread_data.obj
 0001:00006ae8       __acrt_getptd_noexit       0000000180007ae8 f   libucrt:per_thread_data.obj
 0001:00006b88       __acrt_initialize_ptd      0000000180007b88 f   libucrt:per_thread_data.obj
 0001:00006bc4       __acrt_uninitialize_ptd    0000000180007bc4 f   libucrt:per_thread_data.obj
 0001:00006be8       __acrt_errno_from_os_error 0000000180007be8 f   libucrt:errno.obj
 0001:00006c30       __acrt_errno_map_os_error  0000000180007c30 f   libucrt:errno.obj
 0001:00006c80       __doserrno                 0000000180007c80 f   libucrt:errno.obj
 0001:00006ca0       _errno                     0000000180007ca0 f   libucrt:errno.obj
 0001:00006d10       _tolower_l                 0000000180007d10 f   libucrt:tolower_toupper.obj
 0001:00006e50       __acrt_update_locale_info  0000000180007e50 f   libucrt:locale_update.obj
 0001:00006e84       __acrt_update_multibyte_info 0000000180007e84 f   libucrt:locale_update.obj
 0001:00006eb8       __acrt_set_locale_changed  0000000180007eb8 f   libucrt:wsetlocale.obj
 0001:00006ec4       __acrt_uninitialize_locale 0000000180007ec4 f   libucrt:wsetlocale.obj
 0001:00006f0c       __acrt_initialize_locks    0000000180007f0c f   libucrt:locks.obj
 0001:00006f54       __acrt_lock                0000000180007f54 f   libucrt:locks.obj
 0001:00006f70       __acrt_uninitialize_locks  0000000180007f70 f   libucrt:locks.obj
 0001:00006fa8       __acrt_unlock              0000000180007fa8 f   libucrt:locks.obj
 0001:00007164       __acrt_FlsAlloc            0000000180008164 f   libucrt:winapi_thunks.obj
 0001:000071bc       __acrt_FlsFree             00000001800081bc f   libucrt:winapi_thunks.obj
 0001:00007214       __acrt_FlsGetValue         0000000180008214 f   libucrt:winapi_thunks.obj
 0001:0000726c       __acrt_FlsSetValue         000000018000826c f   libucrt:winapi_thunks.obj
 0001:000072d4       __acrt_InitializeCriticalSectionEx 00000001800082d4 f   libucrt:winapi_thunks.obj
 0001:0000734c       __acrt_LCMapStringEx       000000018000834c f   libucrt:winapi_thunks.obj
 0001:0000743c       __acrt_LocaleNameToLCID    000000018000843c f   libucrt:winapi_thunks.obj
 0001:000074a4       __acrt_initialize_winapi_thunks 00000001800084a4 f   libucrt:winapi_thunks.obj
 0001:000074dc       __acrt_is_packaged_app     00000001800084dc f   libucrt:winapi_thunks.obj
 0001:00007564       __acrt_uninitialize_winapi_thunks 0000000180008564 f   libucrt:winapi_thunks.obj
 0001:00007a84       ?expand_if_necessary@?$argument_list@D@?A0xca0879c4@@AEAAHXZ 0000000180008a84 f i libucrt:argv_wildcards.obj
 0001:00007b4c       __acrt_expand_narrow_argv_wildcards 0000000180008b4c f   libucrt:argv_wildcards.obj
 0001:00007b54       ??$?RV<lambda_99476a1ad63dd22509b5d3e65b0ffc95>@@AEAV<lambda_ad1ced32f4ac17aa236e5ef05d6b3b7c>@@V<lambda_f7424dd8d45958661754dc4f2697e9c3>@@@?$__crt_seh_guarded_call@X@@QEAAX$$QEAV<lambda_99476a1ad63dd22509b5d3e65b0ffc95>@@AEAV<lambda_ad1ced32f4ac17aa236e5ef05d6b3b7c>@@$$QEAV<lambda_f7424dd8d45958661754dc4f2697e9c3>@@@Z 0000000180008b54 f i libucrt:mbctype.obj
 0001:00008250       __acrt_initialize_multibyte 0000000180009250 f   libucrt:mbctype.obj
 0001:00008278       __acrt_update_thread_multibyte_data 0000000180009278 f   libucrt:mbctype.obj
 0001:00008338       _setmbcp_nolock            0000000180009338 f   libucrt:mbctype.obj
 0001:00008658       _ismbblead                 0000000180009658 f   libucrt:ismbbyte.obj
 0001:0000866c       __acrt_initialize_command_line 000000018000966c f   libucrt:argv_data.obj
 0001:00008694       __dcrt_get_narrow_environment_from_os 0000000180009694 f   libucrt:get_environment_from_os.obj
 0001:00008798       _recalloc                  0000000180009798 f   libucrt:recalloc.obj
 0001:000087a0       _recalloc_base             00000001800097a0 f   libucrt:recalloc.obj
 0001:00008838       __acrt_initialize_heap     0000000180009838 f   libucrt:heap_handle.obj
 0001:00008854       __acrt_uninitialize_heap   0000000180009854 f   libucrt:heap_handle.obj
 0001:00008a48       __acrt_initialize_lowio    0000000180009a48 f   libucrt:ioinit.obj
 0001:00008a84       __acrt_uninitialize_lowio  0000000180009a84 f   libucrt:ioinit.obj
 0001:00008ac4       __acrt_execute_initializers 0000000180009ac4 f   libucrt:shared_initialization.obj
 0001:00008b58       __acrt_execute_uninitializers 0000000180009b58 f   libucrt:shared_initialization.obj
 0001:00008ba8       ??$?RV<lambda_c36588078e9f5dfd39652860aa6b3aaf>@@AEAV<lambda_ec61778202f4f5fc7e7711acc23c3bca>@@V<lambda_dc9d2797ccde5d239b4a0efae8ebd7db>@@@?$__crt_seh_guarded_call@P6AXH@Z@@QEAAP6AXH@Z$$QEAV<lambda_c36588078e9f5dfd39652860aa6b3aaf>@@AEAV<lambda_ec61778202f4f5fc7e7711acc23c3bca>@@$$QEAV<lambda_dc9d2797ccde5d239b4a0efae8ebd7db>@@@Z 0000000180009ba8 f i libucrt:signal.obj
 0001:00008bf0       __acrt_get_sigabrt_handler 0000000180009bf0 f   libucrt:signal.obj
 0001:00008c20       __acrt_initialize_signal_handlers 0000000180009c20 f   libucrt:signal.obj
 0001:00008c40       raise                      0000000180009c40 f   libucrt:signal.obj
 0001:00008edc       __acrt_has_user_matherr    0000000180009edc f   libucrt:matherr.obj
 0001:00008efc       __acrt_initialize_user_matherr 0000000180009efc f   libucrt:matherr.obj
 0001:00008f04       __acrt_invoke_user_matherr 0000000180009f04 f   libucrt:matherr.obj
 0001:00008f4c       _query_new_mode            0000000180009f4c f   libucrt:new_mode.obj
 0001:00008f54       _mbtowc_l                  0000000180009f54 f   libucrt:mbtowc.obj
 0001:0000909c       mbtowc                     000000018000a09c f   libucrt:mbtowc.obj
 0001:000090a4       _fileno                    000000018000a0a4 f   libucrt:fileno.obj
 0001:000090cc       __acrt_initialize_stdio    000000018000a0cc f   libucrt:_file.obj
 0001:000091ec       __acrt_uninitialize_stdio  000000018000a1ec f   libucrt:_file.obj
 0001:00009248       _lock_file                 000000018000a248 f   libucrt:_file.obj
 0001:00009254       _unlock_file               000000018000a254 f   libucrt:_file.obj
 0001:00009260       __pctype_func              000000018000a260 f   libucrt:ctype.obj
 0001:00009290       _isctype_l                 000000018000a290 f   libucrt:isctype.obj
 0001:000093a0       __acrt_add_locale_ref      000000018000a3a0 f   libucrt:locale_refcounting.obj
 0001:0000942c       __acrt_free_locale         000000018000a42c f   libucrt:locale_refcounting.obj
 0001:000095a4       __acrt_locale_add_lc_time_reference 000000018000a5a4 f   libucrt:locale_refcounting.obj
 0001:000095cc       __acrt_locale_free_lc_time_if_unreferenced 000000018000a5cc f   libucrt:locale_refcounting.obj
 0001:00009604       __acrt_locale_release_lc_time_reference 000000018000a604 f   libucrt:locale_refcounting.obj
 0001:0000962c       __acrt_release_locale_ref  000000018000a62c f   libucrt:locale_refcounting.obj
 0001:000096d4       __acrt_update_thread_locale_data 000000018000a6d4 f   libucrt:locale_refcounting.obj
 0001:00009744       _updatetlocinfoEx_nolock   000000018000a744 f   libucrt:locale_refcounting.obj
 0001:000097ac       _isleadbyte_l              000000018000a7ac f i libucrt:_wctype.obj
 0001:00009b48       __acrt_LCMapStringA        000000018000ab48 f   libucrt:lcmapstringa.obj
 0001:00009be0       __acrt_locale_free_monetary 000000018000abe0 f   libucrt:initmon.obj
 0001:00009cec       __acrt_locale_free_numeric 000000018000acec f   libucrt:initnum.obj
 0001:00009db0       __acrt_locale_free_time    000000018000adb0 f   libucrt:inittime.obj
 0001:00009eb8       __acrt_GetStringTypeA      000000018000aeb8 f   libucrt:getstringtypea.obj
 0001:0000a134       __acrt_DownlevelLocaleNameToLCID 000000018000b134 f   libucrt:lcidtoname_downlevel.obj
 0001:0000a240       qsort                      000000018000b240 f   libucrt:qsort.obj
 0001:0000a574       strncpy_s                  000000018000b574 f   libucrt:strncpy_s.obj
 0001:0000a648       strpbrk                    000000018000b648 f   libucrt:strpbrk.obj
 0001:0000a6e8       _mbsdec                    000000018000b6e8 f   libucrt:mbsdec.obj
 0001:0000a6f0       _mbsdec_l                  000000018000b6f0 f   libucrt:mbsdec.obj
 0001:0000a7a0       _msize                     000000018000b7a0 f   libucrt:msize.obj
 0001:0000a7dc       _realloc_base              000000018000b7dc f   libucrt:realloc_base.obj
 0001:0000a860       __acrt_lowio_create_handle_array 000000018000b860 f   libucrt:osfinfo.obj
 0001:0000a8f8       __acrt_lowio_destroy_handle_array 000000018000b8f8 f   libucrt:osfinfo.obj
 0001:0000a948       __acrt_lowio_ensure_fh_exists 000000018000b948 f   libucrt:osfinfo.obj
 0001:0000aa00       __acrt_lowio_lock_fh       000000018000ba00 f   libucrt:osfinfo.obj
 0001:0000aa24       __acrt_lowio_unlock_fh     000000018000ba24 f   libucrt:osfinfo.obj
 0001:0000aa48       _free_osfhnd               000000018000ba48 f   libucrt:osfinfo.obj
 0001:0000ab04       _get_osfhandle             000000018000bb04 f   libucrt:osfinfo.obj
 0001:0000ab7c       _isatty                    000000018000bb7c f   libucrt:isatty.obj
 0001:0000abdc       __acrt_stdio_flush_nolock  000000018000bbdc f   libucrt:fflush.obj
 0001:0000ac54       _fflush_nolock             000000018000bc54 f   libucrt:fflush.obj
 0001:0000aca0       _flushall                  000000018000bca0 f   libucrt:fflush.obj
 0001:0000ad90       _fcloseall                 000000018000bd90 f   libucrt:closeall.obj
 0001:0000ae44       __acrt_stdio_free_buffer_nolock 000000018000be44 f   libucrt:_freebuf.obj
 0001:0000ae84       __strncnt                  000000018000be84 f   libucrt:strncnt.obj
 0001:0000ae9c       _query_app_type            000000018000be9c f   libucrt:report_runtime_error.obj
 0001:0000aea4       ??$?RV<lambda_b521505b218e5242e90febf6bfebc422>@@AEAV<lambda_6978c1fb23f02e42e1d9e99668cc68aa>@@V<lambda_314360699dd331753a4119843814e9a7>@@@?$__crt_seh_guarded_call@H@@QEAAH$$QEAV<lambda_b521505b218e5242e90febf6bfebc422>@@AEAV<lambda_6978c1fb23f02e42e1d9e99668cc68aa>@@$$QEAV<lambda_314360699dd331753a4119843814e9a7>@@@Z 000000018000bea4 f i libucrt:commit.obj
 0001:0000af30       _commit                    000000018000bf30 f   libucrt:commit.obj
 0001:0000b564       _write                     000000018000c564 f   libucrt:write.obj
 0001:0000b650       _write_nolock              000000018000c650 f   libucrt:write.obj
 0001:0000b940       log10                      000000018000c940 f   libucrt:log10.obj
 0001:0000bf88       _lseeki64_nolock           000000018000cf88 f   libucrt:lseek.obj
 0001:0000bf90       _fclose_nolock             000000018000cf90 f   libucrt:fclose.obj
 0001:0000c014       fclose                     000000018000d014 f   libucrt:fclose.obj
 0001:0000c080       _putwch_nolock             000000018000d080 f   libucrt:putwch.obj
 0001:0000c200       _handle_error              000000018000d200 f   libucrt:libm_error.obj
 0001:0000c328       _handle_nan                000000018000d328 f   libucrt:libm_error.obj
 0001:0000c350       __acrt_initialize_fma3     000000018000d350 f   libucrt:fma3_available.obj
 0001:0000c3c0       _log10_special             000000018000d3c0 f   libucrt:log_special.obj
 0001:0000c478       ??$?RV<lambda_bfedae4ebbf01fab1bb6dcc6a9e276e0>@@AEAV<lambda_2fe9b910cf3cbf4a0ab98a02ba45b3ec>@@V<lambda_237c231691f317818eb88cc1d5d642d6>@@@?$__crt_seh_guarded_call@H@@QEAAH$$QEAV<lambda_bfedae4ebbf01fab1bb6dcc6a9e276e0>@@AEAV<lambda_2fe9b910cf3cbf4a0ab98a02ba45b3ec>@@$$QEAV<lambda_237c231691f317818eb88cc1d5d642d6>@@@Z 000000018000d478 f i libucrt:close.obj
 0001:0000c4ec       _close                     000000018000d4ec f   libucrt:close.obj
 0001:0000c590       _close_nolock              000000018000d590 f   libucrt:close.obj
 0001:0000c64c       ?__acrt_stdio_free_stream@@YAXV__crt_stdio_stream@@@Z 000000018000d64c f   libucrt:stream.obj
 0001:0000c690       __dcrt_lowio_initialize_console_output 000000018000d690 f   libucrt:initcon.obj
 0001:0000c6cc       __dcrt_terminate_console_output 000000018000d6cc f   libucrt:initcon.obj
 0001:0000c700       _get_fpsr                  000000018000d700 f   libucrt:fpsr.obj
 0001:0000c710       _set_fpsr                  000000018000d710 f   libucrt:fpsr.obj
 0001:0000c71a       _fclrf                     000000018000d71a f   libucrt:fpsr.obj
 0001:0000c72e       _frnd                      000000018000d72e f   libucrt:fpsr.obj
 0001:0000c750       _raise_exc                 000000018000d750 f   libucrt:fpexcept.obj
 0001:0000c778       _raise_exc_ex              000000018000d778 f   libucrt:fpexcept.obj
 0001:0000ca80       _set_errno_from_matherr    000000018000da80 f   libucrt:fpexcept.obj
 0001:0000cab0       _clrfp                     000000018000dab0 f   libucrt:fpctrl.obj
 0001:0000cad0       _ctrlfp                    000000018000dad0 f   libucrt:fpctrl.obj
 0001:0000cb4c       _set_statfp                000000018000db4c f   libucrt:fpctrl.obj
 0001:0000cb6c       _statfp                    000000018000db6c f   libucrt:fpctrl.obj
 0001:0000cb7e       IsProcessorFeaturePresent  000000018000db7e f   kernel32:KERNEL32.dll
 0001:0000cb84       RtlUnwindEx                000000018000db84 f   kernel32:KERNEL32.dll
 0001:0000cb8c       ?DloadAcquireSectionWriteAccess@@YAXXZ 000000018000db8c f i DelayImp:delayhlp.obj
 0001:0000cc48       ?DloadGetSRWLockFunctionPointers@@YAEXZ 000000018000dc48 f i DelayImp:delayhlp.obj
 0001:0000cce4       ?DloadMakePermanentImageCommit@@YAXPEAX_K@Z 000000018000dce4 f i DelayImp:delayhlp.obj
 0001:0000cd7c       ?DloadObtainSection@@YAPEAXPEAK0@Z 000000018000dd7c f i DelayImp:delayhlp.obj
 0001:0000ce14       ?DloadProtectSection@@YAXKPEAK@Z 000000018000de14 f i DelayImp:delayhlp.obj
 0001:0000cea4       ?DloadReleaseSectionWriteAccess@@YAXXZ 000000018000dea4 f i DelayImp:delayhlp.obj
 0001:0000cf48       __delayLoadHelper2         000000018000df48 f   DelayImp:delayhlp.obj
 0001:0000d250       _FindPESection             000000018000e250 f   LIBCMT:pesect.obj
 0001:0000d2a0       _IsNonwritableInCurrentImage 000000018000e2a0 f   LIBCMT:pesect.obj
 0001:0000d2f0       _ValidateImageBase         000000018000e2f0 f   LIBCMT:pesect.obj
 0001:0000d320       __GSHandlerCheck           000000018000e320 f   LIBCMT:_gshandler_.obj
 0001:0000d340       __GSHandlerCheckCommon     000000018000e340 f   LIBCMT:_gshandler_.obj
 0001:0000d3b0       _alloca_probe              000000018000e3b0 f   LIBCMT:_chkstk_.obj
 0001:0000d3b0       __chkstk                   000000018000e3b0 f   LIBCMT:_chkstk_.obj
 0001:0000d420       memcmp                     000000018000e420 f   libvcruntime:memcmp.obj
 0001:0000d4e8       sqrt                       000000018000e4e8 f   libucrt:sqrt.obj
 0001:0000d5d0       _guard_dispatch_icall_nop  000000018000e5d0 f   LIBCMT:_guard_dispatch_.obj
 0002:00000000       __imp_GetModuleHandleA     000000018000f000     kernel32:KERNEL32.dll
 0002:00000008       __imp_RtlCaptureContext    000000018000f008     kernel32:KERNEL32.dll
 0002:00000010       __imp_RtlLookupFunctionEntry 000000018000f010     kernel32:KERNEL32.dll
 0002:00000018       __imp_RtlVirtualUnwind     000000018000f018     kernel32:KERNEL32.dll
 0002:00000020       __imp_UnhandledExceptionFilter 000000018000f020     kernel32:KERNEL32.dll
 0002:00000028       __imp_SetUnhandledExceptionFilter 000000018000f028     kernel32:KERNEL32.dll
 0002:00000030       __imp_GetCurrentProcess    000000018000f030     kernel32:KERNEL32.dll
 0002:00000038       __imp_TerminateProcess     000000018000f038     kernel32:KERNEL32.dll
 0002:00000040       __imp_IsProcessorFeaturePresent 000000018000f040     kernel32:KERNEL32.dll
 0002:00000048       __imp_QueryPerformanceCounter 000000018000f048     kernel32:KERNEL32.dll
 0002:00000050       __imp_GetCurrentProcessId  000000018000f050     kernel32:KERNEL32.dll
 0002:00000058       __imp_GetCurrentThreadId   000000018000f058     kernel32:KERNEL32.dll
 0002:00000060       __imp_GetSystemTimeAsFileTime 000000018000f060     kernel32:KERNEL32.dll
 0002:00000068       __imp_InitializeSListHead  000000018000f068     kernel32:KERNEL32.dll
 0002:00000070       __imp_IsDebuggerPresent    000000018000f070     kernel32:KERNEL32.dll
 0002:00000078       __imp_GetStartupInfoW      000000018000f078     kernel32:KERNEL32.dll
 0002:00000080       __imp_GetModuleHandleW     000000018000f080     kernel32:KERNEL32.dll
 0002:00000088       __imp_RtlPcToFileHeader    000000018000f088     kernel32:KERNEL32.dll
 0002:00000090       __imp_RaiseException       000000018000f090     kernel32:KERNEL32.dll
 0002:00000098       __imp_RtlUnwindEx          000000018000f098     kernel32:KERNEL32.dll
 0002:000000a0       __imp_InterlockedFlushSList 000000018000f0a0     kernel32:KERNEL32.dll
 0002:000000a8       __imp_GetLastError         000000018000f0a8     kernel32:KERNEL32.dll
 0002:000000b0       __imp_SetLastError         000000018000f0b0     kernel32:KERNEL32.dll
 0002:000000b8       __imp_EnterCriticalSection 000000018000f0b8     kernel32:KERNEL32.dll
 0002:000000c0       __imp_LeaveCriticalSection 000000018000f0c0     kernel32:KERNEL32.dll
 0002:000000c8       __imp_DeleteCriticalSection 000000018000f0c8     kernel32:KERNEL32.dll
 0002:000000d0       __imp_InitializeCriticalSectionAndSpinCount 000000018000f0d0     kernel32:KERNEL32.dll
 0002:000000d8       __imp_TlsAlloc             000000018000f0d8     kernel32:KERNEL32.dll
 0002:000000e0       __imp_TlsGetValue          000000018000f0e0     kernel32:KERNEL32.dll
 0002:000000e8       __imp_TlsSetValue          000000018000f0e8     kernel32:KERNEL32.dll
 0002:000000f0       __imp_TlsFree              000000018000f0f0     kernel32:KERNEL32.dll
 0002:000000f8       __imp_FreeLibrary          000000018000f0f8     kernel32:KERNEL32.dll
 0002:00000100       __imp_GetProcAddress       000000018000f100     kernel32:KERNEL32.dll
 0002:00000108       __imp_LoadLibraryExW       000000018000f108     kernel32:KERNEL32.dll
 0002:00000110       __imp_ExitProcess          000000018000f110     kernel32:KERNEL32.dll
 0002:00000118       __imp_GetModuleHandleExW   000000018000f118     kernel32:KERNEL32.dll
 0002:00000120       __imp_GetModuleFileNameA   000000018000f120     kernel32:KERNEL32.dll
 0002:00000128       __imp_MultiByteToWideChar  000000018000f128     kernel32:KERNEL32.dll
 0002:00000130       __imp_WideCharToMultiByte  000000018000f130     kernel32:KERNEL32.dll
 0002:00000138       __imp_HeapFree             000000018000f138     kernel32:KERNEL32.dll
 0002:00000140       __imp_HeapAlloc            000000018000f140     kernel32:KERNEL32.dll
 0002:00000148       __imp_GetACP               000000018000f148     kernel32:KERNEL32.dll
 0002:00000150       __imp_LCMapStringW         000000018000f150     kernel32:KERNEL32.dll
 0002:00000158       __imp_FindClose            000000018000f158     kernel32:KERNEL32.dll
 0002:00000160       __imp_FindFirstFileExA     000000018000f160     kernel32:KERNEL32.dll
 0002:00000168       __imp_FindNextFileA        000000018000f168     kernel32:KERNEL32.dll
 0002:00000170       __imp_IsValidCodePage      000000018000f170     kernel32:KERNEL32.dll
 0002:00000178       __imp_GetOEMCP             000000018000f178     kernel32:KERNEL32.dll
 0002:00000180       __imp_GetCPInfo            000000018000f180     kernel32:KERNEL32.dll
 0002:00000188       __imp_GetCommandLineA      000000018000f188     kernel32:KERNEL32.dll
 0002:00000190       __imp_GetCommandLineW      000000018000f190     kernel32:KERNEL32.dll
 0002:00000198       __imp_GetEnvironmentStringsW 000000018000f198     kernel32:KERNEL32.dll
 0002:000001a0       __imp_FreeEnvironmentStringsW 000000018000f1a0     kernel32:KERNEL32.dll
 0002:000001a8       __imp_GetProcessHeap       000000018000f1a8     kernel32:KERNEL32.dll
 0002:000001b0       __imp_GetStdHandle         000000018000f1b0     kernel32:KERNEL32.dll
 0002:000001b8       __imp_GetFileType          000000018000f1b8     kernel32:KERNEL32.dll
 0002:000001c0       __imp_GetStringTypeW       000000018000f1c0     kernel32:KERNEL32.dll
 0002:000001c8       __imp_HeapSize             000000018000f1c8     kernel32:KERNEL32.dll
 0002:000001d0       __imp_HeapReAlloc          000000018000f1d0     kernel32:KERNEL32.dll
 0002:000001d8       __imp_SetStdHandle         000000018000f1d8     kernel32:KERNEL32.dll
 0002:000001e0       __imp_WriteFile            000000018000f1e0     kernel32:KERNEL32.dll
 0002:000001e8       __imp_FlushFileBuffers     000000018000f1e8     kernel32:KERNEL32.dll
 0002:000001f0       __imp_GetConsoleCP         000000018000f1f0     kernel32:KERNEL32.dll
 0002:000001f8       __imp_GetConsoleMode       000000018000f1f8     kernel32:KERNEL32.dll
 0002:00000200       __imp_SetFilePointerEx     000000018000f200     kernel32:KERNEL32.dll
 0002:00000208       __imp_CloseHandle          000000018000f208     kernel32:KERNEL32.dll
 0002:00000210       __imp_WriteConsoleW        000000018000f210     kernel32:KERNEL32.dll
 0002:00000218       __imp_CreateFileW          000000018000f218     kernel32:KERNEL32.dll
 0002:00000220       __imp_GetSystemInfo        000000018000f220     kernel32:KERNEL32.dll
 0002:00000228       __imp_VirtualProtect       000000018000f228     kernel32:KERNEL32.dll
 0002:00000230       __imp_VirtualQuery         000000018000f230     kernel32:KERNEL32.dll
 0002:00000238       __imp_LoadLibraryExA       000000018000f238     kernel32:KERNEL32.dll
 0002:00000240       \177KERNEL32_NULL_THUNK_DATA 000000018000f240     kernel32:KERNEL32.dll
 0002:00000248       __guard_check_icall_fptr   000000018000f248     LIBCMT:guard_support.obj
 0002:00000250       __guard_dispatch_icall_fptr 000000018000f250     LIBCMT:guard_support.obj
 0002:00000258       __xc_a                     000000018000f258     LIBCMT:initializers.obj
 0002:00000260       _register_pow_             000000018000f260     engine.obj
 0002:00000268       __xc_z                     000000018000f268     LIBCMT:initializers.obj
 0002:00000270       __xi_a                     000000018000f270     LIBCMT:initializers.obj
 0002:00000278       __acrt_multibyte_initializer 000000018000f278     libucrt:multibyte_initializer.obj
 0002:00000280       __acrt_stdio_initializer   000000018000f280     libucrt:stdio_initializer.obj
 0002:00000288       __acrt_tran_fma3_initializer 000000018000f288     libucrt:fma3_initializer.obj
 0002:00000290       __xi_z                     000000018000f290     LIBCMT:initializers.obj
 0002:00000298       __xp_a                     000000018000f298     LIBCMT:initializers.obj
 0002:000002a0       __acrt_locale_terminator   000000018000f2a0     libucrt:locale_initializer.obj
 0002:000002a8       __dcrt_console_output_terminator 000000018000f2a8     libucrt:console_output_initializer.obj
 0002:000002b0       __acrt_stdio_terminator    000000018000f2b0     libucrt:stdio_initializer.obj
 0002:000002b8       __xp_z                     000000018000f2b8     LIBCMT:initializers.obj
 0002:000002c0       __xt_a                     000000018000f2c0     LIBCMT:initializers.obj
 0002:000002c8       __xt_z                     000000018000f2c8     LIBCMT:initializers.obj
 0002:000002d0       __sz_node_exe              000000018000f2d0     node:node.exe
 0002:000002e8       ??_7exception@std@@6B@     000000018000f2e8     libcpmt:xthrow.obj
 0002:000002f8       ??_C@_0BC@EOODALEL@Unknown?5exception?$AA@ 000000018000f2f8     libcpmt:xthrow.obj
 0002:00000318       ??_7bad_alloc@std@@6B@     000000018000f318     libcpmt:xthrow.obj
 0002:00000328       ??_C@_0P@GHFPNOJB@bad?5allocation?$AA@ 000000018000f328     libcpmt:xthrow.obj
 0002:00000340       ??_7logic_error@std@@6B@   000000018000f340     libcpmt:xthrow.obj
 0002:00000358       ??_7length_error@std@@6B@  000000018000f358     libcpmt:xthrow.obj
 0002:00000370       ??_7out_of_range@std@@6B@  000000018000f370     libcpmt:xthrow.obj
 0002:00000380       _pRawDllMain               000000018000f380     LIBCMT:dll_dllmain.obj
 0002:00000380       _pDefaultRawDllMain        000000018000f380     LIBCMT:dll_dllmain.obj
 0002:00000390       ??_7type_info@@6B@         000000018000f390     LIBCMT:std_type_info_static.obj
 0002:000003b0       ??_7bad_array_new_length@std@@6B@ 000000018000f3b0     LIBCMT:throw_bad_alloc.obj
 0002:000003c0       ??_C@_0BF@KINCDENJ@bad?5array?5new?5length?$AA@ 000000018000f3c0     LIBCMT:throw_bad_alloc.obj
 0002:00000440       ??_C@_1BC@DNHGCMLG@?$AAa?$AAd?$AAv?$AAa?$AAp?$AAi?$AA3?$AA2?$AA?$AA@ 000000018000f440     libvcruntime:winapi_downlevel.obj
 0002:00000458       ??_C@_1DM@KHCHBNEB@?$AAa?$AAp?$AAi?$AA?9?$AAm?$AAs?$AA?9?$AAw?$AAi?$AAn?$AA?9?$AAc?$AAo?$AAr?$AAe?$AA?9?$AAf?$AAi?$AAb?$AAe?$AAr?$AAs?$AA?9?$AAl?$AA1?$AA?9?$AA1?$AA?9?$AA1?$AA?$AA@ 000000018000f458     libvcruntime:winapi_downlevel.obj
 0002:00000498       ??_C@_1DK@LPPGFMPP@?$AAa?$AAp?$AAi?$AA?9?$AAm?$AAs?$AA?9?$AAw?$AAi?$AAn?$AA?9?$AAc?$AAo?$AAr?$AAe?$AA?9?$AAs?$AAy?$AAn?$AAc?$AAh?$AA?9?$AAl?$AA1?$AA?9?$AA2?$AA?9?$AA0?$AA?$AA@ 000000018000f498     libvcruntime:winapi_downlevel.obj
 0002:000004d8       ??_C@_1BC@GDMECMAK@?$AAk?$AAe?$AAr?$AAn?$AAe?$AAl?$AA3?$AA2?$AA?$AA@ 000000018000f4d8     libvcruntime:winapi_downlevel.obj
 0002:000004f8       ??_C@_08KNHFBNJ@FlsAlloc?$AA@ 000000018000f4f8     libvcruntime:winapi_downlevel.obj
 0002:00000510       ??_C@_07PEJMOBNF@FlsFree?$AA@ 000000018000f510     libvcruntime:winapi_downlevel.obj
 0002:00000520       ??_C@_0M@GDNOONDI@FlsGetValue?$AA@ 000000018000f520     libvcruntime:winapi_downlevel.obj
 0002:00000538       ??_C@_0M@JCPCPOEF@FlsSetValue?$AA@ 000000018000f538     libvcruntime:winapi_downlevel.obj
 0002:00000550       ??_C@_0BM@HCFOFFN@InitializeCriticalSectionEx?$AA@ 000000018000f550     libvcruntime:winapi_downlevel.obj
 0002:00000890       ??_C@_08EHJDFFNH@__based?$CI?$AA@ 000000018000f890     libvcruntime:undname.obj
 0002:000008a0       ??_C@_07KOLFKCDI@__cdecl?$AA@ 000000018000f8a0     libvcruntime:undname.obj
 0002:000008a8       ??_C@_08GHMPAG@__pascal?$AA@ 000000018000f8a8     libvcruntime:undname.obj
 0002:000008b8       ??_C@_09IFJBGAPI@__stdcall?$AA@ 000000018000f8b8     libvcruntime:undname.obj
 0002:000008c8       ??_C@_0L@NPHFGOKO@__thiscall?$AA@ 000000018000f8c8     libvcruntime:undname.obj
 0002:000008d8       ??_C@_0L@JMKHOMEK@__fastcall?$AA@ 000000018000f8d8     libvcruntime:undname.obj
 0002:000008e8       ??_C@_0N@BCKKPABJ@__vectorcall?$AA@ 000000018000f8e8     libvcruntime:undname.obj
 0002:000008f8       ??_C@_09HIJEGCPM@__clrcall?$AA@ 000000018000f8f8     libvcruntime:undname.obj
 0002:00000904       ??_C@_06GHPCKEAG@__eabi?$AA@ 000000018000f904     libvcruntime:undname.obj
 0002:00000910       ??_C@_07JOMMBBKO@__ptr64?$AA@ 000000018000f910     libvcruntime:undname.obj
 0002:00000918       ??_C@_0L@PILCLIHE@__restrict?$AA@ 000000018000f918     libvcruntime:undname.obj
 0002:00000928       ??_C@_0M@GFIIJFMG@__unaligned?$AA@ 000000018000f928     libvcruntime:undname.obj
 0002:00000938       ??_C@_09DHDLOLLB@restrict?$CI?$AA@ 000000018000f938     libvcruntime:undname.obj
 0002:00000942       ??_C@_00CNPNBAHC@?$AA@     000000018000f942     libvcruntime:undname.obj
 0002:00000944       ??_C@_04NIHEBCM@?5new?$AA@ 000000018000f944     libvcruntime:undname.obj
 0002:00000950       ??_C@_07FPCDHGMM@?5delete?$AA@ 000000018000f950     libvcruntime:undname.obj
 0002:00000958       ??_C@_01NEMOKFLO@?$DN?$AA@ 000000018000f958     libvcruntime:undname.obj
 0002:0000095c       ??_C@_02GPIOPFAK@?$DO?$DO?$AA@ 000000018000f95c     libvcruntime:undname.obj
 0002:00000960       ??_C@_02FODMEDOG@?$DM?$DM?$AA@ 000000018000f960     libvcruntime:undname.obj
 0002:00000964       ??_C@_01DCLJPIOD@?$CB?$AA@ 000000018000f964     libvcruntime:undname.obj
 0002:00000968       ??_C@_02EGOFBIJA@?$DN?$DN?$AA@ 000000018000f968     libvcruntime:undname.obj
 0002:0000096c       ??_C@_02FDNJECIE@?$CB?$DN?$AA@ 000000018000f96c     libvcruntime:undname.obj
 0002:00000970       ??_C@_02GPECMEKF@?$FL?$FN?$AA@ 000000018000f970     libvcruntime:undname.obj
 0002:00000978       ??_C@_08LHJFAFGD@operator?$AA@ 000000018000f978     libvcruntime:undname.obj
 0002:00000984       ??_C@_02HBOOOICD@?9?$DO?$AA@ 000000018000f984     libvcruntime:undname.obj
 0002:00000988       ??_C@_01NBENCBCI@?$CK?$AA@ 000000018000f988     libvcruntime:undname.obj
 0002:0000098c       ??_C@_02ECNGHCIF@?$CL?$CL?$AA@ 000000018000f98c     libvcruntime:undname.obj
 0002:00000990       ??_C@_02BAABKJLB@?9?9?$AA@ 000000018000f990     libvcruntime:undname.obj
 0002:00000994       ??_C@_01JOAMLHOP@?9?$AA@   000000018000f994     libvcruntime:undname.obj
 0002:00000998       ??_C@_01MIFGBAGJ@?$CL?$AA@ 000000018000f998     libvcruntime:undname.obj
 0002:0000099c       ??_C@_01HNPIGOCE@?$CG?$AA@ 000000018000f99c     libvcruntime:undname.obj
 0002:000009a0       ??_C@_03MNHNFDLC@?9?$DO?$CK?$AA@ 000000018000f9a0     libvcruntime:undname.obj
 0002:000009a4       ??_C@_01KMDKNFGN@?1?$AA@   000000018000f9a4     libvcruntime:undname.obj
 0002:000009a8       ??_C@_01FGNFDNOH@?$CF?$AA@ 000000018000f9a8     libvcruntime:undname.obj
 0002:000009ac       ??_C@_01MNNFJEPP@?$DM?$AA@ 000000018000f9ac     libvcruntime:undname.obj
 0002:000009b0       ??_C@_02EHCHHCKH@?$DM?$DN?$AA@ 000000018000f9b0     libvcruntime:undname.obj
 0002:000009b4       ??_C@_01PPODPGHN@?$DO?$AA@ 000000018000f9b4     libvcruntime:undname.obj
 0002:000009b8       ??_C@_02EEKDKGMJ@?$DO?$DN?$AA@ 000000018000f9b8     libvcruntime:undname.obj
 0002:000009bc       ??_C@_01IHBHIGKO@?0?$AA@   000000018000f9bc     libvcruntime:undname.obj
 0002:000009c0       ??_C@_02HCKGKOFO@?$CI?$CJ?$AA@ 000000018000f9c0     libvcruntime:undname.obj
 0002:000009c4       ??_C@_01PJKLJHI@?$HO?$AA@  000000018000f9c4     libvcruntime:undname.obj
 0002:000009c8       ??_C@_01JKBOJNNK@?$FO?$AA@ 000000018000f9c8     libvcruntime:undname.obj
 0002:000009cc       ??_C@_01DNKMNLPK@?$HM?$AA@ 000000018000f9cc     libvcruntime:undname.obj
 0002:000009d0       ??_C@_02PPKAJPJL@?$CG?$CG?$AA@ 000000018000f9d0     libvcruntime:undname.obj
 0002:000009d4       ??_C@_02NONPIBCD@?$HM?$HM?$AA@ 000000018000f9d4     libvcruntime:undname.obj
 0002:000009d8       ??_C@_02FPIMKNGF@?$CK?$DN?$AA@ 000000018000f9d8     libvcruntime:undname.obj
 0002:000009dc       ??_C@_02FOEOMHFC@?$CL?$DN?$AA@ 000000018000f9dc     libvcruntime:undname.obj
 0002:000009e0       ??_C@_02FKMDLLOA@?9?$DN?$AA@ 000000018000f9e0     libvcruntime:undname.obj
 0002:000009e4       ??_C@_02FJEHGPIO@?1?$DN?$AA@ 000000018000f9e4     libvcruntime:undname.obj
 0002:000009e8       ??_C@_02FENAOKFI@?$CF?$DN?$AA@ 000000018000f9e8     libvcruntime:undname.obj
 0002:000009ec       ??_C@_03IKFCCPFF@?$DO?$DO?$DN?$AA@ 000000018000f9ec     libvcruntime:undname.obj
 0002:000009f0       ??_C@_03CDNPDDLA@?$DM?$DM?$DN?$AA@ 000000018000f9f0     libvcruntime:undname.obj
 0002:000009f4       ??_C@_02FGJGFEAB@?$CG?$DN?$AA@ 000000018000f9f4     libvcruntime:undname.obj
 0002:000009f8       ??_C@_02DHLNPPGH@?$HM?$DN?$AA@ 000000018000f9f8     libvcruntime:undname.obj
 0002:000009fc       ??_C@_02MHEGNOJ@?$FO?$DN?$AA@ 000000018000f9fc     libvcruntime:undname.obj
 0002:00000a00       ??_C@_09IFPLHPGF@?$GAvftable?8?$AA@ 000000018000fa00     libvcruntime:undname.obj
 0002:00000a10       ??_C@_09BLBHBJP@?$GAvbtable?8?$AA@ 000000018000fa10     libvcruntime:undname.obj
 0002:00000a20       ??_C@_07FEEIOKP@?$GAvcall?8?$AA@ 000000018000fa20     libvcruntime:undname.obj
 0002:00000a28       ??_C@_08LLFFHHDJ@?$GAtypeof?8?$AA@ 000000018000fa28     libvcruntime:undname.obj
 0002:00000a38       ??_C@_0BF@KDPPACIK@?$GAlocal?5static?5guard?8?$AA@ 000000018000fa38     libvcruntime:undname.obj
 0002:00000a50       ??_C@_08OBABFOLI@?$GAstring?8?$AA@ 000000018000fa50     libvcruntime:undname.obj
 0002:00000a60       ??_C@_0BD@JDLKDPAB@?$GAvbase?5destructor?8?$AA@ 000000018000fa60     libvcruntime:undname.obj
 0002:00000a78       ??_C@_0BN@DEGPLNFK@?$GAvector?5deleting?5destructor?8?$AA@ 000000018000fa78     libvcruntime:undname.obj
 0002:00000a98       ??_C@_0BO@OBMKPJIG@?$GAdefault?5constructor?5closure?8?$AA@ 000000018000fa98     libvcruntime:undname.obj
 0002:00000ab8       ??_C@_0BN@IMDCHIKM@?$GAscalar?5deleting?5destructor?8?$AA@ 000000018000fab8     libvcruntime:undname.obj
 0002:00000ad8       ??_C@_0BO@PFGOCPJJ@?$GAvector?5constructor?5iterator?8?$AA@ 000000018000fad8     libvcruntime:undname.obj
 0002:00000af8       ??_C@_0BN@LFPFMEDL@?$GAvector?5destructor?5iterator?8?$AA@ 000000018000faf8     libvcruntime:undname.obj
 0002:00000b18       ??_C@_0CE@IKBNEHA@?$GAvector?5vbase?5constructor?5iterat@ 000000018000fb18     libvcruntime:undname.obj
 0002:00000b40       ??_C@_0BL@NILFHHPC@?$GAvirtual?5displacement?5map?8?$AA@ 000000018000fb40     libvcruntime:undname.obj
 0002:00000b60       ??_C@_0CB@JONCMFFK@?$GAeh?5vector?5constructor?5iterator?8@ 000000018000fb60     libvcruntime:undname.obj
 0002:00000b88       ??_C@_0CA@GCEOPDGL@?$GAeh?5vector?5destructor?5iterator?8?$AA@ 000000018000fb88     libvcruntime:undname.obj
 0002:00000ba8       ??_C@_0CH@OOJPLCPH@?$GAeh?5vector?5vbase?5constructor?5ite@ 000000018000fba8     libvcruntime:undname.obj
 0002:00000bd0       ??_C@_0BL@LLKPOHJI@?$GAcopy?5constructor?5closure?8?$AA@ 000000018000fbd0     libvcruntime:undname.obj
 0002:00000bf0       ??_C@_0BA@KBCDOMBN@?$GAudt?5returning?8?$AA@ 000000018000fbf0     libvcruntime:undname.obj
 0002:00000c00       ??_C@_03KLGMFNMG@?$GAEH?$AA@ 000000018000fc00     libvcruntime:undname.obj
 0002:00000c04       ??_C@_05KHLCHHI@?$GARTTI?$AA@ 000000018000fc04     libvcruntime:undname.obj
 0002:00000c10       ??_C@_0BA@KKLDJDLB@?$GAlocal?5vftable?8?$AA@ 000000018000fc10     libvcruntime:undname.obj
 0002:00000c20       ??_C@_0CE@IIHCMGGL@?$GAlocal?5vftable?5constructor?5closu@ 000000018000fc20     libvcruntime:undname.obj
 0002:00000c44       ??_C@_06FHBGPFGH@?5new?$FL?$FN?$AA@ 000000018000fc44     libvcruntime:undname.obj
 0002:00000c50       ??_C@_09LBNFPBCA@?5delete?$FL?$FN?$AA@ 000000018000fc50     libvcruntime:undname.obj
 0002:00000c60       ??_C@_0P@HJKNJFNN@?$GAomni?5callsig?8?$AA@ 000000018000fc60     libvcruntime:undname.obj
 0002:00000c70       ??_C@_0BL@CNOONJFP@?$GAplacement?5delete?5closure?8?$AA@ 000000018000fc70     libvcruntime:undname.obj
 0002:00000c90       ??_C@_0BN@CKNJLHMB@?$GAplacement?5delete?$FL?$FN?5closure?8?$AA@ 000000018000fc90     libvcruntime:undname.obj
 0002:00000cb0       ??_C@_0CG@CFDHKGGD@?$GAmanaged?5vector?5constructor?5iter@ 000000018000fcb0     libvcruntime:undname.obj
 0002:00000cd8       ??_C@_0CF@IMGKMJNO@?$GAmanaged?5vector?5destructor?5itera@ 000000018000fcd8     libvcruntime:undname.obj
 0002:00000d00       ??_C@_0CG@HLDDJMAG@?$GAeh?5vector?5copy?5constructor?5iter@ 000000018000fd00     libvcruntime:undname.obj
 0002:00000d28       ??_C@_0CM@FCBBDIGB@?$GAeh?5vector?5vbase?5copy?5constructo@ 000000018000fd28     libvcruntime:undname.obj
 0002:00000d58       ??_C@_0BL@CLIPGLGB@?$GAdynamic?5initializer?5for?5?8?$AA@ 000000018000fd58     libvcruntime:undname.obj
 0002:00000d78       ??_C@_0CB@PDBIFEP@?$GAdynamic?5atexit?5destructor?5for?5?8@ 000000018000fd78     libvcruntime:undname.obj
 0002:00000da0       ??_C@_0CD@CGAJBKEJ@?$GAvector?5copy?5constructor?5iterato@ 000000018000fda0     libvcruntime:undname.obj
 0002:00000dc8       ??_C@_0CJ@GJELGAMM@?$GAvector?5vbase?5copy?5constructor?5i@ 000000018000fdc8     libvcruntime:undname.obj
 0002:00000df8       ??_C@_0CL@FGIJHLCE@?$GAmanaged?5vector?5copy?5constructor@ 000000018000fdf8     libvcruntime:undname.obj
 0002:00000e28       ??_C@_0BM@PMGGMLDN@?$GAlocal?5static?5thread?5guard?8?$AA@ 000000018000fe28     libvcruntime:undname.obj
 0002:00000e48       ??_C@_0N@BDNMDMOL@operator?5?$CC?$CC?5?$AA@ 000000018000fe48     libvcruntime:undname.obj
 0002:00000e58       ??_C@_0BC@DAFEJGAK@?5Type?5Descriptor?8?$AA@ 000000018000fe58     libvcruntime:undname.obj
 0002:00000e70       ??_C@_0BM@LDKODKLH@?5Base?5Class?5Descriptor?5at?5?$CI?$AA@ 000000018000fe70     libvcruntime:undname.obj
 0002:00000e90       ??_C@_0BD@LGICGFMM@?5Base?5Class?5Array?8?$AA@ 000000018000fe90     libvcruntime:undname.obj
 0002:00000ea8       ??_C@_0BN@MECKDCOJ@?5Class?5Hierarchy?5Descriptor?8?$AA@ 000000018000fea8     libvcruntime:undname.obj
 0002:00000ec8       ??_C@_0BK@CFCOFLF@?5Complete?5Object?5Locator?8?$AA@ 000000018000fec8     libvcruntime:undname.obj
 0002:00000ef0       __acrt_exception_action_table 000000018000fef0     libucrt:exception_filter.obj
 0002:00000fb0       __acrt_signal_action_table_count 000000018000ffb0     libucrt:exception_filter.obj
 0002:00000fb8       __acrt_signal_action_first_fpe_index 000000018000ffb8     libucrt:exception_filter.obj
 0002:00000fc0       __acrt_signal_action_fpe_count 000000018000ffc0     libucrt:exception_filter.obj
 0002:00000fc8       ??_C@_1BI@BGOHAHKC@?$AAm?$AAs?$AAc?$AAo?$AAr?$AAe?$AAe?$AA?4?$AAd?$AAl?$AAl?$AA?$AA@ 000000018000ffc8     libucrt:exit.obj
 0002:00000fe0       ??_C@_0P@MIGLKIOC@CorExitProcess?$AA@ 000000018000ffe0     libucrt:exit.obj
 0002:00001250       __lc_time_c                0000000180010250     libucrt:nlsdata.obj
 0002:00001510       ??_C@_03KOEHGMDN@Sun?$AA@  0000000180010510     libucrt:nlsdata.obj
 0002:00001514       ??_C@_03PDAGKDH@Mon?$AA@   0000000180010514     libucrt:nlsdata.obj
 0002:00001518       ??_C@_03NAGEINEP@Tue?$AA@  0000000180010518     libucrt:nlsdata.obj
 0002:0000151c       ??_C@_03MHOMLAJA@Wed?$AA@  000000018001051c     libucrt:nlsdata.obj
 0002:00001520       ??_C@_03IOFIKPDN@Thu?$AA@  0000000180010520     libucrt:nlsdata.obj
 0002:00001524       ??_C@_03IDIOELNC@Fri?$AA@  0000000180010524     libucrt:nlsdata.obj
 0002:00001528       ??_C@_03FEFJNEK@Sat?$AA@   0000000180010528     libucrt:nlsdata.obj
 0002:0000152c       ??_C@_06OOPIFAJ@Sunday?$AA@ 000000018001052c     libucrt:nlsdata.obj
 0002:00001534       ??_C@_06JLEDEDGH@Monday?$AA@ 0000000180010534     libucrt:nlsdata.obj
 0002:00001540       ??_C@_07BAAGCFCM@Tuesday?$AA@ 0000000180010540     libucrt:nlsdata.obj
 0002:00001548       ??_C@_09DLIGFAKA@Wednesday?$AA@ 0000000180010548     libucrt:nlsdata.obj
 0002:00001558       ??_C@_08HACCIKIA@Thursday?$AA@ 0000000180010558     libucrt:nlsdata.obj
 0002:00001564       ??_C@_06JECMNKMI@Friday?$AA@ 0000000180010564     libucrt:nlsdata.obj
 0002:00001570       ??_C@_08INBOOONO@Saturday?$AA@ 0000000180010570     libucrt:nlsdata.obj
 0002:0000157c       ??_C@_03JIHJHPIE@Jan?$AA@  000000018001057c     libucrt:nlsdata.obj
 0002:00001580       ??_C@_03HJBDCHOM@Feb?$AA@  0000000180010580     libucrt:nlsdata.obj
 0002:00001584       ??_C@_03ODNJBKGA@Mar?$AA@  0000000180010584     libucrt:nlsdata.obj
 0002:00001588       ??_C@_03LEOLGMJP@Apr?$AA@  0000000180010588     libucrt:nlsdata.obj
 0002:0000158c       ??_C@_03CNMDKL@May?$AA@    000000018001058c     libucrt:nlsdata.obj
 0002:00001590       ??_C@_03IDFGHECI@Jun?$AA@  0000000180010590     libucrt:nlsdata.obj
 0002:00001594       ??_C@_03LBGABGKK@Jul?$AA@  0000000180010594     libucrt:nlsdata.obj
 0002:00001598       ??_C@_03IFJFEIGA@Aug?$AA@  0000000180010598     libucrt:nlsdata.obj
 0002:0000159c       ??_C@_03GGCAPAJC@Sep?$AA@  000000018001059c     libucrt:nlsdata.obj
 0002:000015a0       ??_C@_03BMAOKBAD@Oct?$AA@  00000001800105a0     libucrt:nlsdata.obj
 0002:000015a4       ??_C@_03JPJOFNIA@Nov?$AA@  00000001800105a4     libucrt:nlsdata.obj
 0002:000015a8       ??_C@_03MKABNOCG@Dec?$AA@  00000001800105a8     libucrt:nlsdata.obj
 0002:000015b0       ??_C@_07CGJPFGJA@January?$AA@ 00000001800105b0     libucrt:nlsdata.obj
 0002:000015b8       ??_C@_08GNJGEPFN@February?$AA@ 00000001800105b8     libucrt:nlsdata.obj
 0002:000015c4       ??_C@_05HPCKOFNC@March?$AA@ 00000001800105c4     libucrt:nlsdata.obj
 0002:000015cc       ??_C@_05DMJDNLEJ@April?$AA@ 00000001800105cc     libucrt:nlsdata.obj
 0002:000015d4       ??_C@_04CNLMGBGM@June?$AA@ 00000001800105d4     libucrt:nlsdata.obj
 0002:000015dc       ??_C@_04MIEPOIFP@July?$AA@ 00000001800105dc     libucrt:nlsdata.obj
 0002:000015e4       ??_C@_06LBBHFDDG@August?$AA@ 00000001800105e4     libucrt:nlsdata.obj
 0002:000015f0       ??_C@_09BHHEALKD@September?$AA@ 00000001800105f0     libucrt:nlsdata.obj
 0002:00001600       ??_C@_07JJNFCEND@October?$AA@ 0000000180010600     libucrt:nlsdata.obj
 0002:00001608       ??_C@_08HCHEGEOA@November?$AA@ 0000000180010608     libucrt:nlsdata.obj
 0002:00001618       ??_C@_08EDHMEBNP@December?$AA@ 0000000180010618     libucrt:nlsdata.obj
 0002:00001624       ??_C@_02DEDBPAFC@AM?$AA@   0000000180010624     libucrt:nlsdata.obj
 0002:00001628       ??_C@_02CJNFDJBF@PM?$AA@   0000000180010628     libucrt:nlsdata.obj
 0002:00001630       ??_C@_08BPBNCDIB@MM?1dd?1yy?$AA@ 0000000180010630     libucrt:nlsdata.obj
 0002:00001640       ??_C@_0BE@CKGJFCPC@dddd?0?5MMMM?5dd?0?5yyyy?$AA@ 0000000180010640     libucrt:nlsdata.obj
 0002:00001658       ??_C@_08JCCMCCIL@HH?3mm?3ss?$AA@ 0000000180010658     libucrt:nlsdata.obj
 0002:00001668       ??_C@_17MBGCMIPB@?$AAS?$AAu?$AAn?$AA?$AA@ 0000000180010668     libucrt:nlsdata.obj
 0002:00001670       ??_C@_17KBOMKBF@?$AAM?$AAo?$AAn?$AA?$AA@ 0000000180010670     libucrt:nlsdata.obj
 0002:00001678       ??_C@_17BMKGEGOJ@?$AAT?$AAu?$AAe?$AA?$AA@ 0000000180010678     libucrt:nlsdata.obj
 0002:00001680       ??_C@_17CJEDCEPE@?$AAW?$AAe?$AAd?$AA?$AA@ 0000000180010680     libucrt:nlsdata.obj
 0002:00001688       ??_C@_17PDPHAADD@?$AAT?$AAh?$AAu?$AA?$AA@ 0000000180010688     libucrt:nlsdata.obj
 0002:00001690       ??_C@_17HFOLPPLP@?$AAF?$AAr?$AAi?$AA?$AA@ 0000000180010690     libucrt:nlsdata.obj
 0002:00001698       ??_C@_17GGIBDPIH@?$AAS?$AAa?$AAt?$AA?$AA@ 0000000180010698     libucrt:nlsdata.obj
 0002:000016a0       ??_C@_1O@IHNHDHPB@?$AAS?$AAu?$AAn?$AAd?$AAa?$AAy?$AA?$AA@ 00000001800106a0     libucrt:nlsdata.obj
 0002:000016b0       ??_C@_1O@MMNBFLIA@?$AAM?$AAo?$AAn?$AAd?$AAa?$AAy?$AA?$AA@ 00000001800106b0     libucrt:nlsdata.obj
 0002:000016c0       ??_C@_1BA@ENFBFFEK@?$AAT?$AAu?$AAe?$AAs?$AAd?$AAa?$AAy?$AA?$AA@ 00000001800106c0     libucrt:nlsdata.obj
 0002:000016d0       ??_C@_1BE@EBOGMDOH@?$AAW?$AAe?$AAd?$AAn?$AAe?$AAs?$AAd?$AAa?$AAy?$AA?$AA@ 00000001800106d0     libucrt:nlsdata.obj
 0002:000016e8       ??_C@_1BC@HHMNLIHE@?$AAT?$AAh?$AAu?$AAr?$AAs?$AAd?$AAa?$AAy?$AA?$AA@ 00000001800106e8     libucrt:nlsdata.obj
 0002:00001700       ??_C@_1O@PDICJHAG@?$AAF?$AAr?$AAi?$AAd?$AAa?$AAy?$AA?$AA@ 0000000180010700     libucrt:nlsdata.obj
 0002:00001710       ??_C@_1BC@ENMNNPAJ@?$AAS?$AAa?$AAt?$AAu?$AAr?$AAd?$AAa?$AAy?$AA?$AA@ 0000000180010710     libucrt:nlsdata.obj
 0002:00001728       ??_C@_17DKNBKCHM@?$AAJ?$AAa?$AAn?$AA?$AA@ 0000000180010728     libucrt:nlsdata.obj
 0002:00001730       ??_C@_17LMDJEKJN@?$AAF?$AAe?$AAb?$AA?$AA@ 0000000180010730     libucrt:nlsdata.obj
 0002:00001738       ??_C@_17CKNLEDEC@?$AAM?$AAa?$AAr?$AA?$AA@ 0000000180010738     libucrt:nlsdata.obj
 0002:00001740       ??_C@_17LFPOIHDD@?$AAA?$AAp?$AAr?$AA?$AA@ 0000000180010740     libucrt:nlsdata.obj
 0002:00001748       ??_C@_17PNNKMEED@?$AAM?$AAa?$AAy?$AA?$AA@ 0000000180010748     libucrt:nlsdata.obj
 0002:00001750       ??_C@_17KCJGOCPB@?$AAJ?$AAu?$AAn?$AA?$AA@ 0000000180010750     libucrt:nlsdata.obj
 0002:00001758       ??_C@_17IJPCKHK@?$AAJ?$AAu?$AAl?$AA?$AA@ 0000000180010758     libucrt:nlsdata.obj
 0002:00001760       ??_C@_17ICPELBCN@?$AAA?$AAu?$AAg?$AA?$AA@ 0000000180010760     libucrt:nlsdata.obj
 0002:00001768       ??_C@_17HCHCOKMG@?$AAS?$AAe?$AAp?$AA?$AA@ 0000000180010768     libucrt:nlsdata.obj
 0002:00001770       ??_C@_17FNLKOI@?$AAO?$AAc?$AAt?$AA?$AA@ 0000000180010770     libucrt:nlsdata.obj
 0002:00001778       ??_C@_17BBDMLCIG@?$AAN?$AAo?$AAv?$AA?$AA@ 0000000180010778     libucrt:nlsdata.obj
 0002:00001780       ??_C@_17EGKACKIF@?$AAD?$AAe?$AAc?$AA?$AA@ 0000000180010780     libucrt:nlsdata.obj
 0002:00001788       ??_C@_1BA@EFMEIEBA@?$AAJ?$AAa?$AAn?$AAu?$AAa?$AAr?$AAy?$AA?$AA@ 0000000180010788     libucrt:nlsdata.obj
 0002:00001798       ??_C@_1BC@JGDDFFAM@?$AAF?$AAe?$AAb?$AAr?$AAu?$AAa?$AAr?$AAy?$AA?$AA@ 0000000180010798     libucrt:nlsdata.obj
 0002:000017b0       ??_C@_1M@IKEENEDF@?$AAM?$AAa?$AAr?$AAc?$AAh?$AA?$AA@ 00000001800107b0     libucrt:nlsdata.obj
 0002:000017c0       ??_C@_1M@GJNLMHFD@?$AAA?$AAp?$AAr?$AAi?$AAl?$AA?$AA@ 00000001800107c0     libucrt:nlsdata.obj
 0002:000017d0       ??_C@_19EPFLPGAP@?$AAJ?$AAu?$AAn?$AAe?$AA?$AA@ 00000001800107d0     libucrt:nlsdata.obj
 0002:000017e0       ??_C@_19BIFMLPCD@?$AAJ?$AAu?$AAl?$AAy?$AA?$AA@ 00000001800107e0     libucrt:nlsdata.obj
 0002:000017f0       ??_C@_1O@PAHLKOAC@?$AAA?$AAu?$AAg?$AAu?$AAs?$AAt?$AA?$AA@ 00000001800107f0     libucrt:nlsdata.obj
 0002:00001800       ??_C@_1BE@DKAAMBJL@?$AAS?$AAe?$AAp?$AAt?$AAe?$AAm?$AAb?$AAe?$AAr?$AA?$AA@ 0000000180010800     libucrt:nlsdata.obj
 0002:00001818       ??_C@_1BA@EPANDLNG@?$AAO?$AAc?$AAt?$AAo?$AAb?$AAe?$AAr?$AA?$AA@ 0000000180010818     libucrt:nlsdata.obj
 0002:00001828       ??_C@_1BC@BGLIFPF@?$AAN?$AAo?$AAv?$AAe?$AAm?$AAb?$AAe?$AAr?$AA?$AA@ 0000000180010828     libucrt:nlsdata.obj
 0002:00001840       ??_C@_1BC@FEMKIFH@?$AAD?$AAe?$AAc?$AAe?$AAm?$AAb?$AAe?$AAr?$AA?$AA@ 0000000180010840     libucrt:nlsdata.obj
 0002:00001854       ??_C@_15ODEHAHHF@?$AAA?$AAM?$AA?$AA@ 0000000180010854     libucrt:nlsdata.obj
 0002:0000185c       ??_C@_15CLMNNGEL@?$AAP?$AAM?$AA?$AA@ 000000018001085c     libucrt:nlsdata.obj
 0002:00001868       ??_C@_1BC@IEBCMHCM@?$AAM?$AAM?$AA?1?$AAd?$AAd?$AA?1?$AAy?$AAy?$AA?$AA@ 0000000180010868     libucrt:nlsdata.obj
 0002:00001880       ??_C@_1CI@KNAKOEBC@?$AAd?$AAd?$AAd?$AAd?$AA?0?$AA?5?$AAM?$AAM?$AAM?$AAM?$AA?5?$AAd?$AAd?$AA?0?$AA?5?$AAy?$AAy?$AAy?$AAy?$AA?$AA@ 0000000180010880     libucrt:nlsdata.obj
 0002:000018a8       ??_C@_1BC@GDGBMEMK@?$AAH?$AAH?$AA?3?$AAm?$AAm?$AA?3?$AAs?$AAs?$AA?$AA@ 00000001800108a8     libucrt:nlsdata.obj
 0002:000018c0       ??_C@_1M@BMHNFIME@?$AAe?$AAn?$AA?9?$AAU?$AAS?$AA?$AA@ 00000001800108c0     libucrt:nlsdata.obj
 0002:00001970       ??_C@_1EG@CNNIPFIM@?$AAa?$AAp?$AAi?$AA?9?$AAm?$AAs?$AA?9?$AAw?$AAi?$AAn?$AA?9?$AAa?$AAp?$AAp?$AAm?$AAo?$AAd?$AAe?$AAl?$AA?9?$AAr?$AAu?$AAn?$AAt?$AAi?$AAm?$AAe?$AA?9?$AAl?$AA1?$AA?9?$AA1@ 0000000180010970     libucrt:winapi_thunks.obj
 0002:000019c0       ??_C@_1EA@JGEFHKEI@?$AAa?$AAp?$AAi?$AA?9?$AAm?$AAs?$AA?9?$AAw?$AAi?$AAn?$AA?9?$AAc?$AAo?$AAr?$AAe?$AA?9?$AAd?$AAa?$AAt?$AAe?$AAt?$AAi?$AAm?$AAe?$AA?9?$AAl?$AA1?$AA?9?$AA1?$AA?9?$AA1?$AA?$AA@ 00000001800109c0     libucrt:winapi_thunks.obj
 0002:00001a00       ??_C@_1DI@GCIAAENM@?$AAa?$AAp?$AAi?$AA?9?$AAm?$AAs?$AA?9?$AAw?$AAi?$AAn?$AA?9?$AAc?$AAo?$AAr?$AAe?$AA?9?$AAf?$AAi?$AAl?$AAe?$AA?9?$AAl?$AA2?$AA?9?$AA1?$AA?9?$AA1?$AA?$AA@ 0000000180010a00     libucrt:winapi_thunks.obj
 0002:00001a40       ??_C@_1EI@MPIAOHOC@?$AAa?$AAp?$AAi?$AA?9?$AAm?$AAs?$AA?9?$AAw?$AAi?$AAn?$AA?9?$AAc?$AAo?$AAr?$AAe?$AA?9?$AAl?$AAo?$AAc?$AAa?$AAl?$AAi?$AAz?$AAa?$AAt?$AAi?$AAo?$AAn?$AA?9?$AAl?$AA1?$AA?9@ 0000000180010a40     libucrt:winapi_thunks.obj
 0002:00001a90       ??_C@_1FK@FPHCKFIE@?$AAa?$AAp?$AAi?$AA?9?$AAm?$AAs?$AA?9?$AAw?$AAi?$AAn?$AA?9?$AAc?$AAo?$AAr?$AAe?$AA?9?$AAl?$AAo?$AAc?$AAa?$AAl?$AAi?$AAz?$AAa?$AAt?$AAi?$AAo?$AAn?$AA?9?$AAo?$AAb?$AAs@ 0000000180010a90     libucrt:winapi_thunks.obj
 0002:00001af0       ??_C@_1EM@DILCGIIO@?$AAa?$AAp?$AAi?$AA?9?$AAm?$AAs?$AA?9?$AAw?$AAi?$AAn?$AA?9?$AAc?$AAo?$AAr?$AAe?$AA?9?$AAp?$AAr?$AAo?$AAc?$AAe?$AAs?$AAs?$AAt?$AAh?$AAr?$AAe?$AAa?$AAd?$AAs?$AA?9?$AAl@ 0000000180010af0     libucrt:winapi_thunks.obj
 0002:00001b40       ??_C@_1DM@LNCGDDPN@?$AAa?$AAp?$AAi?$AA?9?$AAm?$AAs?$AA?9?$AAw?$AAi?$AAn?$AA?9?$AAc?$AAo?$AAr?$AAe?$AA?9?$AAs?$AAt?$AAr?$AAi?$AAn?$AAg?$AA?9?$AAl?$AA1?$AA?9?$AA1?$AA?9?$AA0?$AA?$AA@ 0000000180010b40     libucrt:winapi_thunks.obj
 0002:00001b80       ??_C@_1DO@FPAPJEMD@?$AAa?$AAp?$AAi?$AA?9?$AAm?$AAs?$AA?9?$AAw?$AAi?$AAn?$AA?9?$AAc?$AAo?$AAr?$AAe?$AA?9?$AAs?$AAy?$AAs?$AAi?$AAn?$AAf?$AAo?$AA?9?$AAl?$AA1?$AA?9?$AA2?$AA?9?$AA1?$AA?$AA@ 0000000180010b80     libucrt:winapi_thunks.obj
 0002:00001bc0       ??_C@_1DK@NDHNAHIO@?$AAa?$AAp?$AAi?$AA?9?$AAm?$AAs?$AA?9?$AAw?$AAi?$AAn?$AA?9?$AAc?$AAo?$AAr?$AAe?$AA?9?$AAw?$AAi?$AAn?$AAr?$AAt?$AA?9?$AAl?$AA1?$AA?9?$AA1?$AA?9?$AA0?$AA?$AA@ 0000000180010bc0     libucrt:winapi_thunks.obj
 0002:00001c00       ??_C@_1DM@KGHDGBCM@?$AAa?$AAp?$AAi?$AA?9?$AAm?$AAs?$AA?9?$AAw?$AAi?$AAn?$AA?9?$AAc?$AAo?$AAr?$AAe?$AA?9?$AAx?$AAs?$AAt?$AAa?$AAt?$AAe?$AA?9?$AAl?$AA2?$AA?9?$AA1?$AA?9?$AA0?$AA?$AA@ 0000000180010c00     libucrt:winapi_thunks.obj
 0002:00001c40       ??_C@_1EO@IJIOEFOH@?$AAa?$AAp?$AAi?$AA?9?$AAm?$AAs?$AA?9?$AAw?$AAi?$AAn?$AA?9?$AAr?$AAt?$AAc?$AAo?$AAr?$AAe?$AA?9?$AAn?$AAt?$AAu?$AAs?$AAe?$AAr?$AA?9?$AAw?$AAi?$AAn?$AAd?$AAo?$AAw?$AA?9@ 0000000180010c40     libucrt:winapi_thunks.obj
 0002:00001c90       ??_C@_1FG@HHGEKANL@?$AAa?$AAp?$AAi?$AA?9?$AAm?$AAs?$AA?9?$AAw?$AAi?$AAn?$AA?9?$AAs?$AAe?$AAc?$AAu?$AAr?$AAi?$AAt?$AAy?$AA?9?$AAs?$AAy?$AAs?$AAt?$AAe?$AAm?$AAf?$AAu?$AAn?$AAc?$AAt?$AAi@ 0000000180010c90     libucrt:winapi_thunks.obj
 0002:00001cf0       ??_C@_1FG@NCKKOLKO@?$AAe?$AAx?$AAt?$AA?9?$AAm?$AAs?$AA?9?$AAw?$AAi?$AAn?$AA?9?$AAk?$AAe?$AAr?$AAn?$AAe?$AAl?$AA3?$AA2?$AA?9?$AAp?$AAa?$AAc?$AAk?$AAa?$AAg?$AAe?$AA?9?$AAc?$AAu?$AAr?$AAr@ 0000000180010cf0     libucrt:winapi_thunks.obj
 0002:00001d50       ??_C@_1EG@DBIOJECG@?$AAe?$AAx?$AAt?$AA?9?$AAm?$AAs?$AA?9?$AAw?$AAi?$AAn?$AA?9?$AAn?$AAt?$AAu?$AAs?$AAe?$AAr?$AA?9?$AAd?$AAi?$AAa?$AAl?$AAo?$AAg?$AAb?$AAo?$AAx?$AA?9?$AAl?$AA1?$AA?9?$AA1@ 0000000180010d50     libucrt:winapi_thunks.obj
 0002:00001da0       ??_C@_1EO@FIHMJCLF@?$AAe?$AAx?$AAt?$AA?9?$AAm?$AAs?$AA?9?$AAw?$AAi?$AAn?$AA?9?$AAn?$AAt?$AAu?$AAs?$AAe?$AAr?$AA?9?$AAw?$AAi?$AAn?$AAd?$AAo?$AAw?$AAs?$AAt?$AAa?$AAt?$AAi?$AAo?$AAn?$AA?9@ 0000000180010da0     libucrt:winapi_thunks.obj
 0002:00001df0       ??_C@_1O@BCCLBEOE@?$AAu?$AAs?$AAe?$AAr?$AA3?$AA2?$AA?$AA@ 0000000180010df0     libucrt:winapi_thunks.obj
 0002:00001e28       ??_C@_0BE@JOGNEJCI@GetCurrentPackageId?$AA@ 0000000180010e28     libucrt:winapi_thunks.obj
 0002:00001e50       ??_C@_0O@KKBNKAPF@LCMapStringEx?$AA@ 0000000180010e50     libucrt:winapi_thunks.obj
 0002:00001e68       ??_C@_0BB@HBDEELFH@LocaleNameToLCID?$AA@ 0000000180010e68     libucrt:winapi_thunks.obj
 0002:00001ea0       ??_C@_1M@HPNHIDJI@?$AAj?$AAa?$AA?9?$AAJ?$AAP?$AA?$AA@ 0000000180010ea0     libucrt:mbctype.obj
 0002:00001eb0       ??_C@_1M@BIBDDEMK@?$AAz?$AAh?$AA?9?$AAC?$AAN?$AA?$AA@ 0000000180010eb0     libucrt:mbctype.obj
 0002:00001ec0       ??_C@_1M@JLOOOEGK@?$AAk?$AAo?$AA?9?$AAK?$AAR?$AA?$AA@ 0000000180010ec0     libucrt:mbctype.obj
 0002:00001ed0       ??_C@_1M@CLNBBOPM@?$AAz?$AAh?$AA?9?$AAT?$AAW?$AA?$AA@ 0000000180010ed0     libucrt:mbctype.obj
 0002:00001ee0       __newctype                 0000000180010ee0     libucrt:ctype.obj
 0002:000021e0       __newclmap                 00000001800111e0     libucrt:ctype.obj
 0002:00002360       __newcumap                 0000000180011360     libucrt:ctype.obj
 0002:000024e0       ??_C@_15PJPFLCCM@?$AAu?$AAk?$AA?$AA@ 00000001800114e0     libucrt:get_qualified_locale.obj
 0002:00003330       ??_C@_15EMKDOKLE@?$AAa?$AAr?$AA?$AA@ 0000000180012330     libucrt:lcidtoname_downlevel.obj
 0002:00003338       ??_C@_15KNPADPLH@?$AAb?$AAg?$AA?$AA@ 0000000180012338     libucrt:lcidtoname_downlevel.obj
 0002:00003340       ??_C@_15EDMHLDMO@?$AAc?$AAa?$AA?$AA@ 0000000180012340     libucrt:lcidtoname_downlevel.obj
 0002:00003348       ??_C@_1O@BPEAJADD@?$AAz?$AAh?$AA?9?$AAC?$AAH?$AAS?$AA?$AA@ 0000000180012348     libucrt:lcidtoname_downlevel.obj
 0002:00003358       ??_C@_15LJNHCMNK@?$AAc?$AAs?$AA?$AA@ 0000000180012358     libucrt:lcidtoname_downlevel.obj
 0002:00003360       ??_C@_15FOMCIDHG@?$AAd?$AAa?$AA?$AA@ 0000000180012360     libucrt:lcidtoname_downlevel.obj
 0002:00003368       ??_C@_15NBKABECB@?$AAd?$AAe?$AA?$AA@ 0000000180012368     libucrt:lcidtoname_downlevel.obj
 0002:00003370       ??_C@_15GHPEIIAO@?$AAe?$AAl?$AA?$AA@ 0000000180012370     libucrt:lcidtoname_downlevel.obj
 0002:00003378       ??_C@_15MNPNEAIF@?$AAe?$AAn?$AA?$AA@ 0000000180012378     libucrt:lcidtoname_downlevel.obj
 0002:00003380       ??_C@_15GPIOMPMH@?$AAe?$AAs?$AA?$AA@ 0000000180012380     libucrt:lcidtoname_downlevel.obj
 0002:00003388       ??_C@_15NGLOAKJC@?$AAf?$AAi?$AA?$AA@ 0000000180012388     libucrt:lcidtoname_downlevel.obj
 0002:00003390       ??_C@_15FBKGNKAM@?$AAf?$AAr?$AA?$AA@ 0000000180012390     libucrt:lcidtoname_downlevel.obj
 0002:00003398       ??_C@_15KGGCNEFK@?$AAh?$AAe?$AA?$AA@ 0000000180012398     libucrt:lcidtoname_downlevel.obj
 0002:000033a0       ??_C@_15PGHLIDMF@?$AAh?$AAu?$AA?$AA@ 00000001800123a0     libucrt:lcidtoname_downlevel.obj
 0002:000033a8       ??_C@_15BIEMAPLM@?$AAi?$AAs?$AA?$AA@ 00000001800123a8     libucrt:lcidtoname_downlevel.obj
 0002:000033b0       ??_C@_15IFJLDHAF@?$AAi?$AAt?$AA?$AA@ 00000001800123b0     libucrt:lcidtoname_downlevel.obj
 0002:000033b8       ??_C@_15GEMIOCAG@?$AAj?$AAa?$AA?$AA@ 00000001800123b8     libucrt:lcidtoname_downlevel.obj
 0002:000033c0       ??_C@_15EPELEGJA@?$AAk?$AAo?$AA?$AA@ 00000001800123c0     libucrt:lcidtoname_downlevel.obj
 0002:000033c8       ??_C@_15NDDHIMN@?$AAn?$AAl?$AA?$AA@ 00000001800123c8     libucrt:lcidtoname_downlevel.obj
 0002:000033d0       ??_C@_15BPIGNHCD@?$AAn?$AAo?$AA?$AA@ 00000001800123d0     libucrt:lcidtoname_downlevel.obj
 0002:000033d8       ??_C@_15DEOPBLCG@?$AAp?$AAl?$AA?$AA@ 00000001800123d8     libucrt:lcidtoname_downlevel.obj
 0002:000033e0       ??_C@_15KBECGEFG@?$AAp?$AAt?$AA?$AA@ 00000001800123e0     libucrt:lcidtoname_downlevel.obj
 0002:000033e8       ??_C@_15GLJCBFMD@?$AAr?$AAo?$AA?$AA@ 00000001800123e8     libucrt:lcidtoname_downlevel.obj
 0002:000033f0       ??_C@_15FEDGKCDI@?$AAr?$AAu?$AA?$AA@ 00000001800123f0     libucrt:lcidtoname_downlevel.obj
 0002:000033f8       ??_C@_15GLKMLLHM@?$AAh?$AAr?$AA?$AA@ 00000001800123f8     libucrt:lcidtoname_downlevel.obj
[...]
 0004:00000918       $pdata$?setSBCS@@YAXPEAU__crt_multibyte_data@@@Z 000000018001b918     libucrt:mbctype.obj
 0004:00000924       $pdata$?setSBUpLow@@YAXPEAU__crt_multibyte_data@@@Z 000000018001b924     libucrt:mbctype.obj
 0004:00000930       $pdata$?setmbcp_internal@@YAHH_N@Z 000000018001b930     libucrt:mbctype.obj
 0004:0000093c       $pdata$__acrt_initialize_multibyte 000000018001b93c     libucrt:mbctype.obj
 0004:00000948       $pdata$__acrt_update_thread_multibyte_data 000000018001b948     libucrt:mbctype.obj
 0004:00000954       $pdata$_setmbcp_nolock     000000018001b954     libucrt:mbctype.obj
 0004:00000960       $pdata$?x_ismbbtype_l@@YAHPEAU__crt_locale_pointers@@IHH@Z 000000018001b960     libucrt:ismbbyte.obj
 0004:0000096c       $pdata$__acrt_initialize_command_line 000000018001b96c     libucrt:argv_data.obj
 0004:00000978       $pdata$__dcrt_get_narrow_environment_from_os 000000018001b978     libucrt:get_environment_from_os.obj
 0004:00000984       $pdata$_recalloc_base      000000018001b984     libucrt:recalloc.obj
 0004:00000990       $pdata$__acrt_initialize_heap 000000018001b990     libucrt:heap_handle.obj
 0004:0000099c       $pdata$?initialize_inherited_file_handles_nolock@@YAXXZ 000000018001b99c     libucrt:ioinit.obj
 0004:000009a8       $pdata$?initialize_stdio_handles_nolock@@YAXXZ 000000018001b9a8     libucrt:ioinit.obj
 0004:000009b4       $pdata$__acrt_initialize_lowio 000000018001b9b4     libucrt:ioinit.obj
 0004:000009c0       $pdata$__acrt_uninitialize_lowio 000000018001b9c0     libucrt:ioinit.obj
 0004:000009cc       $pdata$__acrt_execute_initializers 000000018001b9cc     libucrt:shared_initialization.obj
 0004:000009d8       $pdata$__acrt_execute_uninitializers 000000018001b9d8     libucrt:shared_initialization.obj
 0004:000009e4       $pdata$??$?RV<lambda_c36588078e9f5dfd39652860aa6b3aaf>@@AEAV<lambda_ec61778202f4f5fc7e7711acc23c3bca>@@V<lambda_dc9d2797ccde5d239b4a0efae8ebd7db>@@@?$__crt_seh_guarded_call@P6AXH@Z@@QEAAP6AXH@Z$$QEAV<lambda_c36588078e9f5dfd39652860aa6b3aaf>@@AEAV<lambda_ec61778202f4f5fc7e7711acc23c3bca>@@$$QEAV<lambda_dc9d2797ccde5d239b4a0efae8ebd7db>@@@Z 000000018001b9e4     libucrt:signal.obj
 0004:000009f0       $pdata$__acrt_get_sigabrt_handler 000000018001b9f0     libucrt:signal.obj
 0004:000009fc       $pdata$raise               000000018001b9fc     libucrt:signal.obj
 0004:00000a08       $pdata$__acrt_invoke_user_matherr 000000018001ba08     libucrt:matherr.obj
 0004:00000a14       $pdata$_mbtowc_l           000000018001ba14     libucrt:mbtowc.obj
 0004:00000a20       $pdata$_fileno             000000018001ba20     libucrt:fileno.obj
 0004:00000a2c       $pdata$__acrt_initialize_stdio 000000018001ba2c     libucrt:_file.obj
 0004:00000a38       $pdata$__acrt_uninitialize_stdio 000000018001ba38     libucrt:_file.obj
 0004:00000a44       $pdata$__pctype_func       000000018001ba44     libucrt:ctype.obj
 0004:00000a50       $pdata$_isctype_l          000000018001ba50     libucrt:isctype.obj
 0004:00000a5c       $pdata$__acrt_free_locale  000000018001ba5c     libucrt:locale_refcounting.obj
 0004:00000a68       $pdata$__acrt_locale_free_lc_time_if_unreferenced 000000018001ba68     libucrt:locale_refcounting.obj
 0004:00000a74       $pdata$__acrt_release_locale_ref 000000018001ba74     libucrt:locale_refcounting.obj
 0004:00000a80       $pdata$__acrt_update_thread_locale_data 000000018001ba80     libucrt:locale_refcounting.obj
 0004:00000a8c       $pdata$_updatetlocinfoEx_nolock 000000018001ba8c     libucrt:locale_refcounting.obj
 0004:00000a98       $pdata$_isleadbyte_l       000000018001ba98     libucrt:_wctype.obj
 0004:00000aa4       $pdata$?__acrt_LCMapStringA_stat@@YAHPEAU__crt_locale_pointers@@PEB_WKPEBDHPEADHHH@Z 000000018001baa4     libucrt:lcmapstringa.obj
 0004:00000ab0       $pdata$__acrt_LCMapStringA 000000018001bab0     libucrt:lcmapstringa.obj
 0004:00000abc       $pdata$__acrt_locale_free_monetary 000000018001babc     libucrt:initmon.obj
 0004:00000ac8       $pdata$__acrt_locale_free_numeric 000000018001bac8     libucrt:initnum.obj
 0004:00000ad4       $pdata$?free_crt_array_internal@@YAXQEAPEBX_K@Z 000000018001bad4     libucrt:inittime.obj
 0004:00000ae0       $pdata$__acrt_locale_free_time 000000018001bae0     libucrt:inittime.obj
 0004:00000aec       $pdata$__acrt_GetStringTypeA 000000018001baec     libucrt:getstringtypea.obj
 0004:00000af8       $pdata$?GetTableIndexFromLocaleName@@YAHPEB_W@Z 000000018001baf8     libucrt:lcidtoname_downlevel.obj
 0004:00000b04       $pdata$__acrt_DownlevelLocaleNameToLCID 000000018001bb04     libucrt:lcidtoname_downlevel.obj
 0004:00000b10       $pdata$?shortsort@@YAXPEAD0_KP6AHPEBX2@Z@Z 000000018001bb10     libucrt:qsort.obj
 0004:00000b1c       $pdata$2$?shortsort@@YAXPEAD0_KP6AHPEBX2@Z@Z 000000018001bb1c     libucrt:qsort.obj
 0004:00000b28       $pdata$3$?shortsort@@YAXPEAD0_KP6AHPEBX2@Z@Z 000000018001bb28     libucrt:qsort.obj
 0004:00000b34       $pdata$qsort               000000018001bb34     libucrt:qsort.obj
 0004:00000b40       $pdata$4$qsort             000000018001bb40     libucrt:qsort.obj
 0004:00000b4c       $pdata$5$qsort             000000018001bb4c     libucrt:qsort.obj
 0004:00000b58       $pdata$strncpy_s           000000018001bb58     libucrt:strncpy_s.obj
 0004:00000b64       $pdata$strpbrk             000000018001bb64     libucrt:strpbrk.obj
 0004:00000b70       $pdata$_mbsdec_l           000000018001bb70     libucrt:mbsdec.obj
 0004:00000b7c       $pdata$?initialize_multibyte@@YAHXZ 000000018001bb7c     libucrt:multibyte_initializer.obj
 0004:00000b88       $pdata$_msize              000000018001bb88     libucrt:msize.obj
 0004:00000b94       $pdata$_realloc_base       000000018001bb94     libucrt:realloc_base.obj
 0004:00000ba0       $pdata$__acrt_lowio_create_handle_array 000000018001bba0     libucrt:osfinfo.obj
 0004:00000bac       $pdata$__acrt_lowio_destroy_handle_array 000000018001bbac     libucrt:osfinfo.obj
 0004:00000bb8       $pdata$__acrt_lowio_ensure_fh_exists 000000018001bbb8     libucrt:osfinfo.obj
 0004:00000bc4       $pdata$_free_osfhnd        000000018001bbc4     libucrt:osfinfo.obj
 0004:00000bd0       $pdata$_get_osfhandle      000000018001bbd0     libucrt:osfinfo.obj
 0004:00000bdc       $pdata$_isatty             000000018001bbdc     libucrt:isatty.obj
 0004:00000be8       $pdata$__acrt_stdio_flush_nolock 000000018001bbe8     libucrt:fflush.obj
 0004:00000bf4       $pdata$_fflush_nolock      000000018001bbf4     libucrt:fflush.obj
 0004:00000c00       $pdata$common_flush_all    000000018001bc00     libucrt:fflush.obj
 0004:00000c0c       $pdata$_fcloseall          000000018001bc0c     libucrt:closeall.obj
 0004:00000c18       $pdata$__acrt_stdio_free_buffer_nolock 000000018001bc18     libucrt:_freebuf.obj
 0004:00000c24       $pdata$??$?RV<lambda_b521505b218e5242e90febf6bfebc422>@@AEAV<lambda_6978c1fb23f02e42e1d9e99668cc68aa>@@V<lambda_314360699dd331753a4119843814e9a7>@@@?$__crt_seh_guarded_call@H@@QEAAH$$QEAV<lambda_b521505b218e5242e90febf6bfebc422>@@AEAV<lambda_6978c1fb23f02e42e1d9e99668cc68aa>@@$$QEAV<lambda_314360699dd331753a4119843814e9a7>@@@Z 000000018001bc24     libucrt:commit.obj
 0004:00000c30       $pdata$_commit             000000018001bc30     libucrt:commit.obj
 0004:00000c3c       $pdata$?write_double_translated_ansi_nolock@@YA?AUwrite_result@?A0x9c548279@@HQEBDI@Z 000000018001bc3c     libucrt:write.obj
 0004:00000c48       $pdata$?write_text_ansi_nolock@@YA?AUwrite_result@?A0x9c548279@@HQEBDI@Z 000000018001bc48     libucrt:write.obj
 0004:00000c54       $pdata$?write_text_utf16le_nolock@@YA?AUwrite_result@?A0x9c548279@@HQEBDI@Z 000000018001bc54     libucrt:write.obj
 0004:00000c60       $pdata$?write_text_utf8_nolock@@YA?AUwrite_result@?A0x9c548279@@HQEBDI@Z 000000018001bc60     libucrt:write.obj
 0004:00000c6c       $pdata$_write              000000018001bc6c     libucrt:write.obj
 0004:00000c78       $pdata$_write_nolock       000000018001bc78     libucrt:write.obj
 0004:00000c90       $pdata$??$common_lseek_nolock@_J@@YA_JH_JH@Z 000000018001bc90     libucrt:lseek.obj
 0004:00000c9c       $pdata$_fclose_nolock      000000018001bc9c     libucrt:fclose.obj
 0004:00000ca8       $pdata$fclose              000000018001bca8     libucrt:fclose.obj
 0004:00000cb4       $pdata$_putwch_nolock      000000018001bcb4     libucrt:putwch.obj
 0004:00000cc0       $pdata$_call_matherr       000000018001bcc0     libucrt:libm_error.obj
 0004:00000ccc       $pdata$_exception_enabled  000000018001bccc     libucrt:libm_error.obj
 0004:00000cd8       $pdata$_handle_error       000000018001bcd8     libucrt:libm_error.obj
 0004:00000ce4       $pdata$__acrt_initialize_fma3 000000018001bce4     libucrt:fma3_available.obj
 0004:00000cf0       $pdata$_log10_special      000000018001bcf0     libucrt:log_special.obj
 0004:00000cfc       $pdata$_log_special_common 000000018001bcfc     libucrt:log_special.obj
 0004:00000d08       $pdata$??$?RV<lambda_bfedae4ebbf01fab1bb6dcc6a9e276e0>@@AEAV<lambda_2fe9b910cf3cbf4a0ab98a02ba45b3ec>@@V<lambda_237c231691f317818eb88cc1d5d642d6>@@@?$__crt_seh_guarded_call@H@@QEAAH$$QEAV<lambda_bfedae4ebbf01fab1bb6dcc6a9e276e0>@@AEAV<lambda_2fe9b910cf3cbf4a0ab98a02ba45b3ec>@@$$QEAV<lambda_237c231691f317818eb88cc1d5d642d6>@@@Z 000000018001bd08     libucrt:close.obj
 0004:00000d14       $pdata$_close              000000018001bd14     libucrt:close.obj
 0004:00000d20       $pdata$_close_nolock       000000018001bd20     libucrt:close.obj
 0004:00000d2c       $pdata$__dcrt_lowio_initialize_console_output 000000018001bd2c     libucrt:initcon.obj
 0004:00000d38       $pdata$__dcrt_terminate_console_output 000000018001bd38     libucrt:initcon.obj
 0004:00000d50       $pdata$_raise_exc          000000018001bd50     libucrt:fpexcept.obj
 0004:00000d5c       $pdata$_raise_exc_ex       000000018001bd5c     libucrt:fpexcept.obj
 0004:00000d68       $pdata$_set_errno_from_matherr 000000018001bd68     libucrt:fpexcept.obj
 0004:00000d74       $pdata$_clrfp              000000018001bd74     libucrt:fpctrl.obj
 0004:00000d80       $pdata$_ctrlfp             000000018001bd80     libucrt:fpctrl.obj
 0004:00000d8c       $pdata$_set_statfp         000000018001bd8c     libucrt:fpctrl.obj
 0004:00000d98       $pdata$_statfp             000000018001bd98     libucrt:fpctrl.obj
 0004:00000da4       $pdata$?DloadAcquireSectionWriteAccess@@YAXXZ 000000018001bda4     DelayImp:delayhlp.obj
 0004:00000db0       $pdata$?DloadGetSRWLockFunctionPointers@@YAEXZ 000000018001bdb0     DelayImp:delayhlp.obj
 0004:00000dbc       $pdata$?DloadMakePermanentImageCommit@@YAXPEAX_K@Z 000000018001bdbc     DelayImp:delayhlp.obj
 0004:00000dc8       $pdata$?DloadObtainSection@@YAPEAXPEAK0@Z 000000018001bdc8     DelayImp:delayhlp.obj
 0004:00000dd4       $pdata$?DloadProtectSection@@YAXKPEAK@Z 000000018001bdd4     DelayImp:delayhlp.obj
 0004:00000de0       $pdata$?DloadReleaseSectionWriteAccess@@YAXXZ 000000018001bde0     DelayImp:delayhlp.obj
 0004:00000dec       $pdata$__delayLoadHelper2  000000018001bdec     DelayImp:delayhlp.obj
 0004:00000df8       $pdata$_IsNonwritableInCurrentImage 000000018001bdf8     LIBCMT:pesect.obj
 0004:00000e04       $pdata$__GSHandlerCheck    000000018001be04     LIBCMT:_gshandler_.obj
 0004:00000e10       $pdata$__GSHandlerCheckCommon 000000018001be10     LIBCMT:_gshandler_.obj
 0004:00000e34       $pdata$sqrt                000000018001be34     libucrt:sqrt.obj
 0004:00000e4c       $pdata$?fin$0@?0??dllmain_crt_process_attach@@YAHQEAUHINSTANCE__@@QEAX@Z@4HA 000000018001be4c     LIBCMT:dll_dllmain.obj
 0004:00000e58       $pdata$?fin$0@?0??dllmain_crt_process_detach@@YAH_N@Z@4HA 000000018001be58     LIBCMT:dll_dllmain.obj
 0004:00000e64       $pdata$?filt$0@?0??dllmain_dispatch@@YAHQEAUHINSTANCE__@@KQEAX@Z@4HA 000000018001be64     LIBCMT:dll_dllmain.obj
 0004:00000e70       $pdata$__scrt_is_nonwritable_in_current_image$filt$0 000000018001be70     LIBCMT:utility.obj
 0004:00000e7c       $pdata$_query_new_handler$fin$0 000000018001be7c     libucrt:new_handler.obj
 0004:00000e88       $pdata$?filt$0@?0??common_exit@@YAXHW4_crt_exit_cleanup_mode@@W4_crt_exit_return_mode@@@Z@4HA 000000018001be88     libucrt:exit.obj
 0004:00000e94       $pdata$?fin$1@?0??common_exit@@YAXHW4_crt_exit_cleanup_mode@@W4_crt_exit_return_mode@@@Z@4HA 000000018001be94     libucrt:exit.obj
 0004:00000ea0       $pdata$?fin$0@?0???$?RV<lambda_fb3a7dec4e47f37f22dae91bb15c9095>@@AEAV<lambda_698284760c8add0bfb0756c19673e34b>@@V<lambda_dfb8eca1e75fef3034a8fb18dd509707>@@@?$__crt_seh_guarded_call@X@@QEAAX$$QEAV<lambda_fb3a7dec4e47f37f22dae91bb15c9095>@@AEAV<lambda_698284760c8add0bfb0756c19673e34b>@@$$QEAV<lambda_dfb8eca1e75fef3034a8fb18dd509707>@@@Z@4HA 000000018001bea0     libucrt:per_thread_data.obj
 0004:00000ea0       $pdata$?fin$0@?0???$?RV<lambda_99476a1ad63dd22509b5d3e65b0ffc95>@@AEAV<lambda_ad1ced32f4ac17aa236e5ef05d6b3b7c>@@V<lambda_f7424dd8d45958661754dc4f2697e9c3>@@@?$__crt_seh_guarded_call@X@@QEAAX$$QEAV<lambda_99476a1ad63dd22509b5d3e65b0ffc95>@@AEAV<lambda_ad1ced32f4ac17aa236e5ef05d6b3b7c>@@$$QEAV<lambda_f7424dd8d45958661754dc4f2697e9c3>@@@Z@4HA 000000018001bea0     libucrt:mbctype.obj
 0004:00000ea0       $pdata$?fin$0@?0???$?RV<lambda_c36588078e9f5dfd39652860aa6b3aaf>@@AEAV<lambda_ec61778202f4f5fc7e7711acc23c3bca>@@V<lambda_dc9d2797ccde5d239b4a0efae8ebd7db>@@@?$__crt_seh_guarded_call@P6AXH@Z@@QEAAP6AXH@Z$$QEAV<lambda_c36588078e9f5dfd39652860aa6b3aaf>@@AEAV<lambda_ec61778202f4f5fc7e7711acc23c3bca>@@$$QEAV<lambda_dc9d2797ccde5d239b4a0efae8ebd7db>@@@Z@4HA 000000018001bea0     libucrt:signal.obj
 0004:00000ea0       $pdata$?fin$0@?0???$?RV<lambda_72d1df2b273a38828b1ce30cbf4cdab5>@@AEAV<lambda_876a65b173b8412d3a47c70a915b0cf4>@@V<lambda_41932305e351933ebe8f8be3ed8bb5dc>@@@?$__crt_seh_guarded_call@X@@QEAAX$$QEAV<lambda_72d1df2b273a38828b1ce30cbf4cdab5>@@AEAV<lambda_876a65b173b8412d3a47c70a915b0cf4>@@$$QEAV<lambda_41932305e351933ebe8f8be3ed8bb5dc>@@@Z@4HA 000000018001bea0     libucrt:per_thread_data.obj
 0004:00000ea0       $pdata$?fin$0@?0???$?RV<lambda_b8c45f8f788dd370798f47cfe8ac3a86>@@AEAV<lambda_4e60a939b0d047cfe11ddc22648dfba9>@@V<lambda_332c3edc96d0294ec56c57d38c1cdfd5>@@@?$__crt_seh_guarded_call@H@@QEAAH$$QEAV<lambda_b8c45f8f788dd370798f47cfe8ac3a86>@@AEAV<lambda_4e60a939b0d047cfe11ddc22648dfba9>@@$$QEAV<lambda_332c3edc96d0294ec56c57d38c1cdfd5>@@@Z@4HA 000000018001bea0     libucrt:onexit.obj
 0004:00000ea0       $pdata$?fin$0@?0???$?RV<lambda_5e887d1dcbef67a5eb4283622ba103bf>@@AEAV<lambda_4466841279450cc726390878d4a41900>@@V<lambda_341c25c0346d94847f1f3c463c57e077>@@@?$__crt_seh_guarded_call@X@@QEAAX$$QEAV<lambda_5e887d1dcbef67a5eb4283622ba103bf>@@AEAV<lambda_4466841279450cc726390878d4a41900>@@$$QEAV<lambda_341c25c0346d94847f1f3c463c57e077>@@@Z@4HA 000000018001bea0     libucrt:per_thread_data.obj
 0004:00000ea0       $pdata$?fin$0@?0???$?RV<lambda_46352004c1216016012b18bd6f87e700>@@AEAV<lambda_3bd07e1a1191394380780325891bf33f>@@V<lambda_334532d3f185bcaa59b5be82d7d22bff>@@@?$__crt_seh_guarded_call@X@@QEAAX$$QEAV<lambda_46352004c1216016012b18bd6f87e700>@@AEAV<lambda_3bd07e1a1191394380780325891bf33f>@@$$QEAV<lambda_334532d3f185bcaa59b5be82d7d22bff>@@@Z@4HA 000000018001bea0     libucrt:per_thread_data.obj
 0004:00000eac       $pdata$?fin$0@?0???$?RV<lambda_e24bbb7b643b32fcea6fa61b31d4c984>@@AEAV<lambda_275893d493268fdec8709772e3fcec0e>@@V<lambda_9d71df4d7cf3f480f8d633942495c3b0>@@@?$__crt_seh_guarded_call@H@@QEAAH$$QEAV<lambda_e24bbb7b643b32fcea6fa61b31d4c984>@@AEAV<lambda_275893d493268fdec8709772e3fcec0e>@@$$QEAV<lambda_9d71df4d7cf3f480f8d633942495c3b0>@@@Z@4HA 000000018001beac     libucrt:onexit.obj
 0004:00000eb8       $pdata$__acrt_update_thread_multibyte_data$fin$0 000000018001beb8     libucrt:mbctype.obj
 0004:00000ec4       $pdata$raise$fin$0         000000018001bec4     libucrt:signal.obj
 0004:00000ed0       $pdata$__acrt_uninitialize_locale$fin$0 000000018001bed0     libucrt:wsetlocale.obj
 0004:00000ed0       $pdata$__acrt_update_thread_locale_data$fin$0 000000018001bed0     libucrt:locale_refcounting.obj
 0004:00000edc       $pdata$__acrt_lowio_ensure_fh_exists$fin$0 000000018001bedc     libucrt:osfinfo.obj
 0004:00000edc       $pdata$__acrt_initialize_lowio$fin$0 000000018001bedc     libucrt:ioinit.obj
 0004:00000ee8       $pdata$common_flush_all$fin$0 000000018001bee8     libucrt:fflush.obj
 0004:00000ef4       $pdata$common_flush_all$fin$1 000000018001bef4     libucrt:fflush.obj
 0004:00000f00       $pdata$_fcloseall$fin$0    000000018001bf00     libucrt:closeall.obj
 0004:00000f0c       $pdata$?fin$0@?0???$?RV<lambda_b521505b218e5242e90febf6bfebc422>@@AEAV<lambda_6978c1fb23f02e42e1d9e99668cc68aa>@@V<lambda_314360699dd331753a4119843814e9a7>@@@?$__crt_seh_guarded_call@H@@QEAAH$$QEAV<lambda_b521505b218e5242e90febf6bfebc422>@@AEAV<lambda_6978c1fb23f02e42e1d9e99668cc68aa>@@$$QEAV<lambda_314360699dd331753a4119843814e9a7>@@@Z@4HA 000000018001bf0c     libucrt:commit.obj
 0004:00000f0c       $pdata$?fin$0@?0???$?RV<lambda_bfedae4ebbf01fab1bb6dcc6a9e276e0>@@AEAV<lambda_2fe9b910cf3cbf4a0ab98a02ba45b3ec>@@V<lambda_237c231691f317818eb88cc1d5d642d6>@@@?$__crt_seh_guarded_call@H@@QEAAH$$QEAV<lambda_bfedae4ebbf01fab1bb6dcc6a9e276e0>@@AEAV<lambda_2fe9b910cf3cbf4a0ab98a02ba45b3ec>@@$$QEAV<lambda_237c231691f317818eb88cc1d5d642d6>@@@Z@4HA 000000018001bf0c     libucrt:close.obj
 0004:00000f18       $pdata$_write$fin$0        000000018001bf18     libucrt:write.obj
 0004:00000f24       $pdata$fclose$fin$0        000000018001bf24     libucrt:fclose.obj
 0004:00000f30       $pdata$_ctrlfp$filt$0      000000018001bf30     libucrt:fpctrl.obj
 0004:00000f3c       $pdata$_IsNonwritableInCurrentImage$filt$0 000000018001bf3c     LIBCMT:pesect.obj
 0005:00000000       __guard_fids__             000000018001c000     libucrt:initialization.obj
 0005:00000060       __guard_fids___acrt_initialize_ptd 000000018001c060     libucrt:per_thread_data.obj
 0005:00000064       __guard_fids_??$expand_argument_wildcards@D@@YAHQEAD0AEAV?$argument_list@D@?A0xca0879c4@@@Z 000000018001c064     libucrt:argv_wildcards.obj
 0005:00000068       __guard_fids__             000000018001c068     libucrt:locale_initializer.obj
 0005:0000006c       __guard_fids__             000000018001c06c     libucrt:multibyte_initializer.obj
 0005:00000070       __guard_fids__             000000018001c070     libucrt:stdio_initializer.obj
 0005:00000074       __guard_fids__             000000018001c074     libucrt:stdio_initializer.obj
 0005:00000078       __guard_fids__             000000018001c078     libucrt:fma3_initializer.obj
 0005:0000007c       __guard_fids__             000000018001c07c     libucrt:console_output_initializer.obj
 0005:00000080       __guard_fids__             000000018001c080     libcpmt:xthrow.obj
 0005:00000088       __guard_fids__             000000018001c088     libcpmt:xthrow.obj
 0005:00000090       __guard_fids__             000000018001c090     libcpmt:xthrow.obj
 0005:00000098       __guard_fids__             000000018001c098     libcpmt:xthrow.obj
 0005:000000a0       __guard_fids__             000000018001c0a0     libcpmt:xthrow.obj
 0005:000000a8       __guard_fids_?dllmain_crt_process_attach@@YAHQEAUHINSTANCE__@@QEAX@Z 000000018001c0a8     LIBCMT:dll_dllmain.obj
 0005:000000b0       __guard_fids_?dllmain_dispatch@@YAHQEAUHINSTANCE__@@KQEAX@Z 000000018001c0b0     LIBCMT:dll_dllmain.obj
 0005:000000b4       __guard_fids__             000000018001c0b4     LIBCMT:std_type_info_static.obj
 0005:000000b8       __guard_fids__             000000018001c0b8     LIBCMT:throw_bad_alloc.obj
 0005:000000c0       __guard_fids__             000000018001c0c0     LIBCMT:guard_support.obj
 0005:000000c4       __guard_fids___vcrt_initialize_ptd 000000018001c0c4     libvcruntime:per_thread_data.obj
 0006:00000060       $R000000                   000000018001d060     * linker generated manifest res *

 Exports

  ordinal    name

        1    _register_pow_
